Archive member included because of file (symbol)

.\CortexM3\ARM_GCC_493\Debug\Node-Rhinoceros.a(cyfitter_cfg.o)
                              .\CortexM3\ARM_GCC_493\Debug\Cm3Start.o (cyfitter_cfg)
.\CortexM3\ARM_GCC_493\Debug\Node-Rhinoceros.a(CAN_1.o)
                              .\CortexM3\ARM_GCC_493\Debug\main.o (CAN_1_GlobalIntEnable)
.\CortexM3\ARM_GCC_493\Debug\Node-Rhinoceros.a(CAN_1_INT.o)
                              .\CortexM3\ARM_GCC_493\Debug\Node-Rhinoceros.a(CAN_1.o) (CAN_1_ISR)
.\CortexM3\ARM_GCC_493\Debug\Node-Rhinoceros.a(CAN_1_TX_RX_func.o)
                              .\CortexM3\ARM_GCC_493\Debug\can_manager.o (CAN_1_SendMsg)
.\CortexM3\ARM_GCC_493\Debug\Node-Rhinoceros.a(CyLib.o)
                              .\CortexM3\ARM_GCC_493\Debug\Cm3Start.o (CyHalt)
.\CortexM3\ARM_GCC_493\Debug\Node-Rhinoceros.a(cyPm.o)
                              .\CortexM3\ARM_GCC_493\Debug\Node-Rhinoceros.a(CyLib.o) (CyPmReadStatus)
.\CortexM3\ARM_GCC_493\Debug\Node-Rhinoceros.a(CyBootAsmGnu.o)
                              .\CortexM3\ARM_GCC_493\Debug\Node-Rhinoceros.a(cyfitter_cfg.o) (CyDelayCycles)
.\CortexM3\ARM_GCC_493\Debug\Node-Rhinoceros.a(CyFlash.o)
                              .\CortexM3\ARM_GCC_493\Debug\Node-Rhinoceros.a(cyPm.o) (CyFlash_SetWaitCycles)
.\CortexM3\ARM_GCC_493\Debug\Node-Rhinoceros.a(CySpc.o)
                              .\CortexM3\ARM_GCC_493\Debug\Node-Rhinoceros.a(CyFlash.o) (CySpcStart)
d:/programming/cypress/psoc creator/4.0/psoc creator/import/gnu/arm/4.9.3/bin/../lib/gcc/arm-none-eabi/4.9.3/../../../../arm-none-eabi/lib/armv7-m\libg_nano.a(lib_a-errno.o)
                              .\CortexM3\ARM_GCC_493\Debug\Cm3Start.o (__errno)
d:/programming/cypress/psoc creator/4.0/psoc creator/import/gnu/arm/4.9.3/bin/../lib/gcc/arm-none-eabi/4.9.3/../../../../arm-none-eabi/lib/armv7-m\libg_nano.a(lib_a-exit.o)
                              d:/programming/cypress/psoc creator/4.0/psoc creator/import/gnu/arm/4.9.3/bin/../lib/gcc/arm-none-eabi/4.9.3/../../../../arm-none-eabi/lib/armv7-m/crt0.o (exit)
d:/programming/cypress/psoc creator/4.0/psoc creator/import/gnu/arm/4.9.3/bin/../lib/gcc/arm-none-eabi/4.9.3/../../../../arm-none-eabi/lib/armv7-m\libg_nano.a(lib_a-impure.o)
                              d:/programming/cypress/psoc creator/4.0/psoc creator/import/gnu/arm/4.9.3/bin/../lib/gcc/arm-none-eabi/4.9.3/../../../../arm-none-eabi/lib/armv7-m\libg_nano.a(lib_a-exit.o) (_global_impure_ptr)
d:/programming/cypress/psoc creator/4.0/psoc creator/import/gnu/arm/4.9.3/bin/../lib/gcc/arm-none-eabi/4.9.3/../../../../arm-none-eabi/lib/armv7-m\libg_nano.a(lib_a-init.o)
                              d:/programming/cypress/psoc creator/4.0/psoc creator/import/gnu/arm/4.9.3/bin/../lib/gcc/arm-none-eabi/4.9.3/../../../../arm-none-eabi/lib/armv7-m/crt0.o (__libc_init_array)
d:/programming/cypress/psoc creator/4.0/psoc creator/import/gnu/arm/4.9.3/bin/../lib/gcc/arm-none-eabi/4.9.3/../../../../arm-none-eabi/lib/armv7-m\libg_nano.a(lib_a-memcpy.o)
                              .\CortexM3\ARM_GCC_493\Debug\Node-Rhinoceros.a(cyfitter_cfg.o) (memcpy)
d:/programming/cypress/psoc creator/4.0/psoc creator/import/gnu/arm/4.9.3/bin/../lib/gcc/arm-none-eabi/4.9.3/../../../../arm-none-eabi/lib/armv7-m\libg_nano.a(lib_a-memset.o)
                              d:/programming/cypress/psoc creator/4.0/psoc creator/import/gnu/arm/4.9.3/bin/../lib/gcc/arm-none-eabi/4.9.3/../../../../arm-none-eabi/lib/armv7-m/crt0.o (memset)

Allocating common symbols
Common symbol       size              file

dieTemperature      0x2               .\CortexM3\ARM_GCC_493\Debug\Node-Rhinoceros.a(CyFlash.o)

Discarded input sections

 .text          0x00000000        0x0 d:/programming/cypress/psoc creator/4.0/psoc creator/import/gnu/arm/4.9.3/bin/../lib/gcc/arm-none-eabi/4.9.3/armv7-m/crti.o
 .data          0x00000000        0x0 d:/programming/cypress/psoc creator/4.0/psoc creator/import/gnu/arm/4.9.3/bin/../lib/gcc/arm-none-eabi/4.9.3/armv7-m/crti.o
 .bss           0x00000000        0x0 d:/programming/cypress/psoc creator/4.0/psoc creator/import/gnu/arm/4.9.3/bin/../lib/gcc/arm-none-eabi/4.9.3/armv7-m/crti.o
 .data          0x00000000        0x4 d:/programming/cypress/psoc creator/4.0/psoc creator/import/gnu/arm/4.9.3/bin/../lib/gcc/arm-none-eabi/4.9.3/armv7-m/crtbegin.o
 .text          0x00000000       0x74 d:/programming/cypress/psoc creator/4.0/psoc creator/import/gnu/arm/4.9.3/bin/../lib/gcc/arm-none-eabi/4.9.3/../../../../arm-none-eabi/lib/armv7-m/crt0.o
 .data          0x00000000        0x0 d:/programming/cypress/psoc creator/4.0/psoc creator/import/gnu/arm/4.9.3/bin/../lib/gcc/arm-none-eabi/4.9.3/../../../../arm-none-eabi/lib/armv7-m/crt0.o
 .bss           0x00000000        0x0 d:/programming/cypress/psoc creator/4.0/psoc creator/import/gnu/arm/4.9.3/bin/../lib/gcc/arm-none-eabi/4.9.3/../../../../arm-none-eabi/lib/armv7-m/crt0.o
 .ARM.extab     0x00000000        0x0 d:/programming/cypress/psoc creator/4.0/psoc creator/import/gnu/arm/4.9.3/bin/../lib/gcc/arm-none-eabi/4.9.3/../../../../arm-none-eabi/lib/armv7-m/crt0.o
 .ARM.exidx     0x00000000        0x8 d:/programming/cypress/psoc creator/4.0/psoc creator/import/gnu/arm/4.9.3/bin/../lib/gcc/arm-none-eabi/4.9.3/../../../../arm-none-eabi/lib/armv7-m/crt0.o
 .text          0x00000000        0x0 .\CortexM3\ARM_GCC_493\Debug\main.o
 .data          0x00000000        0x0 .\CortexM3\ARM_GCC_493\Debug\main.o
 .bss           0x00000000        0x0 .\CortexM3\ARM_GCC_493\Debug\main.o
 .text          0x00000000        0x0 .\CortexM3\ARM_GCC_493\Debug\can_manager.o
 .data          0x00000000        0x0 .\CortexM3\ARM_GCC_493\Debug\can_manager.o
 .bss           0x00000000        0x0 .\CortexM3\ARM_GCC_493\Debug\can_manager.o
 .text.can_test_receive
                0x00000000       0x10 .\CortexM3\ARM_GCC_493\Debug\can_manager.o
 .text          0x00000000        0x0 .\CortexM3\ARM_GCC_493\Debug\cymetadata.o
 .data          0x00000000        0x0 .\CortexM3\ARM_GCC_493\Debug\cymetadata.o
 .bss           0x00000000        0x0 .\CortexM3\ARM_GCC_493\Debug\cymetadata.o
 .text          0x00000000        0x0 .\CortexM3\ARM_GCC_493\Debug\Cm3Start.o
 .data          0x00000000        0x4 .\CortexM3\ARM_GCC_493\Debug\Cm3Start.o
 .bss           0x00000000        0x0 .\CortexM3\ARM_GCC_493\Debug\Cm3Start.o
 .text._exit    0x00000000        0xc .\CortexM3\ARM_GCC_493\Debug\Cm3Start.o
 .text._sbrk    0x00000000       0x30 .\CortexM3\ARM_GCC_493\Debug\Cm3Start.o
 .text          0x00000000        0x0 .\CortexM3\ARM_GCC_493\Debug\Node-Rhinoceros.a(cyfitter_cfg.o)
 .data          0x00000000        0x0 .\CortexM3\ARM_GCC_493\Debug\Node-Rhinoceros.a(cyfitter_cfg.o)
 .bss           0x00000000        0x0 .\CortexM3\ARM_GCC_493\Debug\Node-Rhinoceros.a(cyfitter_cfg.o)
 .text.SetAnalogRoutingPumps
                0x00000000       0x10 .\CortexM3\ARM_GCC_493\Debug\Node-Rhinoceros.a(cyfitter_cfg.o)
 .text          0x00000000        0x0 .\CortexM3\ARM_GCC_493\Debug\Node-Rhinoceros.a(CAN_1.o)
 .data          0x00000000        0x0 .\CortexM3\ARM_GCC_493\Debug\Node-Rhinoceros.a(CAN_1.o)
 .text.CAN_1_Stop
                0x00000000       0x5c .\CortexM3\ARM_GCC_493\Debug\Node-Rhinoceros.a(CAN_1.o)
 .text.CAN_1_GlobalIntDisable
                0x00000000       0x20 .\CortexM3\ARM_GCC_493\Debug\Node-Rhinoceros.a(CAN_1.o)
 .text.CAN_1_SetOpMode
                0x00000000       0x7c .\CortexM3\ARM_GCC_493\Debug\Node-Rhinoceros.a(CAN_1.o)
 .text.CAN_1_RXRegisterInit
                0x00000000       0x5c .\CortexM3\ARM_GCC_493\Debug\Node-Rhinoceros.a(CAN_1.o)
 .text.CAN_1_GetTXErrorFlag
                0x00000000       0x18 .\CortexM3\ARM_GCC_493\Debug\Node-Rhinoceros.a(CAN_1.o)
 .text.CAN_1_GetRXErrorFlag
                0x00000000       0x18 .\CortexM3\ARM_GCC_493\Debug\Node-Rhinoceros.a(CAN_1.o)
 .text.CAN_1_GetTXErrorCount
                0x00000000        0xc .\CortexM3\ARM_GCC_493\Debug\Node-Rhinoceros.a(CAN_1.o)
 .text.CAN_1_GetRXErrorCount
                0x00000000        0xc .\CortexM3\ARM_GCC_493\Debug\Node-Rhinoceros.a(CAN_1.o)
 .text.CAN_1_GetErrorState
                0x00000000       0x10 .\CortexM3\ARM_GCC_493\Debug\Node-Rhinoceros.a(CAN_1.o)
 .text          0x00000000        0x0 .\CortexM3\ARM_GCC_493\Debug\Node-Rhinoceros.a(CAN_1_INT.o)
 .data          0x00000000        0x0 .\CortexM3\ARM_GCC_493\Debug\Node-Rhinoceros.a(CAN_1_INT.o)
 .bss           0x00000000        0x0 .\CortexM3\ARM_GCC_493\Debug\Node-Rhinoceros.a(CAN_1_INT.o)
 .text          0x00000000        0x0 .\CortexM3\ARM_GCC_493\Debug\Node-Rhinoceros.a(CAN_1_TX_RX_func.o)
 .data          0x00000000        0x0 .\CortexM3\ARM_GCC_493\Debug\Node-Rhinoceros.a(CAN_1_TX_RX_func.o)
 .bss           0x00000000        0x0 .\CortexM3\ARM_GCC_493\Debug\Node-Rhinoceros.a(CAN_1_TX_RX_func.o)
 .text.CAN_1_TxCancel
                0x00000000       0x1c .\CortexM3\ARM_GCC_493\Debug\Node-Rhinoceros.a(CAN_1_TX_RX_func.o)
 .text          0x00000000        0x0 .\CortexM3\ARM_GCC_493\Debug\Node-Rhinoceros.a(CyLib.o)
 .bss           0x00000000       0x1c .\CortexM3\ARM_GCC_493\Debug\Node-Rhinoceros.a(CyLib.o)
 .text.CyUSB_PowerOnCheck
                0x00000000       0x48 .\CortexM3\ARM_GCC_493\Debug\Node-Rhinoceros.a(CyLib.o)
 .text.CyBusClk_Internal_SetDivider
                0x00000000       0x48 .\CortexM3\ARM_GCC_493\Debug\Node-Rhinoceros.a(CyLib.o)
 .text.CyPLL_OUT_Stop
                0x00000000       0x10 .\CortexM3\ARM_GCC_493\Debug\Node-Rhinoceros.a(CyLib.o)
 .text.CyIMO_Stop
                0x00000000       0x1c .\CortexM3\ARM_GCC_493\Debug\Node-Rhinoceros.a(CyLib.o)
 .text.CyIMO_EnableDoubler
                0x00000000       0x10 .\CortexM3\ARM_GCC_493\Debug\Node-Rhinoceros.a(CyLib.o)
 .text.CyIMO_DisableDoubler
                0x00000000       0x10 .\CortexM3\ARM_GCC_493\Debug\Node-Rhinoceros.a(CyLib.o)
 .text.CyMasterClk_SetSource
                0x00000000       0x18 .\CortexM3\ARM_GCC_493\Debug\Node-Rhinoceros.a(CyLib.o)
 .text.CyMasterClk_SetDivider
                0x00000000        0xc .\CortexM3\ARM_GCC_493\Debug\Node-Rhinoceros.a(CyLib.o)
 .text.CyBusClk_SetDivider
                0x00000000       0x70 .\CortexM3\ARM_GCC_493\Debug\Node-Rhinoceros.a(CyLib.o)
 .text.CyUsbClk_SetSource
                0x00000000       0x18 .\CortexM3\ARM_GCC_493\Debug\Node-Rhinoceros.a(CyLib.o)
 .text.CyILO_Start1K
                0x00000000       0x10 .\CortexM3\ARM_GCC_493\Debug\Node-Rhinoceros.a(CyLib.o)
 .text.CyILO_Stop1K
                0x00000000       0x10 .\CortexM3\ARM_GCC_493\Debug\Node-Rhinoceros.a(CyLib.o)
 .text.CyILO_Start100K
                0x00000000       0x10 .\CortexM3\ARM_GCC_493\Debug\Node-Rhinoceros.a(CyLib.o)
 .text.CyILO_Stop100K
                0x00000000       0x10 .\CortexM3\ARM_GCC_493\Debug\Node-Rhinoceros.a(CyLib.o)
 .text.CyPLL_OUT_Start
                0x00000000       0x78 .\CortexM3\ARM_GCC_493\Debug\Node-Rhinoceros.a(CyLib.o)
 .text.CyIMO_Start
                0x00000000       0x60 .\CortexM3\ARM_GCC_493\Debug\Node-Rhinoceros.a(CyLib.o)
 .text.CyILO_Enable33K
                0x00000000       0x10 .\CortexM3\ARM_GCC_493\Debug\Node-Rhinoceros.a(CyLib.o)
 .text.CyILO_Disable33K
                0x00000000       0x10 .\CortexM3\ARM_GCC_493\Debug\Node-Rhinoceros.a(CyLib.o)
 .text.CyILO_SetSource
                0x00000000       0x18 .\CortexM3\ARM_GCC_493\Debug\Node-Rhinoceros.a(CyLib.o)
 .text.CyILO_SetPowerMode
                0x00000000       0x24 .\CortexM3\ARM_GCC_493\Debug\Node-Rhinoceros.a(CyLib.o)
 .text.CyXTAL_32KHZ_Stop
                0x00000000       0x30 .\CortexM3\ARM_GCC_493\Debug\Node-Rhinoceros.a(CyLib.o)
 .text.CyXTAL_32KHZ_ReadStatus
                0x00000000       0x10 .\CortexM3\ARM_GCC_493\Debug\Node-Rhinoceros.a(CyLib.o)
 .text.CyXTAL_Start
                0x00000000       0xac .\CortexM3\ARM_GCC_493\Debug\Node-Rhinoceros.a(CyLib.o)
 .text.CyXTAL_Stop
                0x00000000       0x10 .\CortexM3\ARM_GCC_493\Debug\Node-Rhinoceros.a(CyLib.o)
 .text.CyXTAL_EnableErrStatus
                0x00000000       0x10 .\CortexM3\ARM_GCC_493\Debug\Node-Rhinoceros.a(CyLib.o)
 .text.CyXTAL_DisableErrStatus
                0x00000000       0x10 .\CortexM3\ARM_GCC_493\Debug\Node-Rhinoceros.a(CyLib.o)
 .text.CyXTAL_ReadStatus
                0x00000000       0x18 .\CortexM3\ARM_GCC_493\Debug\Node-Rhinoceros.a(CyLib.o)
 .text.CyXTAL_EnableFaultRecovery
                0x00000000       0x10 .\CortexM3\ARM_GCC_493\Debug\Node-Rhinoceros.a(CyLib.o)
 .text.CyXTAL_DisableFaultRecovery
                0x00000000       0x10 .\CortexM3\ARM_GCC_493\Debug\Node-Rhinoceros.a(CyLib.o)
 .text.CyXTAL_SetStartup
                0x00000000       0x18 .\CortexM3\ARM_GCC_493\Debug\Node-Rhinoceros.a(CyLib.o)
 .text.CyXTAL_SetFbVoltage
                0x00000000       0x18 .\CortexM3\ARM_GCC_493\Debug\Node-Rhinoceros.a(CyLib.o)
 .text.CyXTAL_SetWdVoltage
                0x00000000       0x18 .\CortexM3\ARM_GCC_493\Debug\Node-Rhinoceros.a(CyLib.o)
 .text.CyPLL_OUT_SetPQ
                0x00000000       0x60 .\CortexM3\ARM_GCC_493\Debug\Node-Rhinoceros.a(CyLib.o)
 .text.CyPLL_OUT_SetSource
                0x00000000       0x34 .\CortexM3\ARM_GCC_493\Debug\Node-Rhinoceros.a(CyLib.o)
 .text.CyIMO_SetTrimValue
                0x00000000       0xcc .\CortexM3\ARM_GCC_493\Debug\Node-Rhinoceros.a(CyLib.o)
 .text.CyIMO_SetFreq
                0x00000000       0xf4 .\CortexM3\ARM_GCC_493\Debug\Node-Rhinoceros.a(CyLib.o)
 .text.CyIMO_SetSource
                0x00000000       0x58 .\CortexM3\ARM_GCC_493\Debug\Node-Rhinoceros.a(CyLib.o)
 .text.CySoftwareReset
                0x00000000       0x10 .\CortexM3\ARM_GCC_493\Debug\Node-Rhinoceros.a(CyLib.o)
 .text.CyDelayUs
                0x00000000       0x14 .\CortexM3\ARM_GCC_493\Debug\Node-Rhinoceros.a(CyLib.o)
 .text.CyXTAL_32KHZ_SetPowerMode
                0x00000000       0x84 .\CortexM3\ARM_GCC_493\Debug\Node-Rhinoceros.a(CyLib.o)
 .text.CyXTAL_32KHZ_Start
                0x00000000       0x70 .\CortexM3\ARM_GCC_493\Debug\Node-Rhinoceros.a(CyLib.o)
 .text.CyDelayFreq
                0x00000000       0x4c .\CortexM3\ARM_GCC_493\Debug\Node-Rhinoceros.a(CyLib.o)
 .text.CyWdtStart
                0x00000000       0x40 .\CortexM3\ARM_GCC_493\Debug\Node-Rhinoceros.a(CyLib.o)
 .text.CyWdtClear
                0x00000000        0xc .\CortexM3\ARM_GCC_493\Debug\Node-Rhinoceros.a(CyLib.o)
 .text.CyVdStickyStatus
                0x00000000       0x2c .\CortexM3\ARM_GCC_493\Debug\Node-Rhinoceros.a(CyLib.o)
 .text.CyVdLvDigitEnable
                0x00000000       0x84 .\CortexM3\ARM_GCC_493\Debug\Node-Rhinoceros.a(CyLib.o)
 .text.CyVdLvAnalogEnable
                0x00000000       0x80 .\CortexM3\ARM_GCC_493\Debug\Node-Rhinoceros.a(CyLib.o)
 .text.CyVdLvDigitDisable
                0x00000000       0x30 .\CortexM3\ARM_GCC_493\Debug\Node-Rhinoceros.a(CyLib.o)
 .text.CyVdLvAnalogDisable
                0x00000000       0x28 .\CortexM3\ARM_GCC_493\Debug\Node-Rhinoceros.a(CyLib.o)
 .text.CyVdHvAnalogEnable
                0x00000000       0x54 .\CortexM3\ARM_GCC_493\Debug\Node-Rhinoceros.a(CyLib.o)
 .text.CyVdHvAnalogDisable
                0x00000000       0x20 .\CortexM3\ARM_GCC_493\Debug\Node-Rhinoceros.a(CyLib.o)
 .text.CyVdRealTimeStatus
                0x00000000       0x1c .\CortexM3\ARM_GCC_493\Debug\Node-Rhinoceros.a(CyLib.o)
 .text.CyDisableInts
                0x00000000       0x1c .\CortexM3\ARM_GCC_493\Debug\Node-Rhinoceros.a(CyLib.o)
 .text.CyEnableInts
                0x00000000       0x18 .\CortexM3\ARM_GCC_493\Debug\Node-Rhinoceros.a(CyLib.o)
 .text.CyFlushCache
                0x00000000       0x44 .\CortexM3\ARM_GCC_493\Debug\Node-Rhinoceros.a(CyLib.o)
 .text.CyIntSetSysVector
                0x00000000       0x28 .\CortexM3\ARM_GCC_493\Debug\Node-Rhinoceros.a(CyLib.o)
 .text.CyIntGetSysVector
                0x00000000       0x20 .\CortexM3\ARM_GCC_493\Debug\Node-Rhinoceros.a(CyLib.o)
 .text.CyIntGetVector
                0x00000000       0x24 .\CortexM3\ARM_GCC_493\Debug\Node-Rhinoceros.a(CyLib.o)
 .text.CyIntGetPriority
                0x00000000       0x20 .\CortexM3\ARM_GCC_493\Debug\Node-Rhinoceros.a(CyLib.o)
 .text.CyIntGetState
                0x00000000       0x24 .\CortexM3\ARM_GCC_493\Debug\Node-Rhinoceros.a(CyLib.o)
 .text.CySysTickStop
                0x00000000       0x10 .\CortexM3\ARM_GCC_493\Debug\Node-Rhinoceros.a(CyLib.o)
 .text.CySysTickEnableInterrupt
                0x00000000       0x10 .\CortexM3\ARM_GCC_493\Debug\Node-Rhinoceros.a(CyLib.o)
 .text.CySysTickEnable
                0x00000000       0x18 .\CortexM3\ARM_GCC_493\Debug\Node-Rhinoceros.a(CyLib.o)
 .text.CySysTickDisableInterrupt
                0x00000000       0x10 .\CortexM3\ARM_GCC_493\Debug\Node-Rhinoceros.a(CyLib.o)
 .text.CySysTickSetReload
                0x00000000       0x10 .\CortexM3\ARM_GCC_493\Debug\Node-Rhinoceros.a(CyLib.o)
 .text.CySysTickGetReload
                0x00000000       0x10 .\CortexM3\ARM_GCC_493\Debug\Node-Rhinoceros.a(CyLib.o)
 .text.CySysTickGetValue
                0x00000000       0x10 .\CortexM3\ARM_GCC_493\Debug\Node-Rhinoceros.a(CyLib.o)
 .text.CySysTickSetClockSource
                0x00000000       0x20 .\CortexM3\ARM_GCC_493\Debug\Node-Rhinoceros.a(CyLib.o)
 .text.CySysTickGetClockSource
                0x00000000       0x10 .\CortexM3\ARM_GCC_493\Debug\Node-Rhinoceros.a(CyLib.o)
 .text.CySysTickGetCountFlag
                0x00000000       0x10 .\CortexM3\ARM_GCC_493\Debug\Node-Rhinoceros.a(CyLib.o)
 .text.CySysTickServiceCallbacks
                0x00000000       0x28 .\CortexM3\ARM_GCC_493\Debug\Node-Rhinoceros.a(CyLib.o)
 .text.CySysTickClear
                0x00000000        0xc .\CortexM3\ARM_GCC_493\Debug\Node-Rhinoceros.a(CyLib.o)
 .text.CySysTickInit
                0x00000000       0x58 .\CortexM3\ARM_GCC_493\Debug\Node-Rhinoceros.a(CyLib.o)
 .text.CySysTickStart
                0x00000000       0x1c .\CortexM3\ARM_GCC_493\Debug\Node-Rhinoceros.a(CyLib.o)
 .text.CySysTickSetCallback
                0x00000000       0x10 .\CortexM3\ARM_GCC_493\Debug\Node-Rhinoceros.a(CyLib.o)
 .text.CySysTickGetCallback
                0x00000000       0x10 .\CortexM3\ARM_GCC_493\Debug\Node-Rhinoceros.a(CyLib.o)
 .text.CyGetUniqueId
                0x00000000       0x70 .\CortexM3\ARM_GCC_493\Debug\Node-Rhinoceros.a(CyLib.o)
 .text          0x00000000        0x0 .\CortexM3\ARM_GCC_493\Debug\Node-Rhinoceros.a(cyPm.o)
 .data          0x00000000        0x0 .\CortexM3\ARM_GCC_493\Debug\Node-Rhinoceros.a(cyPm.o)
 .bss           0x00000000       0x44 .\CortexM3\ARM_GCC_493\Debug\Node-Rhinoceros.a(cyPm.o)
 .text.CyPmHibSlpSaveSet
                0x00000000      0x1dc .\CortexM3\ARM_GCC_493\Debug\Node-Rhinoceros.a(cyPm.o)
 .text.CyPmHibSlpRestore
                0x00000000       0xd4 .\CortexM3\ARM_GCC_493\Debug\Node-Rhinoceros.a(cyPm.o)
 .text.CyPmHviLviSaveDisable
                0x00000000       0xa0 .\CortexM3\ARM_GCC_493\Debug\Node-Rhinoceros.a(cyPm.o)
 .text.CyPmHibSaveSet
                0x00000000       0x8c .\CortexM3\ARM_GCC_493\Debug\Node-Rhinoceros.a(cyPm.o)
 .text.CyPmHviLviRestore
                0x00000000       0x48 .\CortexM3\ARM_GCC_493\Debug\Node-Rhinoceros.a(cyPm.o)
 .text.CyPmHibRestore
                0x00000000       0x58 .\CortexM3\ARM_GCC_493\Debug\Node-Rhinoceros.a(cyPm.o)
 .text.CyPmSaveClocks
                0x00000000      0x218 .\CortexM3\ARM_GCC_493\Debug\Node-Rhinoceros.a(cyPm.o)
 .text.CyPmRestoreClocks
                0x00000000      0x24c .\CortexM3\ARM_GCC_493\Debug\Node-Rhinoceros.a(cyPm.o)
 .text.CyPmAltAct
                0x00000000       0x6c .\CortexM3\ARM_GCC_493\Debug\Node-Rhinoceros.a(cyPm.o)
 .text.CyPmSleep
                0x00000000       0xf4 .\CortexM3\ARM_GCC_493\Debug\Node-Rhinoceros.a(cyPm.o)
 .text.CyPmHibernateEx
                0x00000000       0xf4 .\CortexM3\ARM_GCC_493\Debug\Node-Rhinoceros.a(cyPm.o)
 .text.CyPmHibernate
                0x00000000        0xc .\CortexM3\ARM_GCC_493\Debug\Node-Rhinoceros.a(cyPm.o)
 .text.CyPmReadStatus
                0x00000000       0x30 .\CortexM3\ARM_GCC_493\Debug\Node-Rhinoceros.a(cyPm.o)
 .text.CyPmCtwSetInterval
                0x00000000       0x5c .\CortexM3\ARM_GCC_493\Debug\Node-Rhinoceros.a(cyPm.o)
 .text.CyPmOppsSet
                0x00000000       0x2c .\CortexM3\ARM_GCC_493\Debug\Node-Rhinoceros.a(cyPm.o)
 .text.CyPmFtwSetInterval
                0x00000000       0x5c .\CortexM3\ARM_GCC_493\Debug\Node-Rhinoceros.a(cyPm.o)
 .rodata        0x00000000       0x10 .\CortexM3\ARM_GCC_493\Debug\Node-Rhinoceros.a(cyPm.o)
 .data          0x00000000        0x0 .\CortexM3\ARM_GCC_493\Debug\Node-Rhinoceros.a(CyBootAsmGnu.o)
 .bss           0x00000000        0x0 .\CortexM3\ARM_GCC_493\Debug\Node-Rhinoceros.a(CyBootAsmGnu.o)
 .text          0x00000000        0x0 .\CortexM3\ARM_GCC_493\Debug\Node-Rhinoceros.a(CyFlash.o)
 .data          0x00000000        0x0 .\CortexM3\ARM_GCC_493\Debug\Node-Rhinoceros.a(CyFlash.o)
 .bss           0x00000000        0x4 .\CortexM3\ARM_GCC_493\Debug\Node-Rhinoceros.a(CyFlash.o)
 .text.CyFlashGetSpcAlgorithm
                0x00000000       0x4c .\CortexM3\ARM_GCC_493\Debug\Node-Rhinoceros.a(CyFlash.o)
 .text.CySetTempInt
                0x00000000       0x60 .\CortexM3\ARM_GCC_493\Debug\Node-Rhinoceros.a(CyFlash.o)
 .text.CyFlash_Start
                0x00000000       0x54 .\CortexM3\ARM_GCC_493\Debug\Node-Rhinoceros.a(CyFlash.o)
 .text.CyFlash_Stop
                0x00000000       0x24 .\CortexM3\ARM_GCC_493\Debug\Node-Rhinoceros.a(CyFlash.o)
 .text.CySetTemp
                0x00000000       0x14 .\CortexM3\ARM_GCC_493\Debug\Node-Rhinoceros.a(CyFlash.o)
 .text.CySetFlashEEBuffer
                0x00000000       0x28 .\CortexM3\ARM_GCC_493\Debug\Node-Rhinoceros.a(CyFlash.o)
 .text.CyWriteRowFull
                0x00000000       0xf8 .\CortexM3\ARM_GCC_493\Debug\Node-Rhinoceros.a(CyFlash.o)
 .text.CyWriteRowData
                0x00000000       0x14 .\CortexM3\ARM_GCC_493\Debug\Node-Rhinoceros.a(CyFlash.o)
 .text.CyFlash_SetWaitCycles
                0x00000000       0x7c .\CortexM3\ARM_GCC_493\Debug\Node-Rhinoceros.a(CyFlash.o)
 .text.CyEEPROM_Start
                0x00000000       0x54 .\CortexM3\ARM_GCC_493\Debug\Node-Rhinoceros.a(CyFlash.o)
 .text.CyEEPROM_Stop
                0x00000000       0x24 .\CortexM3\ARM_GCC_493\Debug\Node-Rhinoceros.a(CyFlash.o)
 .text.CyEEPROM_ReadReserve
                0x00000000       0x1c .\CortexM3\ARM_GCC_493\Debug\Node-Rhinoceros.a(CyFlash.o)
 .text.CyEEPROM_ReadRelease
                0x00000000       0x10 .\CortexM3\ARM_GCC_493\Debug\Node-Rhinoceros.a(CyFlash.o)
 COMMON         0x00000000        0x2 .\CortexM3\ARM_GCC_493\Debug\Node-Rhinoceros.a(CyFlash.o)
 .text          0x00000000        0x0 .\CortexM3\ARM_GCC_493\Debug\Node-Rhinoceros.a(CySpc.o)
 .data          0x00000000        0x0 .\CortexM3\ARM_GCC_493\Debug\Node-Rhinoceros.a(CySpc.o)
 .bss           0x00000000        0x8 .\CortexM3\ARM_GCC_493\Debug\Node-Rhinoceros.a(CySpc.o)
 .text.CySpcStart
                0x00000000       0x24 .\CortexM3\ARM_GCC_493\Debug\Node-Rhinoceros.a(CySpc.o)
 .text.CySpcStop
                0x00000000       0x24 .\CortexM3\ARM_GCC_493\Debug\Node-Rhinoceros.a(CySpc.o)
 .text.CySpcReadData
                0x00000000       0x34 .\CortexM3\ARM_GCC_493\Debug\Node-Rhinoceros.a(CySpc.o)
 .text.CySpcLoadMultiByte
                0x00000000       0x78 .\CortexM3\ARM_GCC_493\Debug\Node-Rhinoceros.a(CySpc.o)
 .text.CySpcLoadRow
                0x00000000       0x54 .\CortexM3\ARM_GCC_493\Debug\Node-Rhinoceros.a(CySpc.o)
 .text.CySpcLoadRowFull
                0x00000000       0x80 .\CortexM3\ARM_GCC_493\Debug\Node-Rhinoceros.a(CySpc.o)
 .text.CySpcWriteRow
                0x00000000       0x4c .\CortexM3\ARM_GCC_493\Debug\Node-Rhinoceros.a(CySpc.o)
 .text.CySpcEraseSector
                0x00000000       0x3c .\CortexM3\ARM_GCC_493\Debug\Node-Rhinoceros.a(CySpc.o)
 .text.CySpcGetTemp
                0x00000000       0x3c .\CortexM3\ARM_GCC_493\Debug\Node-Rhinoceros.a(CySpc.o)
 .text.CySpcLock
                0x00000000       0x4c .\CortexM3\ARM_GCC_493\Debug\Node-Rhinoceros.a(CySpc.o)
 .text.CySpcUnlock
                0x00000000       0x38 .\CortexM3\ARM_GCC_493\Debug\Node-Rhinoceros.a(CySpc.o)
 .text.CySpcGetAlgorithm
                0x00000000       0x28 .\CortexM3\ARM_GCC_493\Debug\Node-Rhinoceros.a(CySpc.o)
 .text          0x00000000        0x0 d:/programming/cypress/psoc creator/4.0/psoc creator/import/gnu/arm/4.9.3/bin/../lib/gcc/arm-none-eabi/4.9.3/../../../../arm-none-eabi/lib/armv7-m\libg_nano.a(lib_a-errno.o)
 .data          0x00000000        0x0 d:/programming/cypress/psoc creator/4.0/psoc creator/import/gnu/arm/4.9.3/bin/../lib/gcc/arm-none-eabi/4.9.3/../../../../arm-none-eabi/lib/armv7-m\libg_nano.a(lib_a-errno.o)
 .bss           0x00000000        0x0 d:/programming/cypress/psoc creator/4.0/psoc creator/import/gnu/arm/4.9.3/bin/../lib/gcc/arm-none-eabi/4.9.3/../../../../arm-none-eabi/lib/armv7-m\libg_nano.a(lib_a-errno.o)
 .text          0x00000000        0x0 d:/programming/cypress/psoc creator/4.0/psoc creator/import/gnu/arm/4.9.3/bin/../lib/gcc/arm-none-eabi/4.9.3/../../../../arm-none-eabi/lib/armv7-m\libg_nano.a(lib_a-exit.o)
 .data          0x00000000        0x0 d:/programming/cypress/psoc creator/4.0/psoc creator/import/gnu/arm/4.9.3/bin/../lib/gcc/arm-none-eabi/4.9.3/../../../../arm-none-eabi/lib/armv7-m\libg_nano.a(lib_a-exit.o)
 .bss           0x00000000        0x0 d:/programming/cypress/psoc creator/4.0/psoc creator/import/gnu/arm/4.9.3/bin/../lib/gcc/arm-none-eabi/4.9.3/../../../../arm-none-eabi/lib/armv7-m\libg_nano.a(lib_a-exit.o)
 .text.exit     0x00000000       0x28 d:/programming/cypress/psoc creator/4.0/psoc creator/import/gnu/arm/4.9.3/bin/../lib/gcc/arm-none-eabi/4.9.3/../../../../arm-none-eabi/lib/armv7-m\libg_nano.a(lib_a-exit.o)
 .text          0x00000000        0x0 d:/programming/cypress/psoc creator/4.0/psoc creator/import/gnu/arm/4.9.3/bin/../lib/gcc/arm-none-eabi/4.9.3/../../../../arm-none-eabi/lib/armv7-m\libg_nano.a(lib_a-impure.o)
 .data          0x00000000        0x0 d:/programming/cypress/psoc creator/4.0/psoc creator/import/gnu/arm/4.9.3/bin/../lib/gcc/arm-none-eabi/4.9.3/../../../../arm-none-eabi/lib/armv7-m\libg_nano.a(lib_a-impure.o)
 .bss           0x00000000        0x0 d:/programming/cypress/psoc creator/4.0/psoc creator/import/gnu/arm/4.9.3/bin/../lib/gcc/arm-none-eabi/4.9.3/../../../../arm-none-eabi/lib/armv7-m\libg_nano.a(lib_a-impure.o)
 .rodata._global_impure_ptr
                0x00000000        0x4 d:/programming/cypress/psoc creator/4.0/psoc creator/import/gnu/arm/4.9.3/bin/../lib/gcc/arm-none-eabi/4.9.3/../../../../arm-none-eabi/lib/armv7-m\libg_nano.a(lib_a-impure.o)
 .text          0x00000000        0x0 d:/programming/cypress/psoc creator/4.0/psoc creator/import/gnu/arm/4.9.3/bin/../lib/gcc/arm-none-eabi/4.9.3/../../../../arm-none-eabi/lib/armv7-m\libg_nano.a(lib_a-init.o)
 .data          0x00000000        0x0 d:/programming/cypress/psoc creator/4.0/psoc creator/import/gnu/arm/4.9.3/bin/../lib/gcc/arm-none-eabi/4.9.3/../../../../arm-none-eabi/lib/armv7-m\libg_nano.a(lib_a-init.o)
 .bss           0x00000000        0x0 d:/programming/cypress/psoc creator/4.0/psoc creator/import/gnu/arm/4.9.3/bin/../lib/gcc/arm-none-eabi/4.9.3/../../../../arm-none-eabi/lib/armv7-m\libg_nano.a(lib_a-init.o)
 .text          0x00000000        0x0 d:/programming/cypress/psoc creator/4.0/psoc creator/import/gnu/arm/4.9.3/bin/../lib/gcc/arm-none-eabi/4.9.3/../../../../arm-none-eabi/lib/armv7-m\libg_nano.a(lib_a-memcpy.o)
 .data          0x00000000        0x0 d:/programming/cypress/psoc creator/4.0/psoc creator/import/gnu/arm/4.9.3/bin/../lib/gcc/arm-none-eabi/4.9.3/../../../../arm-none-eabi/lib/armv7-m\libg_nano.a(lib_a-memcpy.o)
 .bss           0x00000000        0x0 d:/programming/cypress/psoc creator/4.0/psoc creator/import/gnu/arm/4.9.3/bin/../lib/gcc/arm-none-eabi/4.9.3/../../../../arm-none-eabi/lib/armv7-m\libg_nano.a(lib_a-memcpy.o)
 .text          0x00000000        0x0 d:/programming/cypress/psoc creator/4.0/psoc creator/import/gnu/arm/4.9.3/bin/../lib/gcc/arm-none-eabi/4.9.3/../../../../arm-none-eabi/lib/armv7-m\libg_nano.a(lib_a-memset.o)
 .data          0x00000000        0x0 d:/programming/cypress/psoc creator/4.0/psoc creator/import/gnu/arm/4.9.3/bin/../lib/gcc/arm-none-eabi/4.9.3/../../../../arm-none-eabi/lib/armv7-m\libg_nano.a(lib_a-memset.o)
 .bss           0x00000000        0x0 d:/programming/cypress/psoc creator/4.0/psoc creator/import/gnu/arm/4.9.3/bin/../lib/gcc/arm-none-eabi/4.9.3/../../../../arm-none-eabi/lib/armv7-m\libg_nano.a(lib_a-memset.o)
 .text          0x00000000        0x0 d:/programming/cypress/psoc creator/4.0/psoc creator/import/gnu/arm/4.9.3/bin/../lib/gcc/arm-none-eabi/4.9.3/armv7-m/crtend.o
 .data          0x00000000        0x0 d:/programming/cypress/psoc creator/4.0/psoc creator/import/gnu/arm/4.9.3/bin/../lib/gcc/arm-none-eabi/4.9.3/armv7-m/crtend.o
 .bss           0x00000000        0x0 d:/programming/cypress/psoc creator/4.0/psoc creator/import/gnu/arm/4.9.3/bin/../lib/gcc/arm-none-eabi/4.9.3/armv7-m/crtend.o
 .text          0x00000000        0x0 d:/programming/cypress/psoc creator/4.0/psoc creator/import/gnu/arm/4.9.3/bin/../lib/gcc/arm-none-eabi/4.9.3/armv7-m/crtn.o
 .data          0x00000000        0x0 d:/programming/cypress/psoc creator/4.0/psoc creator/import/gnu/arm/4.9.3/bin/../lib/gcc/arm-none-eabi/4.9.3/armv7-m/crtn.o
 .bss           0x00000000        0x0 d:/programming/cypress/psoc creator/4.0/psoc creator/import/gnu/arm/4.9.3/bin/../lib/gcc/arm-none-eabi/4.9.3/armv7-m/crtn.o

Memory Configuration

Name             Origin             Length             Attributes
rom              0x00000000         0x00040000         xr
ram              0x1fff8000         0x00010000         xrw
*default*        0x00000000         0xffffffff

Linker script and memory map

LOAD d:/programming/cypress/psoc creator/4.0/psoc creator/import/gnu/arm/4.9.3/bin/../lib/gcc/arm-none-eabi/4.9.3/armv7-m/crti.o
LOAD d:/programming/cypress/psoc creator/4.0/psoc creator/import/gnu/arm/4.9.3/bin/../lib/gcc/arm-none-eabi/4.9.3/armv7-m/crtbegin.o
LOAD d:/programming/cypress/psoc creator/4.0/psoc creator/import/gnu/arm/4.9.3/bin/../lib/gcc/arm-none-eabi/4.9.3/../../../../arm-none-eabi/lib/armv7-m/crt0.o
START GROUP
LOAD .\CortexM3\ARM_GCC_493\Debug\main.o
LOAD .\CortexM3\ARM_GCC_493\Debug\can_manager.o
LOAD .\CortexM3\ARM_GCC_493\Debug\cymetadata.o
LOAD .\CortexM3\ARM_GCC_493\Debug\Cm3Start.o
LOAD .\CortexM3\ARM_GCC_493\Debug\Node-Rhinoceros.a
LOAD D:\Programming\Cypress\PSoC Creator\4.0\PSoC Creator\psoc\content\cycomponentlibrary\CyComponentLibrary.cylib\CortexM3\ARM_GCC_493\Debug\CyComponentLibrary.a
END GROUP
START GROUP
LOAD d:/programming/cypress/psoc creator/4.0/psoc creator/import/gnu/arm/4.9.3/bin/../lib/gcc/arm-none-eabi/4.9.3/armv7-m\libgcc.a
LOAD d:/programming/cypress/psoc creator/4.0/psoc creator/import/gnu/arm/4.9.3/bin/../lib/gcc/arm-none-eabi/4.9.3/../../../../arm-none-eabi/lib/armv7-m\libg_nano.a
LOAD d:/programming/cypress/psoc creator/4.0/psoc creator/import/gnu/arm/4.9.3/bin/../lib/gcc/arm-none-eabi/4.9.3/../../../../arm-none-eabi/lib/armv7-m\libc_nano.a
END GROUP
START GROUP
LOAD d:/programming/cypress/psoc creator/4.0/psoc creator/import/gnu/arm/4.9.3/bin/../lib/gcc/arm-none-eabi/4.9.3/armv7-m\libgcc.a
LOAD d:/programming/cypress/psoc creator/4.0/psoc creator/import/gnu/arm/4.9.3/bin/../lib/gcc/arm-none-eabi/4.9.3/../../../../arm-none-eabi/lib/armv7-m\libc_nano.a
END GROUP
LOAD d:/programming/cypress/psoc creator/4.0/psoc creator/import/gnu/arm/4.9.3/bin/../lib/gcc/arm-none-eabi/4.9.3/armv7-m/crtend.o
LOAD d:/programming/cypress/psoc creator/4.0/psoc creator/import/gnu/arm/4.9.3/bin/../lib/gcc/arm-none-eabi/4.9.3/armv7-m/crtn.o
START GROUP
LOAD d:/programming/cypress/psoc creator/4.0/psoc creator/import/gnu/arm/4.9.3/bin/../lib/gcc/arm-none-eabi/4.9.3/armv7-m\libgcc.a
LOAD d:/programming/cypress/psoc creator/4.0/psoc creator/import/gnu/arm/4.9.3/bin/../lib/gcc/arm-none-eabi/4.9.3/../../../../arm-none-eabi/lib/armv7-m\libc.a
LOAD d:/programming/cypress/psoc creator/4.0/psoc creator/import/gnu/arm/4.9.3/bin/../lib/gcc/arm-none-eabi/4.9.3/../../../../arm-none-eabi/lib/armv7-m\libnosys.a
END GROUP
                0x00000000                CY_APPL_ORIGIN = 0x0
                0x00000100                CY_FLASH_ROW_SIZE = 0x100
                0x00000020                CY_ECC_ROW_SIZE = 0x20
                0x00000000                CY_EE_IN_BTLDR = 0x0
                0x00000000                CY_APPL_LOADABLE = 0x0
                0x00000800                CY_EE_SIZE = 0x800
                0x00000001                CY_APPL_NUM = 0x1
                0x00000001                CY_APPL_MAX = 0x1
                0x00000040                CY_METADATA_SIZE = 0x40
                0x00000000                CY_APPL_LOADABLE = 0x0
                0x00000000                CY_CHECKSUM_EXCLUDE_SIZE = ALIGN (0x0, CY_FLASH_ROW_SIZE)
                0x1fff81a0                PROVIDE (__cy_heap_start, _end)
                0x00000001                PROVIDE (__cy_region_num, ((__cy_regions_end - __cy_regions) / 0x10))
                0x20008000                PROVIDE (__cy_stack, (ORIGIN (ram) + 0x10000))
                0x20007800                PROVIDE (__cy_heap_end, (__cy_stack - 0x800))

.cybootloader   0x00000000        0x0
 *(.cybootloader)
                0x00000000                appl1_start = CY_APPL_ORIGIN?CY_APPL_ORIGIN:ALIGN (CY_FLASH_ROW_SIZE)
                0x0001ff00                appl2_start = (appl1_start + ALIGN ((((0x40000 - appl1_start) - (0x2 * CY_FLASH_ROW_SIZE)) / 0x2), CY_FLASH_ROW_SIZE))
                0x00000000                appl_start = (CY_APPL_NUM == 0x1)?appl1_start:appl2_start
                0x00000000                ecc_offset = ((appl_start / CY_FLASH_ROW_SIZE) * CY_ECC_ROW_SIZE)
                0x00000000                ee_offset = (CY_APPL_LOADABLE && ! (CY_EE_IN_BTLDR))?((CY_EE_SIZE / CY_APPL_MAX) * (CY_APPL_NUM - 0x1)):0x0
                0x00000800                ee_size = (CY_APPL_LOADABLE && ! (CY_EE_IN_BTLDR))?(CY_EE_SIZE / CY_APPL_MAX):CY_EE_SIZE
                0x00000000                PROVIDE (CY_ECC_OFFSET, ecc_offset)

.text           0x00000000      0xa7e
 CREATE_OBJECT_SYMBOLS
                0x00000000                PROVIDE (__cy_interrupt_vector, RomVectors)
 *(.romvectors)
 .romvectors    0x00000000       0x10 .\CortexM3\ARM_GCC_493\Debug\Cm3Start.o
                0x00000000                RomVectors
                0x00000001                ASSERT ((. != __cy_interrupt_vector), No interrupt vector)
                0x00000001                ASSERT (CY_APPL_ORIGIN?(SIZEOF (.cybootloader) <= CY_APPL_ORIGIN):0x1, Wrong image location)
                0x00000010                PROVIDE (__cy_reset, Reset)
 *(.text.Reset)
 .text.Reset    0x00000010       0x18 .\CortexM3\ARM_GCC_493\Debug\Cm3Start.o
                0x00000010                Reset
                0x00000001                ASSERT ((. != __cy_reset), No reset code)
 *(.dma_init)
                0x00000001                ASSERT ((((appl_start + .) <= 0x10000) || 0x1), DMA Init must be within the first 64k of flash)
 *(.text .text.* .gnu.linkonce.t.*)
 .text          0x00000028       0x5c d:/programming/cypress/psoc creator/4.0/psoc creator/import/gnu/arm/4.9.3/bin/../lib/gcc/arm-none-eabi/4.9.3/armv7-m/crtbegin.o
 .text.main     0x00000084       0x34 .\CortexM3\ARM_GCC_493\Debug\main.o
                0x00000084                main
 .text.can_test_send
                0x000000b8       0x44 .\CortexM3\ARM_GCC_493\Debug\can_manager.o
                0x000000b8                can_test_send
 .text.IntDefaultHandler
                0x000000fc       0x10 .\CortexM3\ARM_GCC_493\Debug\Cm3Start.o
                0x000000fc                IntDefaultHandler
 .text.Start_c  0x0000010c       0x4c .\CortexM3\ARM_GCC_493\Debug\Cm3Start.o
                0x0000010c                Start_c
 .text.initialize_psoc
                0x00000158       0x74 .\CortexM3\ARM_GCC_493\Debug\Cm3Start.o
                0x00000158                initialize_psoc
 .text.CyClockStartupError
                0x000001cc        0x4 .\CortexM3\ARM_GCC_493\Debug\Node-Rhinoceros.a(cyfitter_cfg.o)
 .text.cfg_write_bytes32
                0x000001d0       0x34 .\CortexM3\ARM_GCC_493\Debug\Node-Rhinoceros.a(cyfitter_cfg.o)
 .text.AnalogSetDefault
                0x00000204       0x28 .\CortexM3\ARM_GCC_493\Debug\Node-Rhinoceros.a(cyfitter_cfg.o)
 .text.CYMEMZERO
                0x0000022c        0xc .\CortexM3\ARM_GCC_493\Debug\Node-Rhinoceros.a(cyfitter_cfg.o)
 .text.ClockSetup
                0x00000238       0x9c .\CortexM3\ARM_GCC_493\Debug\Node-Rhinoceros.a(cyfitter_cfg.o)
 .text.CYCONFIGCPY
                0x000002d4        0x8 .\CortexM3\ARM_GCC_493\Debug\Node-Rhinoceros.a(cyfitter_cfg.o)
 .text.cyfitter_cfg
                0x000002dc       0xec .\CortexM3\ARM_GCC_493\Debug\Node-Rhinoceros.a(cyfitter_cfg.o)
                0x000002dc                cyfitter_cfg
 .text.CAN_1_GlobalIntEnable
                0x000003c8       0x20 .\CortexM3\ARM_GCC_493\Debug\Node-Rhinoceros.a(CAN_1.o)
                0x000003c8                CAN_1_GlobalIntEnable
 .text.CAN_1_Enable
                0x000003e8       0x6c .\CortexM3\ARM_GCC_493\Debug\Node-Rhinoceros.a(CAN_1.o)
                0x000003e8                CAN_1_Enable
 .text.CAN_1_SetPreScaler
                0x00000454       0x24 .\CortexM3\ARM_GCC_493\Debug\Node-Rhinoceros.a(CAN_1.o)
                0x00000454                CAN_1_SetPreScaler
 .text.CAN_1_SetArbiter
                0x00000478       0x3c .\CortexM3\ARM_GCC_493\Debug\Node-Rhinoceros.a(CAN_1.o)
                0x00000478                CAN_1_SetArbiter
 .text.CAN_1_SetTsegSample
                0x000004b4       0x84 .\CortexM3\ARM_GCC_493\Debug\Node-Rhinoceros.a(CAN_1.o)
                0x000004b4                CAN_1_SetTsegSample
 .text.CAN_1_SetRestartType
                0x00000538       0x3c .\CortexM3\ARM_GCC_493\Debug\Node-Rhinoceros.a(CAN_1.o)
                0x00000538                CAN_1_SetRestartType
 .text.CAN_1_SetEdgeMode
                0x00000574       0x3c .\CortexM3\ARM_GCC_493\Debug\Node-Rhinoceros.a(CAN_1.o)
                0x00000574                CAN_1_SetEdgeMode
 .text.CAN_1_SetIrqMask
                0x000005b0       0x18 .\CortexM3\ARM_GCC_493\Debug\Node-Rhinoceros.a(CAN_1.o)
                0x000005b0                CAN_1_SetIrqMask
 .text.CAN_1_RxBufConfig
                0x000005c8       0x90 .\CortexM3\ARM_GCC_493\Debug\Node-Rhinoceros.a(CAN_1.o)
                0x000005c8                CAN_1_RxBufConfig
 .text.CAN_1_TxBufConfig
                0x00000658       0x54 .\CortexM3\ARM_GCC_493\Debug\Node-Rhinoceros.a(CAN_1.o)
                0x00000658                CAN_1_TxBufConfig
 .text.CAN_1_RxTxBuffersConfig
                0x000006ac       0x50 .\CortexM3\ARM_GCC_493\Debug\Node-Rhinoceros.a(CAN_1.o)
                0x000006ac                CAN_1_RxTxBuffersConfig
 .text.CAN_1_Init
                0x000006fc       0xe4 .\CortexM3\ARM_GCC_493\Debug\Node-Rhinoceros.a(CAN_1.o)
                0x000006fc                CAN_1_Init
 .text.CAN_1_Start
                0x000007e0       0x24 .\CortexM3\ARM_GCC_493\Debug\Node-Rhinoceros.a(CAN_1.o)
                0x000007e0                CAN_1_Start
 .text.CAN_1_MsgRXIsr
                0x00000804       0x44 .\CortexM3\ARM_GCC_493\Debug\Node-Rhinoceros.a(CAN_1_INT.o)
                0x00000804                CAN_1_MsgRXIsr
 .text.CAN_1_ISR
                0x00000848       0x18 .\CortexM3\ARM_GCC_493\Debug\Node-Rhinoceros.a(CAN_1_INT.o)
                0x00000848                CAN_1_ISR
 .text.CAN_1_SendMsg
                0x00000860       0xd8 .\CortexM3\ARM_GCC_493\Debug\Node-Rhinoceros.a(CAN_1_TX_RX_func.o)
                0x00000860                CAN_1_SendMsg
 .text.CAN_1_ReceiveMsg
                0x00000938       0x1c .\CortexM3\ARM_GCC_493\Debug\Node-Rhinoceros.a(CAN_1_TX_RX_func.o)
                0x00000938                CAN_1_ReceiveMsg
 .text.CyHalt   0x00000954        0x4 .\CortexM3\ARM_GCC_493\Debug\Node-Rhinoceros.a(CyLib.o)
                0x00000954                CyHalt
 .text.CyDelay  0x00000958       0x2c .\CortexM3\ARM_GCC_493\Debug\Node-Rhinoceros.a(CyLib.o)
                0x00000958                CyDelay
 .text.CyIntSetVector
                0x00000984       0x28 .\CortexM3\ARM_GCC_493\Debug\Node-Rhinoceros.a(CyLib.o)
                0x00000984                CyIntSetVector
 .text.CyIntSetPriority
                0x000009ac       0x30 .\CortexM3\ARM_GCC_493\Debug\Node-Rhinoceros.a(CyLib.o)
                0x000009ac                CyIntSetPriority
 *fill*         0x000009dc        0x4 
 .text          0x000009e0       0x20 .\CortexM3\ARM_GCC_493\Debug\Node-Rhinoceros.a(CyBootAsmGnu.o)
                0x000009e0                CyDelayCycles
                0x000009f0                CyEnterCriticalSection
                0x000009f8                CyExitCriticalSection
 .text.__errno  0x00000a00        0xc d:/programming/cypress/psoc creator/4.0/psoc creator/import/gnu/arm/4.9.3/bin/../lib/gcc/arm-none-eabi/4.9.3/../../../../arm-none-eabi/lib/armv7-m\libg_nano.a(lib_a-errno.o)
                0x00000a00                __errno
 .text.__libc_init_array
                0x00000a0c       0x4c d:/programming/cypress/psoc creator/4.0/psoc creator/import/gnu/arm/4.9.3/bin/../lib/gcc/arm-none-eabi/4.9.3/../../../../arm-none-eabi/lib/armv7-m\libg_nano.a(lib_a-init.o)
                0x00000a0c                __libc_init_array
 .text.memcpy   0x00000a58       0x16 d:/programming/cypress/psoc creator/4.0/psoc creator/import/gnu/arm/4.9.3/bin/../lib/gcc/arm-none-eabi/4.9.3/../../../../arm-none-eabi/lib/armv7-m\libg_nano.a(lib_a-memcpy.o)
                0x00000a58                memcpy
 .text.memset   0x00000a6e       0x10 d:/programming/cypress/psoc creator/4.0/psoc creator/import/gnu/arm/4.9.3/bin/../lib/gcc/arm-none-eabi/4.9.3/../../../../arm-none-eabi/lib/armv7-m\libg_nano.a(lib_a-memset.o)
                0x00000a6e                memset
 *(.plt)
 *(.gnu.warning)
 *(.glue_7t)
 .glue_7t       0x00000000        0x0 linker stubs
 *(.glue_7)
 .glue_7        0x00000000        0x0 linker stubs
 *(.vfp11_veneer)
 .vfp11_veneer  0x00000000        0x0 linker stubs
 *(.bootloader)
 *(.ARM.extab* .gnu.linkonce.armextab.*)
 *(.gcc_except_table)

.v4_bx          0x00000a80        0x0
 .v4_bx         0x00000000        0x0 linker stubs

.iplt           0x00000a80        0x0
 .iplt          0x00000000        0x0 d:/programming/cypress/psoc creator/4.0/psoc creator/import/gnu/arm/4.9.3/bin/../lib/gcc/arm-none-eabi/4.9.3/armv7-m/crtbegin.o

.eh_frame_hdr
 *(.eh_frame_hdr)

.eh_frame       0x00000a80        0x4
 *(.eh_frame)
 .eh_frame      0x00000a80        0x0 d:/programming/cypress/psoc creator/4.0/psoc creator/import/gnu/arm/4.9.3/bin/../lib/gcc/arm-none-eabi/4.9.3/armv7-m/crtbegin.o
 .eh_frame      0x00000a80        0x4 d:/programming/cypress/psoc creator/4.0/psoc creator/import/gnu/arm/4.9.3/bin/../lib/gcc/arm-none-eabi/4.9.3/armv7-m/crtend.o
                0x00000a84                PROVIDE (__exidx_start, .)

.ARM.exidx
 *(.ARM.exidx* .gnu.linkonce.armexidx.*)
                0x00000a84                __exidx_end = .

.rodata         0x00000a84      0x1d4
 *(.rodata .rodata.* .gnu.linkonce.r.*)
 .rodata        0x00000a84       0x38 .\CortexM3\ARM_GCC_493\Debug\Node-Rhinoceros.a(cyfitter_cfg.o)
 .rodata        0x00000abc      0x160 .\CortexM3\ARM_GCC_493\Debug\Node-Rhinoceros.a(CAN_1.o)
 .rodata.str1.1
                0x00000c1c        0x2 d:/programming/cypress/psoc creator/4.0/psoc creator/import/gnu/arm/4.9.3/bin/../lib/gcc/arm-none-eabi/4.9.3/../../../../arm-none-eabi/lib/armv7-m\libg_nano.a(lib_a-impure.o)
                0x00000c20                . = ALIGN (0x4)
 *fill*         0x00000c1e        0x2 
 *(.init)
 .init          0x00000c20        0x4 d:/programming/cypress/psoc creator/4.0/psoc creator/import/gnu/arm/4.9.3/bin/../lib/gcc/arm-none-eabi/4.9.3/armv7-m/crti.o
                0x00000c20                _init
 .init          0x00000c24        0x8 d:/programming/cypress/psoc creator/4.0/psoc creator/import/gnu/arm/4.9.3/bin/../lib/gcc/arm-none-eabi/4.9.3/armv7-m/crtn.o
                0x00000c2c                . = ALIGN (0x4)
                0x00000c2c                __preinit_array_start = .
 *(.preinit_array)
                0x00000c2c                __preinit_array_end = .
                0x00000c2c                . = ALIGN (0x4)
                0x00000c2c                __init_array_start = .
 *(SORT(.init_array.*))
 *(.init_array)
 .init_array    0x00000c2c        0x4 d:/programming/cypress/psoc creator/4.0/psoc creator/import/gnu/arm/4.9.3/bin/../lib/gcc/arm-none-eabi/4.9.3/armv7-m/crtbegin.o
 .init_array    0x00000c30        0x4 .\CortexM3\ARM_GCC_493\Debug\Cm3Start.o
                0x00000c34                __init_array_end = .
                0x00000c34                . = ALIGN (0x4)
 *(.fini)
 .fini          0x00000c34        0x4 d:/programming/cypress/psoc creator/4.0/psoc creator/import/gnu/arm/4.9.3/bin/../lib/gcc/arm-none-eabi/4.9.3/armv7-m/crti.o
                0x00000c34                _fini
 .fini          0x00000c38        0x8 d:/programming/cypress/psoc creator/4.0/psoc creator/import/gnu/arm/4.9.3/bin/../lib/gcc/arm-none-eabi/4.9.3/armv7-m/crtn.o
                0x00000c40                . = ALIGN (0x4)
                0x00000c40                __fini_array_start = .
 *(.fini_array)
 .fini_array    0x00000c40        0x4 d:/programming/cypress/psoc creator/4.0/psoc creator/import/gnu/arm/4.9.3/bin/../lib/gcc/arm-none-eabi/4.9.3/armv7-m/crtbegin.o
 *(SORT(.fini_array.*))
                0x00000c44                __fini_array_end = .
                0x00000c44                . = ALIGN (0x4)
 *crtbegin.o(.ctors)
 *(EXCLUDE_FILE(*crtend.o) .ctors)
 *(SORT(.ctors.*))
 *crtend.o(.ctors)
                0x00000c44                . = ALIGN (0x4)
 *crtbegin.o(.dtors)
 *(EXCLUDE_FILE(*crtend.o) .dtors)
 *(SORT(.dtors.*))
 *crtend.o(.dtors)
                0x00000c44                . = ALIGN (0x4)
                0x00000c44                __cy_regions = .
                0x00000c44        0x4 LONG 0xc58 __cy_region_init_ram
                0x00000c48        0x4 LONG 0x1fff8108 __cy_region_start_data
                0x00000c4c        0x4 LONG 0x78 __cy_region_init_size_ram
                0x00000c50        0x4 LONG 0x20 __cy_region_zero_size_ram
                0x00000c54                __cy_regions_end = .
                0x00000c58                . = ALIGN (0x8)
 *fill*         0x00000c54        0x4 
                0x00000c58                _etext = .

.cy_checksum_exclude
                0x00000c58        0x0
 *(.cy_checksum_exclude)

.ramvectors     0x1fff8000      0x100
                0x1fff8000                __cy_region_start_ram = .
 *(.ramvectors)
 .ramvectors    0x1fff8000      0x100 .\CortexM3\ARM_GCC_493\Debug\Cm3Start.o
                0x1fff8000                CyRamVectors

.noinit         0x1fff8100        0x5
 *(.noinit)
 .noinit        0x1fff8100        0x4 .\CortexM3\ARM_GCC_493\Debug\Cm3Start.o
 .noinit        0x1fff8104        0x1 .\CortexM3\ARM_GCC_493\Debug\Node-Rhinoceros.a(CyLib.o)
                0x1fff8104                CyResetStatus

.data           0x1fff8108       0x78 load address 0x00000c58
                0x1fff8108                __cy_region_start_data = .
 *(.jcr)
 .jcr           0x1fff8108        0x0 d:/programming/cypress/psoc creator/4.0/psoc creator/import/gnu/arm/4.9.3/bin/../lib/gcc/arm-none-eabi/4.9.3/armv7-m/crtbegin.o
 .jcr           0x1fff8108        0x4 d:/programming/cypress/psoc creator/4.0/psoc creator/import/gnu/arm/4.9.3/bin/../lib/gcc/arm-none-eabi/4.9.3/armv7-m/crtend.o
 *(.got.plt)
 *(.got)
 *(.shdata)
 *(.data .data.* .gnu.linkonce.d.*)
 .data          0x1fff810c       0x10 .\CortexM3\ARM_GCC_493\Debug\Node-Rhinoceros.a(CyLib.o)
                0x1fff810c                cydelay_32k_ms
                0x1fff8110                cydelay_freq_khz
                0x1fff8114                cydelay_freq_mhz
                0x1fff8118                cydelay_freq_hz
 .data.impure_data
                0x1fff811c       0x60 d:/programming/cypress/psoc creator/4.0/psoc creator/import/gnu/arm/4.9.3/bin/../lib/gcc/arm-none-eabi/4.9.3/../../../../arm-none-eabi/lib/armv7-m\libg_nano.a(lib_a-impure.o)
 .data._impure_ptr
                0x1fff817c        0x4 d:/programming/cypress/psoc creator/4.0/psoc creator/import/gnu/arm/4.9.3/bin/../lib/gcc/arm-none-eabi/4.9.3/../../../../arm-none-eabi/lib/armv7-m\libg_nano.a(lib_a-impure.o)
                0x1fff817c                _impure_ptr
                0x1fff8180                . = ALIGN (0x8)
 *(.ram)
                0x1fff8180                _edata = .

.igot.plt       0x1fff8180        0x0 load address 0x00000cd0
 .igot.plt      0x00000000        0x0 d:/programming/cypress/psoc creator/4.0/psoc creator/import/gnu/arm/4.9.3/bin/../lib/gcc/arm-none-eabi/4.9.3/armv7-m/crtbegin.o

.bss            0x1fff8180       0x20 load address 0x00000cd0
                0x1fff8180                PROVIDE (__bss_start__, .)
 *(.shbss)
 *(.bss .bss.* .gnu.linkonce.b.*)
 .bss           0x1fff8180       0x1c d:/programming/cypress/psoc creator/4.0/psoc creator/import/gnu/arm/4.9.3/bin/../lib/gcc/arm-none-eabi/4.9.3/armv7-m/crtbegin.o
 .bss           0x1fff819c        0x1 .\CortexM3\ARM_GCC_493\Debug\Node-Rhinoceros.a(CAN_1.o)
                0x1fff819c                CAN_1_initVar
 *(COMMON)
                0x1fff81a0                . = ALIGN (0x8)
 *fill*         0x1fff819d        0x3 
 *(.ram.b)
                0x1fff81a0                _end = .
                0x1fff81a0                __end = .
                0x1fff81a0                PROVIDE (end, .)
                0x1fff81a0                PROVIDE (__bss_end__, .)
                0x00000c58                __cy_region_init_ram = LOADADDR (.data)
                0x00000078                __cy_region_init_size_ram = (_edata - ADDR (.data))
                0x00000020                __cy_region_zero_size_ram = (_end - _edata)

.heap           0x1fff81a0       0x80 load address 0x00000cd0
                0x1fff81a0                . = _end
                0x1fff8220                . = (. + 0x80)
 *fill*         0x1fff81a0       0x80 
                0x1fff8220                __cy_heap_limit = .

.stack          0x20007800      0x800
                0x20007800                __cy_stack_limit = .
                0x20008000                . = (. + 0x800)
 *fill*         0x20007800      0x800 
                0x00000001                ASSERT ((__cy_stack_limit >= __cy_heap_limit), region RAM overflowed with stack)
                0x00000000                cy_checksum_exclude_size = (CY_APPL_LOADABLE == 0x1)?SIZEOF (.cy_checksum_exclude):0x0
                0x00000001                ASSERT ((cy_checksum_exclude_size <= CY_CHECKSUM_EXCLUDE_SIZE), CY_BOOT: Section .cy_checksum_exclude size exceedes specified limit.)

.cyloadermeta
 *(.cyloadermeta)

.cyloadablemeta
 *(.cyloadablemeta)

.cyconfigecc    0x80000000       0x88
 *(.cyconfigecc)
 .cyconfigecc   0x80000000       0x88 .\CortexM3\ARM_GCC_493\Debug\cymetadata.o
                0x80000000                cy_meta_configecc

.cycustnvl      0x90000000        0x4
 *(.cycustnvl)
 .cycustnvl     0x90000000        0x4 .\CortexM3\ARM_GCC_493\Debug\cymetadata.o
                0x90000000                cy_meta_custnvl

.cywolatch      0x90100000        0x4
 *(.cywolatch)
 .cywolatch     0x90100000        0x4 .\CortexM3\ARM_GCC_493\Debug\cymetadata.o
                0x90100000                cy_meta_wonvl

.cyeeprom       0x90200000        0x0
 *(.cyeeprom)
                0x00000001                ASSERT ((. <= ((0x90200000 + ee_offset) + ee_size)), .cyeeprom data will not fit in EEPROM)

.cyflashprotect
                0x90400000      0x100
 *(.cyflashprotect)
 .cyflashprotect
                0x90400000      0x100 .\CortexM3\ARM_GCC_493\Debug\cymetadata.o
                0x90400000                cy_meta_flashprotect

.cymeta         0x90500000        0xc
 *(.cymeta)
 .cymeta        0x90500000        0xc .\CortexM3\ARM_GCC_493\Debug\cymetadata.o
                0x90500000                cy_metadata

.rel.dyn        0x00000cd0        0x0 load address 0x9050000c
 .rel.iplt      0x00000000        0x0 d:/programming/cypress/psoc creator/4.0/psoc creator/import/gnu/arm/4.9.3/bin/../lib/gcc/arm-none-eabi/4.9.3/armv7-m/crtbegin.o

.stab
 *(.stab)

.stabstr
 *(.stabstr)

.debug
 *(.debug)

.line
 *(.line)

.debug_srcinfo
 *(.debug_srcinfo)

.debug_sfnames
 *(.debug_sfnames)

.debug_aranges  0x00000000      0x670
 *(.debug_aranges)
 .debug_aranges
                0x00000000       0x20 .\CortexM3\ARM_GCC_493\Debug\main.o
 .debug_aranges
                0x00000020       0x28 .\CortexM3\ARM_GCC_493\Debug\can_manager.o
 .debug_aranges
                0x00000048       0x18 .\CortexM3\ARM_GCC_493\Debug\cymetadata.o
 .debug_aranges
                0x00000060       0x48 .\CortexM3\ARM_GCC_493\Debug\Cm3Start.o
 .debug_aranges
                0x000000a8       0x58 .\CortexM3\ARM_GCC_493\Debug\Node-Rhinoceros.a(cyfitter_cfg.o)
 .debug_aranges
                0x00000100       0xc8 .\CortexM3\ARM_GCC_493\Debug\Node-Rhinoceros.a(CAN_1.o)
 .debug_aranges
                0x000001c8       0x28 .\CortexM3\ARM_GCC_493\Debug\Node-Rhinoceros.a(CAN_1_INT.o)
 .debug_aranges
                0x000001f0       0x30 .\CortexM3\ARM_GCC_493\Debug\Node-Rhinoceros.a(CAN_1_TX_RX_func.o)
 .debug_aranges
                0x00000220      0x2a0 .\CortexM3\ARM_GCC_493\Debug\Node-Rhinoceros.a(CyLib.o)
 .debug_aranges
                0x000004c0       0x98 .\CortexM3\ARM_GCC_493\Debug\Node-Rhinoceros.a(cyPm.o)
 .debug_aranges
                0x00000558       0x20 .\CortexM3\ARM_GCC_493\Debug\Node-Rhinoceros.a(CyBootAsmGnu.o)
 .debug_aranges
                0x00000578       0x80 .\CortexM3\ARM_GCC_493\Debug\Node-Rhinoceros.a(CyFlash.o)
 .debug_aranges
                0x000005f8       0x78 .\CortexM3\ARM_GCC_493\Debug\Node-Rhinoceros.a(CySpc.o)

.debug_pubnames
 *(.debug_pubnames)

.debug_info     0x00000000     0x45e1
 *(.debug_info .gnu.linkonce.wi.*)
 .debug_info    0x00000000      0x1c2 .\CortexM3\ARM_GCC_493\Debug\main.o
 .debug_info    0x000001c2      0x28b .\CortexM3\ARM_GCC_493\Debug\can_manager.o
 .debug_info    0x0000044d      0x13a .\CortexM3\ARM_GCC_493\Debug\cymetadata.o
 .debug_info    0x00000587      0x3b3 .\CortexM3\ARM_GCC_493\Debug\Cm3Start.o
 .debug_info    0x0000093a      0x4d3 .\CortexM3\ARM_GCC_493\Debug\Node-Rhinoceros.a(cyfitter_cfg.o)
 .debug_info    0x00000e0d      0x937 .\CortexM3\ARM_GCC_493\Debug\Node-Rhinoceros.a(CAN_1.o)
 .debug_info    0x00001744      0x209 .\CortexM3\ARM_GCC_493\Debug\Node-Rhinoceros.a(CAN_1_INT.o)
 .debug_info    0x0000194d      0x32f .\CortexM3\ARM_GCC_493\Debug\Node-Rhinoceros.a(CAN_1_TX_RX_func.o)
 .debug_info    0x00001c7c     0x1385 .\CortexM3\ARM_GCC_493\Debug\Node-Rhinoceros.a(CyLib.o)
 .debug_info    0x00003001      0xa57 .\CortexM3\ARM_GCC_493\Debug\Node-Rhinoceros.a(cyPm.o)
 .debug_info    0x00003a58       0x97 .\CortexM3\ARM_GCC_493\Debug\Node-Rhinoceros.a(CyBootAsmGnu.o)
 .debug_info    0x00003aef      0x608 .\CortexM3\ARM_GCC_493\Debug\Node-Rhinoceros.a(CyFlash.o)
 .debug_info    0x000040f7      0x4ea .\CortexM3\ARM_GCC_493\Debug\Node-Rhinoceros.a(CySpc.o)

.debug_abbrev   0x00000000     0x128e
 *(.debug_abbrev)
 .debug_abbrev  0x00000000       0xf7 .\CortexM3\ARM_GCC_493\Debug\main.o
 .debug_abbrev  0x000000f7      0x11f .\CortexM3\ARM_GCC_493\Debug\can_manager.o
 .debug_abbrev  0x00000216       0x5d .\CortexM3\ARM_GCC_493\Debug\cymetadata.o
 .debug_abbrev  0x00000273      0x1f7 .\CortexM3\ARM_GCC_493\Debug\Cm3Start.o
 .debug_abbrev  0x0000046a      0x203 .\CortexM3\ARM_GCC_493\Debug\Node-Rhinoceros.a(cyfitter_cfg.o)
 .debug_abbrev  0x0000066d      0x1de .\CortexM3\ARM_GCC_493\Debug\Node-Rhinoceros.a(CAN_1.o)
 .debug_abbrev  0x0000084b       0xdc .\CortexM3\ARM_GCC_493\Debug\Node-Rhinoceros.a(CAN_1_INT.o)
 .debug_abbrev  0x00000927      0x122 .\CortexM3\ARM_GCC_493\Debug\Node-Rhinoceros.a(CAN_1_TX_RX_func.o)
 .debug_abbrev  0x00000a49      0x296 .\CortexM3\ARM_GCC_493\Debug\Node-Rhinoceros.a(CyLib.o)
 .debug_abbrev  0x00000cdf      0x1ed .\CortexM3\ARM_GCC_493\Debug\Node-Rhinoceros.a(cyPm.o)
 .debug_abbrev  0x00000ecc       0x14 .\CortexM3\ARM_GCC_493\Debug\Node-Rhinoceros.a(CyBootAsmGnu.o)
 .debug_abbrev  0x00000ee0      0x1ed .\CortexM3\ARM_GCC_493\Debug\Node-Rhinoceros.a(CyFlash.o)
 .debug_abbrev  0x000010cd      0x1c1 .\CortexM3\ARM_GCC_493\Debug\Node-Rhinoceros.a(CySpc.o)

.debug_line     0x00000000     0x1cae
 *(.debug_line)
 .debug_line    0x00000000      0x18d .\CortexM3\ARM_GCC_493\Debug\main.o
 .debug_line    0x0000018d      0x1a3 .\CortexM3\ARM_GCC_493\Debug\can_manager.o
 .debug_line    0x00000330       0x51 .\CortexM3\ARM_GCC_493\Debug\cymetadata.o
 .debug_line    0x00000381      0x23f .\CortexM3\ARM_GCC_493\Debug\Cm3Start.o
 .debug_line    0x000005c0      0x1d1 .\CortexM3\ARM_GCC_493\Debug\Node-Rhinoceros.a(cyfitter_cfg.o)
 .debug_line    0x00000791      0x382 .\CortexM3\ARM_GCC_493\Debug\Node-Rhinoceros.a(CAN_1.o)
 .debug_line    0x00000b13       0xa0 .\CortexM3\ARM_GCC_493\Debug\Node-Rhinoceros.a(CAN_1_INT.o)
 .debug_line    0x00000bb3       0xf5 .\CortexM3\ARM_GCC_493\Debug\Node-Rhinoceros.a(CAN_1_TX_RX_func.o)
 .debug_line    0x00000ca8      0x816 .\CortexM3\ARM_GCC_493\Debug\Node-Rhinoceros.a(CyLib.o)
 .debug_line    0x000014be      0x364 .\CortexM3\ARM_GCC_493\Debug\Node-Rhinoceros.a(cyPm.o)
 .debug_line    0x00001822       0x66 .\CortexM3\ARM_GCC_493\Debug\Node-Rhinoceros.a(CyBootAsmGnu.o)
 .debug_line    0x00001888      0x1ea .\CortexM3\ARM_GCC_493\Debug\Node-Rhinoceros.a(CyFlash.o)
 .debug_line    0x00001a72      0x23c .\CortexM3\ARM_GCC_493\Debug\Node-Rhinoceros.a(CySpc.o)

.debug_frame    0x00000000     0x1130
 *(.debug_frame)
 .debug_frame   0x00000000       0x2c .\CortexM3\ARM_GCC_493\Debug\main.o
 .debug_frame   0x0000002c       0x3c .\CortexM3\ARM_GCC_493\Debug\can_manager.o
 .debug_frame   0x00000068       0xb8 .\CortexM3\ARM_GCC_493\Debug\Cm3Start.o
 .debug_frame   0x00000120       0xe4 .\CortexM3\ARM_GCC_493\Debug\Node-Rhinoceros.a(cyfitter_cfg.o)
 .debug_frame   0x00000204      0x1cc .\CortexM3\ARM_GCC_493\Debug\Node-Rhinoceros.a(CAN_1.o)
 .debug_frame   0x000003d0       0x4c .\CortexM3\ARM_GCC_493\Debug\Node-Rhinoceros.a(CAN_1_INT.o)
 .debug_frame   0x0000041c       0x54 .\CortexM3\ARM_GCC_493\Debug\Node-Rhinoceros.a(CAN_1_TX_RX_func.o)
 .debug_frame   0x00000470      0x738 .\CortexM3\ARM_GCC_493\Debug\Node-Rhinoceros.a(CyLib.o)
 .debug_frame   0x00000ba8      0x1f8 .\CortexM3\ARM_GCC_493\Debug\Node-Rhinoceros.a(cyPm.o)
 .debug_frame   0x00000da0      0x174 .\CortexM3\ARM_GCC_493\Debug\Node-Rhinoceros.a(CyFlash.o)
 .debug_frame   0x00000f14      0x160 .\CortexM3\ARM_GCC_493\Debug\Node-Rhinoceros.a(CySpc.o)
 .debug_frame   0x00001074       0x20 d:/programming/cypress/psoc creator/4.0/psoc creator/import/gnu/arm/4.9.3/bin/../lib/gcc/arm-none-eabi/4.9.3/../../../../arm-none-eabi/lib/armv7-m\libg_nano.a(lib_a-errno.o)
 .debug_frame   0x00001094       0x28 d:/programming/cypress/psoc creator/4.0/psoc creator/import/gnu/arm/4.9.3/bin/../lib/gcc/arm-none-eabi/4.9.3/../../../../arm-none-eabi/lib/armv7-m\libg_nano.a(lib_a-exit.o)
 .debug_frame   0x000010bc       0x2c d:/programming/cypress/psoc creator/4.0/psoc creator/import/gnu/arm/4.9.3/bin/../lib/gcc/arm-none-eabi/4.9.3/../../../../arm-none-eabi/lib/armv7-m\libg_nano.a(lib_a-init.o)
 .debug_frame   0x000010e8       0x28 d:/programming/cypress/psoc creator/4.0/psoc creator/import/gnu/arm/4.9.3/bin/../lib/gcc/arm-none-eabi/4.9.3/../../../../arm-none-eabi/lib/armv7-m\libg_nano.a(lib_a-memcpy.o)
 .debug_frame   0x00001110       0x20 d:/programming/cypress/psoc creator/4.0/psoc creator/import/gnu/arm/4.9.3/bin/../lib/gcc/arm-none-eabi/4.9.3/../../../../arm-none-eabi/lib/armv7-m\libg_nano.a(lib_a-memset.o)

.debug_str      0x00000000     0x172f
 *(.debug_str)
 .debug_str     0x00000000      0x1f4 .\CortexM3\ARM_GCC_493\Debug\main.o
                                0x23d (size before relaxing)
 .debug_str     0x000001f4       0xa4 .\CortexM3\ARM_GCC_493\Debug\can_manager.o
                                0x27d (size before relaxing)
 .debug_str     0x00000298       0x75 .\CortexM3\ARM_GCC_493\Debug\cymetadata.o
                                0x1f1 (size before relaxing)
 .debug_str     0x0000030d      0x163 .\CortexM3\ARM_GCC_493\Debug\Cm3Start.o
                                0x305 (size before relaxing)
 .debug_str     0x00000470      0x15b .\CortexM3\ARM_GCC_493\Debug\Node-Rhinoceros.a(cyfitter_cfg.o)
                                0x30a (size before relaxing)
 .debug_str     0x000005cb      0x31a .\CortexM3\ARM_GCC_493\Debug\Node-Rhinoceros.a(CAN_1.o)
                                0x529 (size before relaxing)
 .debug_str     0x000008e5       0x61 .\CortexM3\ARM_GCC_493\Debug\Node-Rhinoceros.a(CAN_1_INT.o)
                                0x24e (size before relaxing)
 .debug_str     0x00000946       0x5a .\CortexM3\ARM_GCC_493\Debug\Node-Rhinoceros.a(CAN_1_TX_RX_func.o)
                                0x2bf (size before relaxing)
 .debug_str     0x000009a0      0x7ee .\CortexM3\ARM_GCC_493\Debug\Node-Rhinoceros.a(CyLib.o)
                                0xa42 (size before relaxing)
 .debug_str     0x0000118e      0x359 .\CortexM3\ARM_GCC_493\Debug\Node-Rhinoceros.a(cyPm.o)
                                0x722 (size before relaxing)
 .debug_str     0x000014e7      0x19c .\CortexM3\ARM_GCC_493\Debug\Node-Rhinoceros.a(CyFlash.o)
                                0x39c (size before relaxing)
 .debug_str     0x00001683       0xac .\CortexM3\ARM_GCC_493\Debug\Node-Rhinoceros.a(CySpc.o)
                                0x325 (size before relaxing)

.debug_loc      0x00000000     0x2408
 *(.debug_loc)
 .debug_loc     0x00000000       0x55 .\CortexM3\ARM_GCC_493\Debug\can_manager.o
 .debug_loc     0x00000055      0x144 .\CortexM3\ARM_GCC_493\Debug\Cm3Start.o
 .debug_loc     0x00000199      0x1d7 .\CortexM3\ARM_GCC_493\Debug\Node-Rhinoceros.a(cyfitter_cfg.o)
 .debug_loc     0x00000370      0x983 .\CortexM3\ARM_GCC_493\Debug\Node-Rhinoceros.a(CAN_1.o)
 .debug_loc     0x00000cf3       0x54 .\CortexM3\ARM_GCC_493\Debug\Node-Rhinoceros.a(CAN_1_INT.o)
 .debug_loc     0x00000d47      0x17f .\CortexM3\ARM_GCC_493\Debug\Node-Rhinoceros.a(CAN_1_TX_RX_func.o)
 .debug_loc     0x00000ec6      0xa11 .\CortexM3\ARM_GCC_493\Debug\Node-Rhinoceros.a(CyLib.o)
 .debug_loc     0x000018d7      0x1e4 .\CortexM3\ARM_GCC_493\Debug\Node-Rhinoceros.a(cyPm.o)
 .debug_loc     0x00001abb      0x300 .\CortexM3\ARM_GCC_493\Debug\Node-Rhinoceros.a(CyFlash.o)
 .debug_loc     0x00001dbb      0x64d .\CortexM3\ARM_GCC_493\Debug\Node-Rhinoceros.a(CySpc.o)

.debug_macinfo
 *(.debug_macinfo)

.debug_ranges   0x00000000      0x588
 *(.debug_ranges)
 .debug_ranges  0x00000000       0x10 .\CortexM3\ARM_GCC_493\Debug\main.o
 .debug_ranges  0x00000010       0x18 .\CortexM3\ARM_GCC_493\Debug\can_manager.o
 .debug_ranges  0x00000028       0x38 .\CortexM3\ARM_GCC_493\Debug\Cm3Start.o
 .debug_ranges  0x00000060       0x48 .\CortexM3\ARM_GCC_493\Debug\Node-Rhinoceros.a(cyfitter_cfg.o)
 .debug_ranges  0x000000a8       0xb8 .\CortexM3\ARM_GCC_493\Debug\Node-Rhinoceros.a(CAN_1.o)
 .debug_ranges  0x00000160       0x18 .\CortexM3\ARM_GCC_493\Debug\Node-Rhinoceros.a(CAN_1_INT.o)
 .debug_ranges  0x00000178       0x20 .\CortexM3\ARM_GCC_493\Debug\Node-Rhinoceros.a(CAN_1_TX_RX_func.o)
 .debug_ranges  0x00000198      0x290 .\CortexM3\ARM_GCC_493\Debug\Node-Rhinoceros.a(CyLib.o)
 .debug_ranges  0x00000428       0x88 .\CortexM3\ARM_GCC_493\Debug\Node-Rhinoceros.a(cyPm.o)
 .debug_ranges  0x000004b0       0x70 .\CortexM3\ARM_GCC_493\Debug\Node-Rhinoceros.a(CyFlash.o)
 .debug_ranges  0x00000520       0x68 .\CortexM3\ARM_GCC_493\Debug\Node-Rhinoceros.a(CySpc.o)

.comment        0x00000000       0x70
 .comment       0x00000000       0x70 .\CortexM3\ARM_GCC_493\Debug\main.o
                                 0x71 (size before relaxing)
 .comment       0x00000000       0x71 .\CortexM3\ARM_GCC_493\Debug\can_manager.o
 .comment       0x00000000       0x71 .\CortexM3\ARM_GCC_493\Debug\cymetadata.o
 .comment       0x00000000       0x71 .\CortexM3\ARM_GCC_493\Debug\Cm3Start.o
 .comment       0x00000000       0x71 .\CortexM3\ARM_GCC_493\Debug\Node-Rhinoceros.a(cyfitter_cfg.o)
 .comment       0x00000000       0x71 .\CortexM3\ARM_GCC_493\Debug\Node-Rhinoceros.a(CAN_1.o)
 .comment       0x00000000       0x71 .\CortexM3\ARM_GCC_493\Debug\Node-Rhinoceros.a(CAN_1_INT.o)
 .comment       0x00000000       0x71 .\CortexM3\ARM_GCC_493\Debug\Node-Rhinoceros.a(CAN_1_TX_RX_func.o)
 .comment       0x00000000       0x71 .\CortexM3\ARM_GCC_493\Debug\Node-Rhinoceros.a(CyLib.o)
 .comment       0x00000000       0x71 .\CortexM3\ARM_GCC_493\Debug\Node-Rhinoceros.a(cyPm.o)
 .comment       0x00000000       0x71 .\CortexM3\ARM_GCC_493\Debug\Node-Rhinoceros.a(CyFlash.o)
 .comment       0x00000000       0x71 .\CortexM3\ARM_GCC_493\Debug\Node-Rhinoceros.a(CySpc.o)

.debug_weaknames
 *(.debug_weaknames)

.debug_funcnames
 *(.debug_funcnames)

.debug_typenames
 *(.debug_typenames)

.debug_varnames
 *(.debug_varnames)

.note.gnu.arm.ident
 *(.note.gnu.arm.ident)

.ARM.attributes
                0x00000000       0x29
 *(.ARM.attributes)
 .ARM.attributes
                0x00000000       0x1d d:/programming/cypress/psoc creator/4.0/psoc creator/import/gnu/arm/4.9.3/bin/../lib/gcc/arm-none-eabi/4.9.3/armv7-m/crti.o
 .ARM.attributes
                0x0000001d       0x2d d:/programming/cypress/psoc creator/4.0/psoc creator/import/gnu/arm/4.9.3/bin/../lib/gcc/arm-none-eabi/4.9.3/armv7-m/crtbegin.o
 .ARM.attributes
                0x0000004a       0x1b d:/programming/cypress/psoc creator/4.0/psoc creator/import/gnu/arm/4.9.3/bin/../lib/gcc/arm-none-eabi/4.9.3/../../../../arm-none-eabi/lib/armv7-m/crt0.o
 .ARM.attributes
                0x00000065       0x33 .\CortexM3\ARM_GCC_493\Debug\main.o
 .ARM.attributes
                0x00000098       0x33 .\CortexM3\ARM_GCC_493\Debug\can_manager.o
 .ARM.attributes
                0x000000cb       0x33 .\CortexM3\ARM_GCC_493\Debug\cymetadata.o
 .ARM.attributes
                0x000000fe       0x33 .\CortexM3\ARM_GCC_493\Debug\Cm3Start.o
 .ARM.attributes
                0x00000131       0x33 .\CortexM3\ARM_GCC_493\Debug\Node-Rhinoceros.a(cyfitter_cfg.o)
 .ARM.attributes
                0x00000164       0x33 .\CortexM3\ARM_GCC_493\Debug\Node-Rhinoceros.a(CAN_1.o)
 .ARM.attributes
                0x00000197       0x33 .\CortexM3\ARM_GCC_493\Debug\Node-Rhinoceros.a(CAN_1_INT.o)
 .ARM.attributes
                0x000001ca       0x33 .\CortexM3\ARM_GCC_493\Debug\Node-Rhinoceros.a(CAN_1_TX_RX_func.o)
 .ARM.attributes
                0x000001fd       0x33 .\CortexM3\ARM_GCC_493\Debug\Node-Rhinoceros.a(CyLib.o)
 .ARM.attributes
                0x00000230       0x33 .\CortexM3\ARM_GCC_493\Debug\Node-Rhinoceros.a(cyPm.o)
 .ARM.attributes
                0x00000263       0x21 .\CortexM3\ARM_GCC_493\Debug\Node-Rhinoceros.a(CyBootAsmGnu.o)
 .ARM.attributes
                0x00000284       0x33 .\CortexM3\ARM_GCC_493\Debug\Node-Rhinoceros.a(CyFlash.o)
 .ARM.attributes
                0x000002b7       0x33 .\CortexM3\ARM_GCC_493\Debug\Node-Rhinoceros.a(CySpc.o)
 .ARM.attributes
                0x000002ea       0x2d d:/programming/cypress/psoc creator/4.0/psoc creator/import/gnu/arm/4.9.3/bin/../lib/gcc/arm-none-eabi/4.9.3/../../../../arm-none-eabi/lib/armv7-m\libg_nano.a(lib_a-errno.o)
 .ARM.attributes
                0x00000317       0x2d d:/programming/cypress/psoc creator/4.0/psoc creator/import/gnu/arm/4.9.3/bin/../lib/gcc/arm-none-eabi/4.9.3/../../../../arm-none-eabi/lib/armv7-m\libg_nano.a(lib_a-exit.o)
 .ARM.attributes
                0x00000344       0x2d d:/programming/cypress/psoc creator/4.0/psoc creator/import/gnu/arm/4.9.3/bin/../lib/gcc/arm-none-eabi/4.9.3/../../../../arm-none-eabi/lib/armv7-m\libg_nano.a(lib_a-impure.o)
 .ARM.attributes
                0x00000371       0x2d d:/programming/cypress/psoc creator/4.0/psoc creator/import/gnu/arm/4.9.3/bin/../lib/gcc/arm-none-eabi/4.9.3/../../../../arm-none-eabi/lib/armv7-m\libg_nano.a(lib_a-init.o)
 .ARM.attributes
                0x0000039e       0x2d d:/programming/cypress/psoc creator/4.0/psoc creator/import/gnu/arm/4.9.3/bin/../lib/gcc/arm-none-eabi/4.9.3/../../../../arm-none-eabi/lib/armv7-m\libg_nano.a(lib_a-memcpy.o)
 .ARM.attributes
                0x000003cb       0x2d d:/programming/cypress/psoc creator/4.0/psoc creator/import/gnu/arm/4.9.3/bin/../lib/gcc/arm-none-eabi/4.9.3/../../../../arm-none-eabi/lib/armv7-m\libg_nano.a(lib_a-memset.o)
 .ARM.attributes
                0x000003f8       0x2d d:/programming/cypress/psoc creator/4.0/psoc creator/import/gnu/arm/4.9.3/bin/../lib/gcc/arm-none-eabi/4.9.3/armv7-m/crtend.o
 .ARM.attributes
                0x00000425       0x1d d:/programming/cypress/psoc creator/4.0/psoc creator/import/gnu/arm/4.9.3/bin/../lib/gcc/arm-none-eabi/4.9.3/armv7-m/crtn.o

/DISCARD/
 *(.note.GNU-stack)
OUTPUT(.\CortexM3\ARM_GCC_493\Debug\Node-Rhinoceros.elf elf32-littlearm)
