Archive member included because of file (symbol)

.\CortexM3\ARM_GCC_493\Debug\Node-Rhinoceros.a(cyfitter_cfg.o)
                              .\CortexM3\ARM_GCC_493\Debug\Cm3Start.o (cyfitter_cfg)
.\CortexM3\ARM_GCC_493\Debug\Node-Rhinoceros.a(CyLib.o)
                              .\CortexM3\ARM_GCC_493\Debug\Cm3Start.o (CyHalt)
.\CortexM3\ARM_GCC_493\Debug\Node-Rhinoceros.a(cyPm.o)
                              .\CortexM3\ARM_GCC_493\Debug\Node-Rhinoceros.a(CyLib.o) (CyPmReadStatus)
.\CortexM3\ARM_GCC_493\Debug\Node-Rhinoceros.a(LCD.o)
                              .\CortexM3\ARM_GCC_493\Debug\can_manager.o (LCD_PrintString)
.\CortexM3\ARM_GCC_493\Debug\Node-Rhinoceros.a(CAN.o)
                              .\CortexM3\ARM_GCC_493\Debug\can_manager.o (CAN_GlobalIntEnable)
.\CortexM3\ARM_GCC_493\Debug\Node-Rhinoceros.a(CAN_INT.o)
                              .\CortexM3\ARM_GCC_493\Debug\Node-Rhinoceros.a(CAN.o) (CAN_ISR)
.\CortexM3\ARM_GCC_493\Debug\Node-Rhinoceros.a(CAN_TX_RX_func.o)
                              .\CortexM3\ARM_GCC_493\Debug\can_manager.o (CAN_SendMsg)
.\CortexM3\ARM_GCC_493\Debug\Node-Rhinoceros.a(CyBootAsmGnu.o)
                              .\CortexM3\ARM_GCC_493\Debug\Node-Rhinoceros.a(cyfitter_cfg.o) (CyDelayCycles)
.\CortexM3\ARM_GCC_493\Debug\Node-Rhinoceros.a(CyFlash.o)
                              .\CortexM3\ARM_GCC_493\Debug\Node-Rhinoceros.a(cyPm.o) (CyFlash_SetWaitCycles)
.\CortexM3\ARM_GCC_493\Debug\Node-Rhinoceros.a(CySpc.o)
                              .\CortexM3\ARM_GCC_493\Debug\Node-Rhinoceros.a(CyFlash.o) (CySpcStart)
d:/programming/cypress/psoc creator/4.0/psoc creator/import/gnu/arm/4.9.3/bin/../lib/gcc/arm-none-eabi/4.9.3/../../../../arm-none-eabi/lib/armv7-m\libg_nano.a(lib_a-errno.o)
                              .\CortexM3\ARM_GCC_493\Debug\Cm3Start.o (__errno)
d:/programming/cypress/psoc creator/4.0/psoc creator/import/gnu/arm/4.9.3/bin/../lib/gcc/arm-none-eabi/4.9.3/../../../../arm-none-eabi/lib/armv7-m\libg_nano.a(lib_a-exit.o)
                              d:/programming/cypress/psoc creator/4.0/psoc creator/import/gnu/arm/4.9.3/bin/../lib/gcc/arm-none-eabi/4.9.3/../../../../arm-none-eabi/lib/armv7-m/crt0.o (exit)
d:/programming/cypress/psoc creator/4.0/psoc creator/import/gnu/arm/4.9.3/bin/../lib/gcc/arm-none-eabi/4.9.3/../../../../arm-none-eabi/lib/armv7-m\libg_nano.a(lib_a-impure.o)
                              d:/programming/cypress/psoc creator/4.0/psoc creator/import/gnu/arm/4.9.3/bin/../lib/gcc/arm-none-eabi/4.9.3/../../../../arm-none-eabi/lib/armv7-m\libg_nano.a(lib_a-exit.o) (_global_impure_ptr)
d:/programming/cypress/psoc creator/4.0/psoc creator/import/gnu/arm/4.9.3/bin/../lib/gcc/arm-none-eabi/4.9.3/../../../../arm-none-eabi/lib/armv7-m\libg_nano.a(lib_a-init.o)
                              d:/programming/cypress/psoc creator/4.0/psoc creator/import/gnu/arm/4.9.3/bin/../lib/gcc/arm-none-eabi/4.9.3/../../../../arm-none-eabi/lib/armv7-m/crt0.o (__libc_init_array)
d:/programming/cypress/psoc creator/4.0/psoc creator/import/gnu/arm/4.9.3/bin/../lib/gcc/arm-none-eabi/4.9.3/../../../../arm-none-eabi/lib/armv7-m\libg_nano.a(lib_a-memcpy.o)
                              .\CortexM3\ARM_GCC_493\Debug\Node-Rhinoceros.a(cyfitter_cfg.o) (memcpy)
d:/programming/cypress/psoc creator/4.0/psoc creator/import/gnu/arm/4.9.3/bin/../lib/gcc/arm-none-eabi/4.9.3/../../../../arm-none-eabi/lib/armv7-m\libg_nano.a(lib_a-memset.o)
                              d:/programming/cypress/psoc creator/4.0/psoc creator/import/gnu/arm/4.9.3/bin/../lib/gcc/arm-none-eabi/4.9.3/../../../../arm-none-eabi/lib/armv7-m/crt0.o (memset)
d:/programming/cypress/psoc creator/4.0/psoc creator/import/gnu/arm/4.9.3/bin/../lib/gcc/arm-none-eabi/4.9.3/../../../../arm-none-eabi/lib/armv7-m\libg_nano.a(lib_a-sprintf.o)
                              .\CortexM3\ARM_GCC_493\Debug\can_manager.o (sprintf)
d:/programming/cypress/psoc creator/4.0/psoc creator/import/gnu/arm/4.9.3/bin/../lib/gcc/arm-none-eabi/4.9.3/../../../../arm-none-eabi/lib/armv7-m\libg_nano.a(lib_a-nano-svfprintf.o)
                              d:/programming/cypress/psoc creator/4.0/psoc creator/import/gnu/arm/4.9.3/bin/../lib/gcc/arm-none-eabi/4.9.3/../../../../arm-none-eabi/lib/armv7-m\libg_nano.a(lib_a-sprintf.o) (_svfprintf_r)
d:/programming/cypress/psoc creator/4.0/psoc creator/import/gnu/arm/4.9.3/bin/../lib/gcc/arm-none-eabi/4.9.3/../../../../arm-none-eabi/lib/armv7-m\libg_nano.a(lib_a-nano-vfprintf_i.o)
                              d:/programming/cypress/psoc creator/4.0/psoc creator/import/gnu/arm/4.9.3/bin/../lib/gcc/arm-none-eabi/4.9.3/../../../../arm-none-eabi/lib/armv7-m\libg_nano.a(lib_a-nano-svfprintf.o) (_printf_i)
d:/programming/cypress/psoc creator/4.0/psoc creator/import/gnu/arm/4.9.3/bin/../lib/gcc/arm-none-eabi/4.9.3/../../../../arm-none-eabi/lib/armv7-m\libg_nano.a(lib_a-memchr.o)
                              d:/programming/cypress/psoc creator/4.0/psoc creator/import/gnu/arm/4.9.3/bin/../lib/gcc/arm-none-eabi/4.9.3/../../../../arm-none-eabi/lib/armv7-m\libg_nano.a(lib_a-nano-svfprintf.o) (memchr)
d:/programming/cypress/psoc creator/4.0/psoc creator/import/gnu/arm/4.9.3/bin/../lib/gcc/arm-none-eabi/4.9.3/../../../../arm-none-eabi/lib/armv7-m\libg_nano.a(lib_a-memmove.o)
                              d:/programming/cypress/psoc creator/4.0/psoc creator/import/gnu/arm/4.9.3/bin/../lib/gcc/arm-none-eabi/4.9.3/../../../../arm-none-eabi/lib/armv7-m\libg_nano.a(lib_a-nano-svfprintf.o) (memmove)
d:/programming/cypress/psoc creator/4.0/psoc creator/import/gnu/arm/4.9.3/bin/../lib/gcc/arm-none-eabi/4.9.3/../../../../arm-none-eabi/lib/armv7-m\libg_nano.a(lib_a-nano-freer.o)
                              d:/programming/cypress/psoc creator/4.0/psoc creator/import/gnu/arm/4.9.3/bin/../lib/gcc/arm-none-eabi/4.9.3/../../../../arm-none-eabi/lib/armv7-m\libg_nano.a(lib_a-nano-svfprintf.o) (_free_r)
d:/programming/cypress/psoc creator/4.0/psoc creator/import/gnu/arm/4.9.3/bin/../lib/gcc/arm-none-eabi/4.9.3/../../../../arm-none-eabi/lib/armv7-m\libg_nano.a(lib_a-nano-mallocr.o)
                              d:/programming/cypress/psoc creator/4.0/psoc creator/import/gnu/arm/4.9.3/bin/../lib/gcc/arm-none-eabi/4.9.3/../../../../arm-none-eabi/lib/armv7-m\libg_nano.a(lib_a-nano-svfprintf.o) (_malloc_r)
d:/programming/cypress/psoc creator/4.0/psoc creator/import/gnu/arm/4.9.3/bin/../lib/gcc/arm-none-eabi/4.9.3/../../../../arm-none-eabi/lib/armv7-m\libg_nano.a(lib_a-nano-reallocr.o)
                              d:/programming/cypress/psoc creator/4.0/psoc creator/import/gnu/arm/4.9.3/bin/../lib/gcc/arm-none-eabi/4.9.3/../../../../arm-none-eabi/lib/armv7-m\libg_nano.a(lib_a-nano-svfprintf.o) (_realloc_r)
d:/programming/cypress/psoc creator/4.0/psoc creator/import/gnu/arm/4.9.3/bin/../lib/gcc/arm-none-eabi/4.9.3/../../../../arm-none-eabi/lib/armv7-m\libg_nano.a(lib_a-sbrkr.o)
                              d:/programming/cypress/psoc creator/4.0/psoc creator/import/gnu/arm/4.9.3/bin/../lib/gcc/arm-none-eabi/4.9.3/../../../../arm-none-eabi/lib/armv7-m\libg_nano.a(lib_a-nano-mallocr.o) (_sbrk_r)
d:/programming/cypress/psoc creator/4.0/psoc creator/import/gnu/arm/4.9.3/bin/../lib/gcc/arm-none-eabi/4.9.3/../../../../arm-none-eabi/lib/armv7-m\libg_nano.a(lib_a-nano-msizer.o)
                              d:/programming/cypress/psoc creator/4.0/psoc creator/import/gnu/arm/4.9.3/bin/../lib/gcc/arm-none-eabi/4.9.3/../../../../arm-none-eabi/lib/armv7-m\libg_nano.a(lib_a-nano-reallocr.o) (_malloc_usable_size_r)
d:/programming/cypress/psoc creator/4.0/psoc creator/import/gnu/arm/4.9.3/bin/../lib/gcc/arm-none-eabi/4.9.3/../../../../arm-none-eabi/lib/armv7-m\libg_nano.a(lib_a-reent.o)
                              d:/programming/cypress/psoc creator/4.0/psoc creator/import/gnu/arm/4.9.3/bin/../lib/gcc/arm-none-eabi/4.9.3/../../../../arm-none-eabi/lib/armv7-m\libg_nano.a(lib_a-sbrkr.o) (errno)

Allocating common symbols
Common symbol       size              file

BMS_CURRENT         0x10              .\CortexM3\ARM_GCC_493\Debug\can_manager.o
errno               0x4               d:/programming/cypress/psoc creator/4.0/psoc creator/import/gnu/arm/4.9.3/bin/../lib/gcc/arm-none-eabi/4.9.3/../../../../arm-none-eabi/lib/armv7-m\libg_nano.a(lib_a-reent.o)
BMS_STATUS          0x10              .\CortexM3\ARM_GCC_493\Debug\can_manager.o
BMS_VOLTAGE         0x10              .\CortexM3\ARM_GCC_493\Debug\can_manager.o
dieTemperature      0x2               .\CortexM3\ARM_GCC_493\Debug\Node-Rhinoceros.a(CyFlash.o)
BMS_TEMP            0x10              .\CortexM3\ARM_GCC_493\Debug\can_manager.o

Discarded input sections

 .text          0x00000000        0x0 d:/programming/cypress/psoc creator/4.0/psoc creator/import/gnu/arm/4.9.3/bin/../lib/gcc/arm-none-eabi/4.9.3/armv7-m/crti.o
 .data          0x00000000        0x0 d:/programming/cypress/psoc creator/4.0/psoc creator/import/gnu/arm/4.9.3/bin/../lib/gcc/arm-none-eabi/4.9.3/armv7-m/crti.o
 .bss           0x00000000        0x0 d:/programming/cypress/psoc creator/4.0/psoc creator/import/gnu/arm/4.9.3/bin/../lib/gcc/arm-none-eabi/4.9.3/armv7-m/crti.o
 .data          0x00000000        0x4 d:/programming/cypress/psoc creator/4.0/psoc creator/import/gnu/arm/4.9.3/bin/../lib/gcc/arm-none-eabi/4.9.3/armv7-m/crtbegin.o
 .text          0x00000000       0x74 d:/programming/cypress/psoc creator/4.0/psoc creator/import/gnu/arm/4.9.3/bin/../lib/gcc/arm-none-eabi/4.9.3/../../../../arm-none-eabi/lib/armv7-m/crt0.o
 .data          0x00000000        0x0 d:/programming/cypress/psoc creator/4.0/psoc creator/import/gnu/arm/4.9.3/bin/../lib/gcc/arm-none-eabi/4.9.3/../../../../arm-none-eabi/lib/armv7-m/crt0.o
 .bss           0x00000000        0x0 d:/programming/cypress/psoc creator/4.0/psoc creator/import/gnu/arm/4.9.3/bin/../lib/gcc/arm-none-eabi/4.9.3/../../../../arm-none-eabi/lib/armv7-m/crt0.o
 .ARM.extab     0x00000000        0x0 d:/programming/cypress/psoc creator/4.0/psoc creator/import/gnu/arm/4.9.3/bin/../lib/gcc/arm-none-eabi/4.9.3/../../../../arm-none-eabi/lib/armv7-m/crt0.o
 .ARM.exidx     0x00000000        0x8 d:/programming/cypress/psoc creator/4.0/psoc creator/import/gnu/arm/4.9.3/bin/../lib/gcc/arm-none-eabi/4.9.3/../../../../arm-none-eabi/lib/armv7-m/crt0.o
 .text          0x00000000        0x0 .\CortexM3\ARM_GCC_493\Debug\main.o
 .data          0x00000000        0x0 .\CortexM3\ARM_GCC_493\Debug\main.o
 .bss           0x00000000        0x0 .\CortexM3\ARM_GCC_493\Debug\main.o
 .text.msg_recieve
                0x00000000        0x8 .\CortexM3\ARM_GCC_493\Debug\main.o
 .text          0x00000000        0x0 .\CortexM3\ARM_GCC_493\Debug\can_manager.o
 .data          0x00000000        0x0 .\CortexM3\ARM_GCC_493\Debug\can_manager.o
 .bss           0x00000000        0x0 .\CortexM3\ARM_GCC_493\Debug\can_manager.o
 .text.can_test_send
                0x00000000       0x44 .\CortexM3\ARM_GCC_493\Debug\can_manager.o
 .text.can_test_receive
                0x00000000       0x10 .\CortexM3\ARM_GCC_493\Debug\can_manager.o
 .text          0x00000000        0x0 .\CortexM3\ARM_GCC_493\Debug\lcd_manager.o
 .data          0x00000000        0x0 .\CortexM3\ARM_GCC_493\Debug\lcd_manager.o
 .bss           0x00000000        0x4 .\CortexM3\ARM_GCC_493\Debug\lcd_manager.o
 .text.lcd_test_print
                0x00000000       0x4c .\CortexM3\ARM_GCC_493\Debug\lcd_manager.o
 .text.lcd_print
                0x00000000        0x8 .\CortexM3\ARM_GCC_493\Debug\lcd_manager.o
 .text          0x00000000        0x0 .\CortexM3\ARM_GCC_493\Debug\cymetadata.o
 .data          0x00000000        0x0 .\CortexM3\ARM_GCC_493\Debug\cymetadata.o
 .bss           0x00000000        0x0 .\CortexM3\ARM_GCC_493\Debug\cymetadata.o
 .text          0x00000000        0x0 .\CortexM3\ARM_GCC_493\Debug\Cm3Start.o
 .bss           0x00000000        0x0 .\CortexM3\ARM_GCC_493\Debug\Cm3Start.o
 .text._exit    0x00000000        0xc .\CortexM3\ARM_GCC_493\Debug\Cm3Start.o
 .text          0x00000000        0x0 .\CortexM3\ARM_GCC_493\Debug\Node-Rhinoceros.a(cyfitter_cfg.o)
 .data          0x00000000        0x0 .\CortexM3\ARM_GCC_493\Debug\Node-Rhinoceros.a(cyfitter_cfg.o)
 .bss           0x00000000        0x0 .\CortexM3\ARM_GCC_493\Debug\Node-Rhinoceros.a(cyfitter_cfg.o)
 .text.SetAnalogRoutingPumps
                0x00000000       0x10 .\CortexM3\ARM_GCC_493\Debug\Node-Rhinoceros.a(cyfitter_cfg.o)
 .text          0x00000000        0x0 .\CortexM3\ARM_GCC_493\Debug\Node-Rhinoceros.a(CyLib.o)
 .bss           0x00000000       0x1c .\CortexM3\ARM_GCC_493\Debug\Node-Rhinoceros.a(CyLib.o)
 .text.CyUSB_PowerOnCheck
                0x00000000       0x48 .\CortexM3\ARM_GCC_493\Debug\Node-Rhinoceros.a(CyLib.o)
 .text.CyBusClk_Internal_SetDivider
                0x00000000       0x48 .\CortexM3\ARM_GCC_493\Debug\Node-Rhinoceros.a(CyLib.o)
 .text.CyPLL_OUT_Stop
                0x00000000       0x10 .\CortexM3\ARM_GCC_493\Debug\Node-Rhinoceros.a(CyLib.o)
 .text.CyIMO_Stop
                0x00000000       0x1c .\CortexM3\ARM_GCC_493\Debug\Node-Rhinoceros.a(CyLib.o)
 .text.CyIMO_EnableDoubler
                0x00000000       0x10 .\CortexM3\ARM_GCC_493\Debug\Node-Rhinoceros.a(CyLib.o)
 .text.CyIMO_DisableDoubler
                0x00000000       0x10 .\CortexM3\ARM_GCC_493\Debug\Node-Rhinoceros.a(CyLib.o)
 .text.CyMasterClk_SetSource
                0x00000000       0x18 .\CortexM3\ARM_GCC_493\Debug\Node-Rhinoceros.a(CyLib.o)
 .text.CyMasterClk_SetDivider
                0x00000000        0xc .\CortexM3\ARM_GCC_493\Debug\Node-Rhinoceros.a(CyLib.o)
 .text.CyBusClk_SetDivider
                0x00000000       0x70 .\CortexM3\ARM_GCC_493\Debug\Node-Rhinoceros.a(CyLib.o)
 .text.CyUsbClk_SetSource
                0x00000000       0x18 .\CortexM3\ARM_GCC_493\Debug\Node-Rhinoceros.a(CyLib.o)
 .text.CyILO_Start1K
                0x00000000       0x10 .\CortexM3\ARM_GCC_493\Debug\Node-Rhinoceros.a(CyLib.o)
 .text.CyILO_Stop1K
                0x00000000       0x10 .\CortexM3\ARM_GCC_493\Debug\Node-Rhinoceros.a(CyLib.o)
 .text.CyILO_Start100K
                0x00000000       0x10 .\CortexM3\ARM_GCC_493\Debug\Node-Rhinoceros.a(CyLib.o)
 .text.CyILO_Stop100K
                0x00000000       0x10 .\CortexM3\ARM_GCC_493\Debug\Node-Rhinoceros.a(CyLib.o)
 .text.CyPLL_OUT_Start
                0x00000000       0x78 .\CortexM3\ARM_GCC_493\Debug\Node-Rhinoceros.a(CyLib.o)
 .text.CyIMO_Start
                0x00000000       0x60 .\CortexM3\ARM_GCC_493\Debug\Node-Rhinoceros.a(CyLib.o)
 .text.CyILO_Enable33K
                0x00000000       0x10 .\CortexM3\ARM_GCC_493\Debug\Node-Rhinoceros.a(CyLib.o)
 .text.CyILO_Disable33K
                0x00000000       0x10 .\CortexM3\ARM_GCC_493\Debug\Node-Rhinoceros.a(CyLib.o)
 .text.CyILO_SetSource
                0x00000000       0x18 .\CortexM3\ARM_GCC_493\Debug\Node-Rhinoceros.a(CyLib.o)
 .text.CyILO_SetPowerMode
                0x00000000       0x24 .\CortexM3\ARM_GCC_493\Debug\Node-Rhinoceros.a(CyLib.o)
 .text.CyXTAL_32KHZ_Stop
                0x00000000       0x30 .\CortexM3\ARM_GCC_493\Debug\Node-Rhinoceros.a(CyLib.o)
 .text.CyXTAL_32KHZ_ReadStatus
                0x00000000       0x10 .\CortexM3\ARM_GCC_493\Debug\Node-Rhinoceros.a(CyLib.o)
 .text.CyXTAL_Start
                0x00000000       0xac .\CortexM3\ARM_GCC_493\Debug\Node-Rhinoceros.a(CyLib.o)
 .text.CyXTAL_Stop
                0x00000000       0x10 .\CortexM3\ARM_GCC_493\Debug\Node-Rhinoceros.a(CyLib.o)
 .text.CyXTAL_EnableErrStatus
                0x00000000       0x10 .\CortexM3\ARM_GCC_493\Debug\Node-Rhinoceros.a(CyLib.o)
 .text.CyXTAL_DisableErrStatus
                0x00000000       0x10 .\CortexM3\ARM_GCC_493\Debug\Node-Rhinoceros.a(CyLib.o)
 .text.CyXTAL_ReadStatus
                0x00000000       0x18 .\CortexM3\ARM_GCC_493\Debug\Node-Rhinoceros.a(CyLib.o)
 .text.CyXTAL_EnableFaultRecovery
                0x00000000       0x10 .\CortexM3\ARM_GCC_493\Debug\Node-Rhinoceros.a(CyLib.o)
 .text.CyXTAL_DisableFaultRecovery
                0x00000000       0x10 .\CortexM3\ARM_GCC_493\Debug\Node-Rhinoceros.a(CyLib.o)
 .text.CyXTAL_SetStartup
                0x00000000       0x18 .\CortexM3\ARM_GCC_493\Debug\Node-Rhinoceros.a(CyLib.o)
 .text.CyXTAL_SetFbVoltage
                0x00000000       0x18 .\CortexM3\ARM_GCC_493\Debug\Node-Rhinoceros.a(CyLib.o)
 .text.CyXTAL_SetWdVoltage
                0x00000000       0x18 .\CortexM3\ARM_GCC_493\Debug\Node-Rhinoceros.a(CyLib.o)
 .text.CyPLL_OUT_SetPQ
                0x00000000       0x60 .\CortexM3\ARM_GCC_493\Debug\Node-Rhinoceros.a(CyLib.o)
 .text.CyPLL_OUT_SetSource
                0x00000000       0x34 .\CortexM3\ARM_GCC_493\Debug\Node-Rhinoceros.a(CyLib.o)
 .text.CyIMO_SetTrimValue
                0x00000000       0xcc .\CortexM3\ARM_GCC_493\Debug\Node-Rhinoceros.a(CyLib.o)
 .text.CyIMO_SetFreq
                0x00000000       0xf4 .\CortexM3\ARM_GCC_493\Debug\Node-Rhinoceros.a(CyLib.o)
 .text.CyIMO_SetSource
                0x00000000       0x58 .\CortexM3\ARM_GCC_493\Debug\Node-Rhinoceros.a(CyLib.o)
 .text.CySoftwareReset
                0x00000000       0x10 .\CortexM3\ARM_GCC_493\Debug\Node-Rhinoceros.a(CyLib.o)
 .text.CyXTAL_32KHZ_SetPowerMode
                0x00000000       0x84 .\CortexM3\ARM_GCC_493\Debug\Node-Rhinoceros.a(CyLib.o)
 .text.CyXTAL_32KHZ_Start
                0x00000000       0x70 .\CortexM3\ARM_GCC_493\Debug\Node-Rhinoceros.a(CyLib.o)
 .text.CyDelayFreq
                0x00000000       0x4c .\CortexM3\ARM_GCC_493\Debug\Node-Rhinoceros.a(CyLib.o)
 .text.CyWdtStart
                0x00000000       0x40 .\CortexM3\ARM_GCC_493\Debug\Node-Rhinoceros.a(CyLib.o)
 .text.CyWdtClear
                0x00000000        0xc .\CortexM3\ARM_GCC_493\Debug\Node-Rhinoceros.a(CyLib.o)
 .text.CyVdStickyStatus
                0x00000000       0x2c .\CortexM3\ARM_GCC_493\Debug\Node-Rhinoceros.a(CyLib.o)
 .text.CyVdLvDigitEnable
                0x00000000       0x84 .\CortexM3\ARM_GCC_493\Debug\Node-Rhinoceros.a(CyLib.o)
 .text.CyVdLvAnalogEnable
                0x00000000       0x80 .\CortexM3\ARM_GCC_493\Debug\Node-Rhinoceros.a(CyLib.o)
 .text.CyVdLvDigitDisable
                0x00000000       0x30 .\CortexM3\ARM_GCC_493\Debug\Node-Rhinoceros.a(CyLib.o)
 .text.CyVdLvAnalogDisable
                0x00000000       0x28 .\CortexM3\ARM_GCC_493\Debug\Node-Rhinoceros.a(CyLib.o)
 .text.CyVdHvAnalogEnable
                0x00000000       0x54 .\CortexM3\ARM_GCC_493\Debug\Node-Rhinoceros.a(CyLib.o)
 .text.CyVdHvAnalogDisable
                0x00000000       0x20 .\CortexM3\ARM_GCC_493\Debug\Node-Rhinoceros.a(CyLib.o)
 .text.CyVdRealTimeStatus
                0x00000000       0x1c .\CortexM3\ARM_GCC_493\Debug\Node-Rhinoceros.a(CyLib.o)
 .text.CyDisableInts
                0x00000000       0x1c .\CortexM3\ARM_GCC_493\Debug\Node-Rhinoceros.a(CyLib.o)
 .text.CyEnableInts
                0x00000000       0x18 .\CortexM3\ARM_GCC_493\Debug\Node-Rhinoceros.a(CyLib.o)
 .text.CyFlushCache
                0x00000000       0x44 .\CortexM3\ARM_GCC_493\Debug\Node-Rhinoceros.a(CyLib.o)
 .text.CyIntSetSysVector
                0x00000000       0x28 .\CortexM3\ARM_GCC_493\Debug\Node-Rhinoceros.a(CyLib.o)
 .text.CyIntGetSysVector
                0x00000000       0x20 .\CortexM3\ARM_GCC_493\Debug\Node-Rhinoceros.a(CyLib.o)
 .text.CyIntGetVector
                0x00000000       0x24 .\CortexM3\ARM_GCC_493\Debug\Node-Rhinoceros.a(CyLib.o)
 .text.CyIntGetPriority
                0x00000000       0x20 .\CortexM3\ARM_GCC_493\Debug\Node-Rhinoceros.a(CyLib.o)
 .text.CyIntGetState
                0x00000000       0x24 .\CortexM3\ARM_GCC_493\Debug\Node-Rhinoceros.a(CyLib.o)
 .text.CySysTickStop
                0x00000000       0x10 .\CortexM3\ARM_GCC_493\Debug\Node-Rhinoceros.a(CyLib.o)
 .text.CySysTickEnableInterrupt
                0x00000000       0x10 .\CortexM3\ARM_GCC_493\Debug\Node-Rhinoceros.a(CyLib.o)
 .text.CySysTickEnable
                0x00000000       0x18 .\CortexM3\ARM_GCC_493\Debug\Node-Rhinoceros.a(CyLib.o)
 .text.CySysTickDisableInterrupt
                0x00000000       0x10 .\CortexM3\ARM_GCC_493\Debug\Node-Rhinoceros.a(CyLib.o)
 .text.CySysTickSetReload
                0x00000000       0x10 .\CortexM3\ARM_GCC_493\Debug\Node-Rhinoceros.a(CyLib.o)
 .text.CySysTickGetReload
                0x00000000       0x10 .\CortexM3\ARM_GCC_493\Debug\Node-Rhinoceros.a(CyLib.o)
 .text.CySysTickGetValue
                0x00000000       0x10 .\CortexM3\ARM_GCC_493\Debug\Node-Rhinoceros.a(CyLib.o)
 .text.CySysTickSetClockSource
                0x00000000       0x20 .\CortexM3\ARM_GCC_493\Debug\Node-Rhinoceros.a(CyLib.o)
 .text.CySysTickGetClockSource
                0x00000000       0x10 .\CortexM3\ARM_GCC_493\Debug\Node-Rhinoceros.a(CyLib.o)
 .text.CySysTickGetCountFlag
                0x00000000       0x10 .\CortexM3\ARM_GCC_493\Debug\Node-Rhinoceros.a(CyLib.o)
 .text.CySysTickServiceCallbacks
                0x00000000       0x28 .\CortexM3\ARM_GCC_493\Debug\Node-Rhinoceros.a(CyLib.o)
 .text.CySysTickClear
                0x00000000        0xc .\CortexM3\ARM_GCC_493\Debug\Node-Rhinoceros.a(CyLib.o)
 .text.CySysTickInit
                0x00000000       0x58 .\CortexM3\ARM_GCC_493\Debug\Node-Rhinoceros.a(CyLib.o)
 .text.CySysTickStart
                0x00000000       0x1c .\CortexM3\ARM_GCC_493\Debug\Node-Rhinoceros.a(CyLib.o)
 .text.CySysTickSetCallback
                0x00000000       0x10 .\CortexM3\ARM_GCC_493\Debug\Node-Rhinoceros.a(CyLib.o)
 .text.CySysTickGetCallback
                0x00000000       0x10 .\CortexM3\ARM_GCC_493\Debug\Node-Rhinoceros.a(CyLib.o)
 .text.CyGetUniqueId
                0x00000000       0x70 .\CortexM3\ARM_GCC_493\Debug\Node-Rhinoceros.a(CyLib.o)
 .text          0x00000000        0x0 .\CortexM3\ARM_GCC_493\Debug\Node-Rhinoceros.a(cyPm.o)
 .data          0x00000000        0x0 .\CortexM3\ARM_GCC_493\Debug\Node-Rhinoceros.a(cyPm.o)
 .bss           0x00000000       0x44 .\CortexM3\ARM_GCC_493\Debug\Node-Rhinoceros.a(cyPm.o)
 .text.CyPmHibSlpSaveSet
                0x00000000      0x1dc .\CortexM3\ARM_GCC_493\Debug\Node-Rhinoceros.a(cyPm.o)
 .text.CyPmHibSlpRestore
                0x00000000       0xd4 .\CortexM3\ARM_GCC_493\Debug\Node-Rhinoceros.a(cyPm.o)
 .text.CyPmHviLviSaveDisable
                0x00000000       0xa0 .\CortexM3\ARM_GCC_493\Debug\Node-Rhinoceros.a(cyPm.o)
 .text.CyPmHibSaveSet
                0x00000000       0x8c .\CortexM3\ARM_GCC_493\Debug\Node-Rhinoceros.a(cyPm.o)
 .text.CyPmHviLviRestore
                0x00000000       0x48 .\CortexM3\ARM_GCC_493\Debug\Node-Rhinoceros.a(cyPm.o)
 .text.CyPmHibRestore
                0x00000000       0x58 .\CortexM3\ARM_GCC_493\Debug\Node-Rhinoceros.a(cyPm.o)
 .text.CyPmSaveClocks
                0x00000000      0x218 .\CortexM3\ARM_GCC_493\Debug\Node-Rhinoceros.a(cyPm.o)
 .text.CyPmRestoreClocks
                0x00000000      0x24c .\CortexM3\ARM_GCC_493\Debug\Node-Rhinoceros.a(cyPm.o)
 .text.CyPmAltAct
                0x00000000       0x6c .\CortexM3\ARM_GCC_493\Debug\Node-Rhinoceros.a(cyPm.o)
 .text.CyPmSleep
                0x00000000       0xf4 .\CortexM3\ARM_GCC_493\Debug\Node-Rhinoceros.a(cyPm.o)
 .text.CyPmHibernateEx
                0x00000000       0xf4 .\CortexM3\ARM_GCC_493\Debug\Node-Rhinoceros.a(cyPm.o)
 .text.CyPmHibernate
                0x00000000        0xc .\CortexM3\ARM_GCC_493\Debug\Node-Rhinoceros.a(cyPm.o)
 .text.CyPmReadStatus
                0x00000000       0x30 .\CortexM3\ARM_GCC_493\Debug\Node-Rhinoceros.a(cyPm.o)
 .text.CyPmCtwSetInterval
                0x00000000       0x5c .\CortexM3\ARM_GCC_493\Debug\Node-Rhinoceros.a(cyPm.o)
 .text.CyPmOppsSet
                0x00000000       0x2c .\CortexM3\ARM_GCC_493\Debug\Node-Rhinoceros.a(cyPm.o)
 .text.CyPmFtwSetInterval
                0x00000000       0x5c .\CortexM3\ARM_GCC_493\Debug\Node-Rhinoceros.a(cyPm.o)
 .rodata        0x00000000       0x10 .\CortexM3\ARM_GCC_493\Debug\Node-Rhinoceros.a(cyPm.o)
 .text          0x00000000        0x0 .\CortexM3\ARM_GCC_493\Debug\Node-Rhinoceros.a(LCD.o)
 .data          0x00000000        0x0 .\CortexM3\ARM_GCC_493\Debug\Node-Rhinoceros.a(LCD.o)
 .text.LCD_Stop
                0x00000000       0x14 .\CortexM3\ARM_GCC_493\Debug\Node-Rhinoceros.a(LCD.o)
 .text.LCD_PrintInt16
                0x00000000       0x14 .\CortexM3\ARM_GCC_493\Debug\Node-Rhinoceros.a(LCD.o)
 .text.LCD_PrintInt32
                0x00000000       0x1c .\CortexM3\ARM_GCC_493\Debug\Node-Rhinoceros.a(LCD.o)
 .text.LCD_PrintU32Number
                0x00000000       0x60 .\CortexM3\ARM_GCC_493\Debug\Node-Rhinoceros.a(LCD.o)
 .text          0x00000000        0x0 .\CortexM3\ARM_GCC_493\Debug\Node-Rhinoceros.a(CAN.o)
 .data          0x00000000        0x0 .\CortexM3\ARM_GCC_493\Debug\Node-Rhinoceros.a(CAN.o)
 .text.CAN_Stop
                0x00000000       0x5c .\CortexM3\ARM_GCC_493\Debug\Node-Rhinoceros.a(CAN.o)
 .text.CAN_GlobalIntDisable
                0x00000000       0x20 .\CortexM3\ARM_GCC_493\Debug\Node-Rhinoceros.a(CAN.o)
 .text.CAN_SetOpMode
                0x00000000       0x7c .\CortexM3\ARM_GCC_493\Debug\Node-Rhinoceros.a(CAN.o)
 .text.CAN_RXRegisterInit
                0x00000000       0x5c .\CortexM3\ARM_GCC_493\Debug\Node-Rhinoceros.a(CAN.o)
 .text.CAN_GetTXErrorFlag
                0x00000000       0x18 .\CortexM3\ARM_GCC_493\Debug\Node-Rhinoceros.a(CAN.o)
 .text.CAN_GetRXErrorFlag
                0x00000000       0x18 .\CortexM3\ARM_GCC_493\Debug\Node-Rhinoceros.a(CAN.o)
 .text.CAN_GetTXErrorCount
                0x00000000        0xc .\CortexM3\ARM_GCC_493\Debug\Node-Rhinoceros.a(CAN.o)
 .text.CAN_GetRXErrorCount
                0x00000000        0xc .\CortexM3\ARM_GCC_493\Debug\Node-Rhinoceros.a(CAN.o)
 .text.CAN_GetErrorState
                0x00000000       0x10 .\CortexM3\ARM_GCC_493\Debug\Node-Rhinoceros.a(CAN.o)
 .text          0x00000000        0x0 .\CortexM3\ARM_GCC_493\Debug\Node-Rhinoceros.a(CAN_INT.o)
 .data          0x00000000        0x0 .\CortexM3\ARM_GCC_493\Debug\Node-Rhinoceros.a(CAN_INT.o)
 .bss           0x00000000        0x0 .\CortexM3\ARM_GCC_493\Debug\Node-Rhinoceros.a(CAN_INT.o)
 .text          0x00000000        0x0 .\CortexM3\ARM_GCC_493\Debug\Node-Rhinoceros.a(CAN_TX_RX_func.o)
 .data          0x00000000        0x0 .\CortexM3\ARM_GCC_493\Debug\Node-Rhinoceros.a(CAN_TX_RX_func.o)
 .bss           0x00000000        0x0 .\CortexM3\ARM_GCC_493\Debug\Node-Rhinoceros.a(CAN_TX_RX_func.o)
 .text.CAN_SendMsg
                0x00000000       0xd8 .\CortexM3\ARM_GCC_493\Debug\Node-Rhinoceros.a(CAN_TX_RX_func.o)
 .text.CAN_TxCancel
                0x00000000       0x1c .\CortexM3\ARM_GCC_493\Debug\Node-Rhinoceros.a(CAN_TX_RX_func.o)
 .data          0x00000000        0x0 .\CortexM3\ARM_GCC_493\Debug\Node-Rhinoceros.a(CyBootAsmGnu.o)
 .bss           0x00000000        0x0 .\CortexM3\ARM_GCC_493\Debug\Node-Rhinoceros.a(CyBootAsmGnu.o)
 .text          0x00000000        0x0 .\CortexM3\ARM_GCC_493\Debug\Node-Rhinoceros.a(CyFlash.o)
 .data          0x00000000        0x0 .\CortexM3\ARM_GCC_493\Debug\Node-Rhinoceros.a(CyFlash.o)
 .bss           0x00000000        0x4 .\CortexM3\ARM_GCC_493\Debug\Node-Rhinoceros.a(CyFlash.o)
 .text.CyFlashGetSpcAlgorithm
                0x00000000       0x4c .\CortexM3\ARM_GCC_493\Debug\Node-Rhinoceros.a(CyFlash.o)
 .text.CySetTempInt
                0x00000000       0x60 .\CortexM3\ARM_GCC_493\Debug\Node-Rhinoceros.a(CyFlash.o)
 .text.CyFlash_Start
                0x00000000       0x54 .\CortexM3\ARM_GCC_493\Debug\Node-Rhinoceros.a(CyFlash.o)
 .text.CyFlash_Stop
                0x00000000       0x24 .\CortexM3\ARM_GCC_493\Debug\Node-Rhinoceros.a(CyFlash.o)
 .text.CySetTemp
                0x00000000       0x14 .\CortexM3\ARM_GCC_493\Debug\Node-Rhinoceros.a(CyFlash.o)
 .text.CySetFlashEEBuffer
                0x00000000       0x28 .\CortexM3\ARM_GCC_493\Debug\Node-Rhinoceros.a(CyFlash.o)
 .text.CyWriteRowFull
                0x00000000       0xf8 .\CortexM3\ARM_GCC_493\Debug\Node-Rhinoceros.a(CyFlash.o)
 .text.CyWriteRowData
                0x00000000       0x14 .\CortexM3\ARM_GCC_493\Debug\Node-Rhinoceros.a(CyFlash.o)
 .text.CyFlash_SetWaitCycles
                0x00000000       0x7c .\CortexM3\ARM_GCC_493\Debug\Node-Rhinoceros.a(CyFlash.o)
 .text.CyEEPROM_Start
                0x00000000       0x54 .\CortexM3\ARM_GCC_493\Debug\Node-Rhinoceros.a(CyFlash.o)
 .text.CyEEPROM_Stop
                0x00000000       0x24 .\CortexM3\ARM_GCC_493\Debug\Node-Rhinoceros.a(CyFlash.o)
 .text.CyEEPROM_ReadReserve
                0x00000000       0x1c .\CortexM3\ARM_GCC_493\Debug\Node-Rhinoceros.a(CyFlash.o)
 .text.CyEEPROM_ReadRelease
                0x00000000       0x10 .\CortexM3\ARM_GCC_493\Debug\Node-Rhinoceros.a(CyFlash.o)
 COMMON         0x00000000        0x2 .\CortexM3\ARM_GCC_493\Debug\Node-Rhinoceros.a(CyFlash.o)
 .text          0x00000000        0x0 .\CortexM3\ARM_GCC_493\Debug\Node-Rhinoceros.a(CySpc.o)
 .data          0x00000000        0x0 .\CortexM3\ARM_GCC_493\Debug\Node-Rhinoceros.a(CySpc.o)
 .bss           0x00000000        0x8 .\CortexM3\ARM_GCC_493\Debug\Node-Rhinoceros.a(CySpc.o)
 .text.CySpcStart
                0x00000000       0x24 .\CortexM3\ARM_GCC_493\Debug\Node-Rhinoceros.a(CySpc.o)
 .text.CySpcStop
                0x00000000       0x24 .\CortexM3\ARM_GCC_493\Debug\Node-Rhinoceros.a(CySpc.o)
 .text.CySpcReadData
                0x00000000       0x34 .\CortexM3\ARM_GCC_493\Debug\Node-Rhinoceros.a(CySpc.o)
 .text.CySpcLoadMultiByte
                0x00000000       0x78 .\CortexM3\ARM_GCC_493\Debug\Node-Rhinoceros.a(CySpc.o)
 .text.CySpcLoadRow
                0x00000000       0x54 .\CortexM3\ARM_GCC_493\Debug\Node-Rhinoceros.a(CySpc.o)
 .text.CySpcLoadRowFull
                0x00000000       0x80 .\CortexM3\ARM_GCC_493\Debug\Node-Rhinoceros.a(CySpc.o)
 .text.CySpcWriteRow
                0x00000000       0x4c .\CortexM3\ARM_GCC_493\Debug\Node-Rhinoceros.a(CySpc.o)
 .text.CySpcEraseSector
                0x00000000       0x3c .\CortexM3\ARM_GCC_493\Debug\Node-Rhinoceros.a(CySpc.o)
 .text.CySpcGetTemp
                0x00000000       0x3c .\CortexM3\ARM_GCC_493\Debug\Node-Rhinoceros.a(CySpc.o)
 .text.CySpcLock
                0x00000000       0x4c .\CortexM3\ARM_GCC_493\Debug\Node-Rhinoceros.a(CySpc.o)
 .text.CySpcUnlock
                0x00000000       0x38 .\CortexM3\ARM_GCC_493\Debug\Node-Rhinoceros.a(CySpc.o)
 .text.CySpcGetAlgorithm
                0x00000000       0x28 .\CortexM3\ARM_GCC_493\Debug\Node-Rhinoceros.a(CySpc.o)
 .text          0x00000000        0x0 d:/programming/cypress/psoc creator/4.0/psoc creator/import/gnu/arm/4.9.3/bin/../lib/gcc/arm-none-eabi/4.9.3/../../../../arm-none-eabi/lib/armv7-m\libg_nano.a(lib_a-errno.o)
 .data          0x00000000        0x0 d:/programming/cypress/psoc creator/4.0/psoc creator/import/gnu/arm/4.9.3/bin/../lib/gcc/arm-none-eabi/4.9.3/../../../../arm-none-eabi/lib/armv7-m\libg_nano.a(lib_a-errno.o)
 .bss           0x00000000        0x0 d:/programming/cypress/psoc creator/4.0/psoc creator/import/gnu/arm/4.9.3/bin/../lib/gcc/arm-none-eabi/4.9.3/../../../../arm-none-eabi/lib/armv7-m\libg_nano.a(lib_a-errno.o)
 .text          0x00000000        0x0 d:/programming/cypress/psoc creator/4.0/psoc creator/import/gnu/arm/4.9.3/bin/../lib/gcc/arm-none-eabi/4.9.3/../../../../arm-none-eabi/lib/armv7-m\libg_nano.a(lib_a-exit.o)
 .data          0x00000000        0x0 d:/programming/cypress/psoc creator/4.0/psoc creator/import/gnu/arm/4.9.3/bin/../lib/gcc/arm-none-eabi/4.9.3/../../../../arm-none-eabi/lib/armv7-m\libg_nano.a(lib_a-exit.o)
 .bss           0x00000000        0x0 d:/programming/cypress/psoc creator/4.0/psoc creator/import/gnu/arm/4.9.3/bin/../lib/gcc/arm-none-eabi/4.9.3/../../../../arm-none-eabi/lib/armv7-m\libg_nano.a(lib_a-exit.o)
 .text.exit     0x00000000       0x28 d:/programming/cypress/psoc creator/4.0/psoc creator/import/gnu/arm/4.9.3/bin/../lib/gcc/arm-none-eabi/4.9.3/../../../../arm-none-eabi/lib/armv7-m\libg_nano.a(lib_a-exit.o)
 .text          0x00000000        0x0 d:/programming/cypress/psoc creator/4.0/psoc creator/import/gnu/arm/4.9.3/bin/../lib/gcc/arm-none-eabi/4.9.3/../../../../arm-none-eabi/lib/armv7-m\libg_nano.a(lib_a-impure.o)
 .data          0x00000000        0x0 d:/programming/cypress/psoc creator/4.0/psoc creator/import/gnu/arm/4.9.3/bin/../lib/gcc/arm-none-eabi/4.9.3/../../../../arm-none-eabi/lib/armv7-m\libg_nano.a(lib_a-impure.o)
 .bss           0x00000000        0x0 d:/programming/cypress/psoc creator/4.0/psoc creator/import/gnu/arm/4.9.3/bin/../lib/gcc/arm-none-eabi/4.9.3/../../../../arm-none-eabi/lib/armv7-m\libg_nano.a(lib_a-impure.o)
 .rodata._global_impure_ptr
                0x00000000        0x4 d:/programming/cypress/psoc creator/4.0/psoc creator/import/gnu/arm/4.9.3/bin/../lib/gcc/arm-none-eabi/4.9.3/../../../../arm-none-eabi/lib/armv7-m\libg_nano.a(lib_a-impure.o)
 .text          0x00000000        0x0 d:/programming/cypress/psoc creator/4.0/psoc creator/import/gnu/arm/4.9.3/bin/../lib/gcc/arm-none-eabi/4.9.3/../../../../arm-none-eabi/lib/armv7-m\libg_nano.a(lib_a-init.o)
 .data          0x00000000        0x0 d:/programming/cypress/psoc creator/4.0/psoc creator/import/gnu/arm/4.9.3/bin/../lib/gcc/arm-none-eabi/4.9.3/../../../../arm-none-eabi/lib/armv7-m\libg_nano.a(lib_a-init.o)
 .bss           0x00000000        0x0 d:/programming/cypress/psoc creator/4.0/psoc creator/import/gnu/arm/4.9.3/bin/../lib/gcc/arm-none-eabi/4.9.3/../../../../arm-none-eabi/lib/armv7-m\libg_nano.a(lib_a-init.o)
 .text          0x00000000        0x0 d:/programming/cypress/psoc creator/4.0/psoc creator/import/gnu/arm/4.9.3/bin/../lib/gcc/arm-none-eabi/4.9.3/../../../../arm-none-eabi/lib/armv7-m\libg_nano.a(lib_a-memcpy.o)
 .data          0x00000000        0x0 d:/programming/cypress/psoc creator/4.0/psoc creator/import/gnu/arm/4.9.3/bin/../lib/gcc/arm-none-eabi/4.9.3/../../../../arm-none-eabi/lib/armv7-m\libg_nano.a(lib_a-memcpy.o)
 .bss           0x00000000        0x0 d:/programming/cypress/psoc creator/4.0/psoc creator/import/gnu/arm/4.9.3/bin/../lib/gcc/arm-none-eabi/4.9.3/../../../../arm-none-eabi/lib/armv7-m\libg_nano.a(lib_a-memcpy.o)
 .text          0x00000000        0x0 d:/programming/cypress/psoc creator/4.0/psoc creator/import/gnu/arm/4.9.3/bin/../lib/gcc/arm-none-eabi/4.9.3/../../../../arm-none-eabi/lib/armv7-m\libg_nano.a(lib_a-memset.o)
 .data          0x00000000        0x0 d:/programming/cypress/psoc creator/4.0/psoc creator/import/gnu/arm/4.9.3/bin/../lib/gcc/arm-none-eabi/4.9.3/../../../../arm-none-eabi/lib/armv7-m\libg_nano.a(lib_a-memset.o)
 .bss           0x00000000        0x0 d:/programming/cypress/psoc creator/4.0/psoc creator/import/gnu/arm/4.9.3/bin/../lib/gcc/arm-none-eabi/4.9.3/../../../../arm-none-eabi/lib/armv7-m\libg_nano.a(lib_a-memset.o)
 .text          0x00000000        0x0 d:/programming/cypress/psoc creator/4.0/psoc creator/import/gnu/arm/4.9.3/bin/../lib/gcc/arm-none-eabi/4.9.3/../../../../arm-none-eabi/lib/armv7-m\libg_nano.a(lib_a-sprintf.o)
 .data          0x00000000        0x0 d:/programming/cypress/psoc creator/4.0/psoc creator/import/gnu/arm/4.9.3/bin/../lib/gcc/arm-none-eabi/4.9.3/../../../../arm-none-eabi/lib/armv7-m\libg_nano.a(lib_a-sprintf.o)
 .bss           0x00000000        0x0 d:/programming/cypress/psoc creator/4.0/psoc creator/import/gnu/arm/4.9.3/bin/../lib/gcc/arm-none-eabi/4.9.3/../../../../arm-none-eabi/lib/armv7-m\libg_nano.a(lib_a-sprintf.o)
 .text._sprintf_r
                0x00000000       0x40 d:/programming/cypress/psoc creator/4.0/psoc creator/import/gnu/arm/4.9.3/bin/../lib/gcc/arm-none-eabi/4.9.3/../../../../arm-none-eabi/lib/armv7-m\libg_nano.a(lib_a-sprintf.o)
 .text          0x00000000        0x0 d:/programming/cypress/psoc creator/4.0/psoc creator/import/gnu/arm/4.9.3/bin/../lib/gcc/arm-none-eabi/4.9.3/../../../../arm-none-eabi/lib/armv7-m\libg_nano.a(lib_a-nano-svfprintf.o)
 .data          0x00000000        0x0 d:/programming/cypress/psoc creator/4.0/psoc creator/import/gnu/arm/4.9.3/bin/../lib/gcc/arm-none-eabi/4.9.3/../../../../arm-none-eabi/lib/armv7-m\libg_nano.a(lib_a-nano-svfprintf.o)
 .bss           0x00000000        0x0 d:/programming/cypress/psoc creator/4.0/psoc creator/import/gnu/arm/4.9.3/bin/../lib/gcc/arm-none-eabi/4.9.3/../../../../arm-none-eabi/lib/armv7-m\libg_nano.a(lib_a-nano-svfprintf.o)
 .text.__ssprint_r
                0x00000000       0xfe d:/programming/cypress/psoc creator/4.0/psoc creator/import/gnu/arm/4.9.3/bin/../lib/gcc/arm-none-eabi/4.9.3/../../../../arm-none-eabi/lib/armv7-m\libg_nano.a(lib_a-nano-svfprintf.o)
 .text          0x00000000        0x0 d:/programming/cypress/psoc creator/4.0/psoc creator/import/gnu/arm/4.9.3/bin/../lib/gcc/arm-none-eabi/4.9.3/../../../../arm-none-eabi/lib/armv7-m\libg_nano.a(lib_a-nano-vfprintf_i.o)
 .data          0x00000000        0x0 d:/programming/cypress/psoc creator/4.0/psoc creator/import/gnu/arm/4.9.3/bin/../lib/gcc/arm-none-eabi/4.9.3/../../../../arm-none-eabi/lib/armv7-m\libg_nano.a(lib_a-nano-vfprintf_i.o)
 .bss           0x00000000        0x0 d:/programming/cypress/psoc creator/4.0/psoc creator/import/gnu/arm/4.9.3/bin/../lib/gcc/arm-none-eabi/4.9.3/../../../../arm-none-eabi/lib/armv7-m\libg_nano.a(lib_a-nano-vfprintf_i.o)
 .text          0x00000000        0x0 d:/programming/cypress/psoc creator/4.0/psoc creator/import/gnu/arm/4.9.3/bin/../lib/gcc/arm-none-eabi/4.9.3/../../../../arm-none-eabi/lib/armv7-m\libg_nano.a(lib_a-memchr.o)
 .data          0x00000000        0x0 d:/programming/cypress/psoc creator/4.0/psoc creator/import/gnu/arm/4.9.3/bin/../lib/gcc/arm-none-eabi/4.9.3/../../../../arm-none-eabi/lib/armv7-m\libg_nano.a(lib_a-memchr.o)
 .bss           0x00000000        0x0 d:/programming/cypress/psoc creator/4.0/psoc creator/import/gnu/arm/4.9.3/bin/../lib/gcc/arm-none-eabi/4.9.3/../../../../arm-none-eabi/lib/armv7-m\libg_nano.a(lib_a-memchr.o)
 .text          0x00000000        0x0 d:/programming/cypress/psoc creator/4.0/psoc creator/import/gnu/arm/4.9.3/bin/../lib/gcc/arm-none-eabi/4.9.3/../../../../arm-none-eabi/lib/armv7-m\libg_nano.a(lib_a-memmove.o)
 .data          0x00000000        0x0 d:/programming/cypress/psoc creator/4.0/psoc creator/import/gnu/arm/4.9.3/bin/../lib/gcc/arm-none-eabi/4.9.3/../../../../arm-none-eabi/lib/armv7-m\libg_nano.a(lib_a-memmove.o)
 .bss           0x00000000        0x0 d:/programming/cypress/psoc creator/4.0/psoc creator/import/gnu/arm/4.9.3/bin/../lib/gcc/arm-none-eabi/4.9.3/../../../../arm-none-eabi/lib/armv7-m\libg_nano.a(lib_a-memmove.o)
 .text          0x00000000        0x0 d:/programming/cypress/psoc creator/4.0/psoc creator/import/gnu/arm/4.9.3/bin/../lib/gcc/arm-none-eabi/4.9.3/../../../../arm-none-eabi/lib/armv7-m\libg_nano.a(lib_a-nano-freer.o)
 .data          0x00000000        0x0 d:/programming/cypress/psoc creator/4.0/psoc creator/import/gnu/arm/4.9.3/bin/../lib/gcc/arm-none-eabi/4.9.3/../../../../arm-none-eabi/lib/armv7-m\libg_nano.a(lib_a-nano-freer.o)
 .bss           0x00000000        0x0 d:/programming/cypress/psoc creator/4.0/psoc creator/import/gnu/arm/4.9.3/bin/../lib/gcc/arm-none-eabi/4.9.3/../../../../arm-none-eabi/lib/armv7-m\libg_nano.a(lib_a-nano-freer.o)
 .text          0x00000000        0x0 d:/programming/cypress/psoc creator/4.0/psoc creator/import/gnu/arm/4.9.3/bin/../lib/gcc/arm-none-eabi/4.9.3/../../../../arm-none-eabi/lib/armv7-m\libg_nano.a(lib_a-nano-mallocr.o)
 .data          0x00000000        0x0 d:/programming/cypress/psoc creator/4.0/psoc creator/import/gnu/arm/4.9.3/bin/../lib/gcc/arm-none-eabi/4.9.3/../../../../arm-none-eabi/lib/armv7-m\libg_nano.a(lib_a-nano-mallocr.o)
 .bss           0x00000000        0x0 d:/programming/cypress/psoc creator/4.0/psoc creator/import/gnu/arm/4.9.3/bin/../lib/gcc/arm-none-eabi/4.9.3/../../../../arm-none-eabi/lib/armv7-m\libg_nano.a(lib_a-nano-mallocr.o)
 .text          0x00000000        0x0 d:/programming/cypress/psoc creator/4.0/psoc creator/import/gnu/arm/4.9.3/bin/../lib/gcc/arm-none-eabi/4.9.3/../../../../arm-none-eabi/lib/armv7-m\libg_nano.a(lib_a-nano-reallocr.o)
 .data          0x00000000        0x0 d:/programming/cypress/psoc creator/4.0/psoc creator/import/gnu/arm/4.9.3/bin/../lib/gcc/arm-none-eabi/4.9.3/../../../../arm-none-eabi/lib/armv7-m\libg_nano.a(lib_a-nano-reallocr.o)
 .bss           0x00000000        0x0 d:/programming/cypress/psoc creator/4.0/psoc creator/import/gnu/arm/4.9.3/bin/../lib/gcc/arm-none-eabi/4.9.3/../../../../arm-none-eabi/lib/armv7-m\libg_nano.a(lib_a-nano-reallocr.o)
 .text          0x00000000        0x0 d:/programming/cypress/psoc creator/4.0/psoc creator/import/gnu/arm/4.9.3/bin/../lib/gcc/arm-none-eabi/4.9.3/../../../../arm-none-eabi/lib/armv7-m\libg_nano.a(lib_a-sbrkr.o)
 .data          0x00000000        0x0 d:/programming/cypress/psoc creator/4.0/psoc creator/import/gnu/arm/4.9.3/bin/../lib/gcc/arm-none-eabi/4.9.3/../../../../arm-none-eabi/lib/armv7-m\libg_nano.a(lib_a-sbrkr.o)
 .bss           0x00000000        0x0 d:/programming/cypress/psoc creator/4.0/psoc creator/import/gnu/arm/4.9.3/bin/../lib/gcc/arm-none-eabi/4.9.3/../../../../arm-none-eabi/lib/armv7-m\libg_nano.a(lib_a-sbrkr.o)
 .text          0x00000000        0x0 d:/programming/cypress/psoc creator/4.0/psoc creator/import/gnu/arm/4.9.3/bin/../lib/gcc/arm-none-eabi/4.9.3/../../../../arm-none-eabi/lib/armv7-m\libg_nano.a(lib_a-nano-msizer.o)
 .data          0x00000000        0x0 d:/programming/cypress/psoc creator/4.0/psoc creator/import/gnu/arm/4.9.3/bin/../lib/gcc/arm-none-eabi/4.9.3/../../../../arm-none-eabi/lib/armv7-m\libg_nano.a(lib_a-nano-msizer.o)
 .bss           0x00000000        0x0 d:/programming/cypress/psoc creator/4.0/psoc creator/import/gnu/arm/4.9.3/bin/../lib/gcc/arm-none-eabi/4.9.3/../../../../arm-none-eabi/lib/armv7-m\libg_nano.a(lib_a-nano-msizer.o)
 .text          0x00000000        0x0 d:/programming/cypress/psoc creator/4.0/psoc creator/import/gnu/arm/4.9.3/bin/../lib/gcc/arm-none-eabi/4.9.3/../../../../arm-none-eabi/lib/armv7-m\libg_nano.a(lib_a-reent.o)
 .data          0x00000000        0x0 d:/programming/cypress/psoc creator/4.0/psoc creator/import/gnu/arm/4.9.3/bin/../lib/gcc/arm-none-eabi/4.9.3/../../../../arm-none-eabi/lib/armv7-m\libg_nano.a(lib_a-reent.o)
 .bss           0x00000000        0x0 d:/programming/cypress/psoc creator/4.0/psoc creator/import/gnu/arm/4.9.3/bin/../lib/gcc/arm-none-eabi/4.9.3/../../../../arm-none-eabi/lib/armv7-m\libg_nano.a(lib_a-reent.o)
 .text.cleanup_glue
                0x00000000       0x1a d:/programming/cypress/psoc creator/4.0/psoc creator/import/gnu/arm/4.9.3/bin/../lib/gcc/arm-none-eabi/4.9.3/../../../../arm-none-eabi/lib/armv7-m\libg_nano.a(lib_a-reent.o)
 .text._reclaim_reent
                0x00000000       0xb4 d:/programming/cypress/psoc creator/4.0/psoc creator/import/gnu/arm/4.9.3/bin/../lib/gcc/arm-none-eabi/4.9.3/../../../../arm-none-eabi/lib/armv7-m\libg_nano.a(lib_a-reent.o)
 .text          0x00000000        0x0 d:/programming/cypress/psoc creator/4.0/psoc creator/import/gnu/arm/4.9.3/bin/../lib/gcc/arm-none-eabi/4.9.3/armv7-m/crtend.o
 .data          0x00000000        0x0 d:/programming/cypress/psoc creator/4.0/psoc creator/import/gnu/arm/4.9.3/bin/../lib/gcc/arm-none-eabi/4.9.3/armv7-m/crtend.o
 .bss           0x00000000        0x0 d:/programming/cypress/psoc creator/4.0/psoc creator/import/gnu/arm/4.9.3/bin/../lib/gcc/arm-none-eabi/4.9.3/armv7-m/crtend.o
 .text          0x00000000        0x0 d:/programming/cypress/psoc creator/4.0/psoc creator/import/gnu/arm/4.9.3/bin/../lib/gcc/arm-none-eabi/4.9.3/armv7-m/crtn.o
 .data          0x00000000        0x0 d:/programming/cypress/psoc creator/4.0/psoc creator/import/gnu/arm/4.9.3/bin/../lib/gcc/arm-none-eabi/4.9.3/armv7-m/crtn.o
 .bss           0x00000000        0x0 d:/programming/cypress/psoc creator/4.0/psoc creator/import/gnu/arm/4.9.3/bin/../lib/gcc/arm-none-eabi/4.9.3/armv7-m/crtn.o

Memory Configuration

Name             Origin             Length             Attributes
rom              0x00000000         0x00040000         xr
ram              0x1fff8000         0x00010000         xrw
*default*        0x00000000         0xffffffff

Linker script and memory map

LOAD d:/programming/cypress/psoc creator/4.0/psoc creator/import/gnu/arm/4.9.3/bin/../lib/gcc/arm-none-eabi/4.9.3/armv7-m/crti.o
LOAD d:/programming/cypress/psoc creator/4.0/psoc creator/import/gnu/arm/4.9.3/bin/../lib/gcc/arm-none-eabi/4.9.3/armv7-m/crtbegin.o
LOAD d:/programming/cypress/psoc creator/4.0/psoc creator/import/gnu/arm/4.9.3/bin/../lib/gcc/arm-none-eabi/4.9.3/../../../../arm-none-eabi/lib/armv7-m/crt0.o
START GROUP
LOAD .\CortexM3\ARM_GCC_493\Debug\main.o
LOAD .\CortexM3\ARM_GCC_493\Debug\can_manager.o
LOAD .\CortexM3\ARM_GCC_493\Debug\lcd_manager.o
LOAD .\CortexM3\ARM_GCC_493\Debug\cymetadata.o
LOAD .\CortexM3\ARM_GCC_493\Debug\Cm3Start.o
LOAD .\CortexM3\ARM_GCC_493\Debug\Node-Rhinoceros.a
LOAD D:\Programming\Cypress\PSoC Creator\4.0\PSoC Creator\psoc\content\cycomponentlibrary\CyComponentLibrary.cylib\CortexM3\ARM_GCC_493\Debug\CyComponentLibrary.a
END GROUP
START GROUP
LOAD d:/programming/cypress/psoc creator/4.0/psoc creator/import/gnu/arm/4.9.3/bin/../lib/gcc/arm-none-eabi/4.9.3/armv7-m\libgcc.a
LOAD d:/programming/cypress/psoc creator/4.0/psoc creator/import/gnu/arm/4.9.3/bin/../lib/gcc/arm-none-eabi/4.9.3/../../../../arm-none-eabi/lib/armv7-m\libg_nano.a
LOAD d:/programming/cypress/psoc creator/4.0/psoc creator/import/gnu/arm/4.9.3/bin/../lib/gcc/arm-none-eabi/4.9.3/../../../../arm-none-eabi/lib/armv7-m\libc_nano.a
END GROUP
START GROUP
LOAD d:/programming/cypress/psoc creator/4.0/psoc creator/import/gnu/arm/4.9.3/bin/../lib/gcc/arm-none-eabi/4.9.3/armv7-m\libgcc.a
LOAD d:/programming/cypress/psoc creator/4.0/psoc creator/import/gnu/arm/4.9.3/bin/../lib/gcc/arm-none-eabi/4.9.3/../../../../arm-none-eabi/lib/armv7-m\libc_nano.a
END GROUP
LOAD d:/programming/cypress/psoc creator/4.0/psoc creator/import/gnu/arm/4.9.3/bin/../lib/gcc/arm-none-eabi/4.9.3/armv7-m/crtend.o
LOAD d:/programming/cypress/psoc creator/4.0/psoc creator/import/gnu/arm/4.9.3/bin/../lib/gcc/arm-none-eabi/4.9.3/armv7-m/crtn.o
START GROUP
LOAD d:/programming/cypress/psoc creator/4.0/psoc creator/import/gnu/arm/4.9.3/bin/../lib/gcc/arm-none-eabi/4.9.3/armv7-m\libgcc.a
LOAD d:/programming/cypress/psoc creator/4.0/psoc creator/import/gnu/arm/4.9.3/bin/../lib/gcc/arm-none-eabi/4.9.3/../../../../arm-none-eabi/lib/armv7-m\libc.a
LOAD d:/programming/cypress/psoc creator/4.0/psoc creator/import/gnu/arm/4.9.3/bin/../lib/gcc/arm-none-eabi/4.9.3/../../../../arm-none-eabi/lib/armv7-m\libnosys.a
END GROUP
                0x00000000                CY_APPL_ORIGIN = 0x0
                0x00000100                CY_FLASH_ROW_SIZE = 0x100
                0x00000020                CY_ECC_ROW_SIZE = 0x20
                0x00000000                CY_EE_IN_BTLDR = 0x0
                0x00000000                CY_APPL_LOADABLE = 0x0
                0x00000800                CY_EE_SIZE = 0x800
                0x00000001                CY_APPL_NUM = 0x1
                0x00000001                CY_APPL_MAX = 0x1
                0x00000040                CY_METADATA_SIZE = 0x40
                0x00000000                CY_APPL_LOADABLE = 0x0
                0x00000000                CY_CHECKSUM_EXCLUDE_SIZE = ALIGN (0x0, CY_FLASH_ROW_SIZE)
                0x1fff81f8                PROVIDE (__cy_heap_start, _end)
                0x00000001                PROVIDE (__cy_region_num, ((__cy_regions_end - __cy_regions) / 0x10))
                0x20008000                PROVIDE (__cy_stack, (ORIGIN (ram) + 0x10000))
                0x20007800                PROVIDE (__cy_heap_end, (__cy_stack - 0x800))

.cybootloader   0x00000000        0x0
 *(.cybootloader)
                0x00000000                appl1_start = CY_APPL_ORIGIN?CY_APPL_ORIGIN:ALIGN (CY_FLASH_ROW_SIZE)
                0x0001ff00                appl2_start = (appl1_start + ALIGN ((((0x40000 - appl1_start) - (0x2 * CY_FLASH_ROW_SIZE)) / 0x2), CY_FLASH_ROW_SIZE))
                0x00000000                appl_start = (CY_APPL_NUM == 0x1)?appl1_start:appl2_start
                0x00000000                ecc_offset = ((appl_start / CY_FLASH_ROW_SIZE) * CY_ECC_ROW_SIZE)
                0x00000000                ee_offset = (CY_APPL_LOADABLE && ! (CY_EE_IN_BTLDR))?((CY_EE_SIZE / CY_APPL_MAX) * (CY_APPL_NUM - 0x1)):0x0
                0x00000800                ee_size = (CY_APPL_LOADABLE && ! (CY_EE_IN_BTLDR))?(CY_EE_SIZE / CY_APPL_MAX):CY_EE_SIZE
                0x00000000                PROVIDE (CY_ECC_OFFSET, ecc_offset)

.text           0x00000000     0x17bc
 CREATE_OBJECT_SYMBOLS
                0x00000000                PROVIDE (__cy_interrupt_vector, RomVectors)
 *(.romvectors)
 .romvectors    0x00000000       0x10 .\CortexM3\ARM_GCC_493\Debug\Cm3Start.o
                0x00000000                RomVectors
                0x00000001                ASSERT ((. != __cy_interrupt_vector), No interrupt vector)
                0x00000001                ASSERT (CY_APPL_ORIGIN?(SIZEOF (.cybootloader) <= CY_APPL_ORIGIN):0x1, Wrong image location)
                0x00000010                PROVIDE (__cy_reset, Reset)
 *(.text.Reset)
 .text.Reset    0x00000010       0x18 .\CortexM3\ARM_GCC_493\Debug\Cm3Start.o
                0x00000010                Reset
                0x00000001                ASSERT ((. != __cy_reset), No reset code)
 *(.dma_init)
                0x00000001                ASSERT ((((appl_start + .) <= 0x10000) || 0x1), DMA Init must be within the first 64k of flash)
 *(.text .text.* .gnu.linkonce.t.*)
 .text          0x00000028       0x5c d:/programming/cypress/psoc creator/4.0/psoc creator/import/gnu/arm/4.9.3/bin/../lib/gcc/arm-none-eabi/4.9.3/armv7-m/crtbegin.o
 .text.main     0x00000084       0x24 .\CortexM3\ARM_GCC_493\Debug\main.o
                0x00000084                main
 .text.can_msg_init
                0x000000a8       0x1c .\CortexM3\ARM_GCC_493\Debug\can_manager.o
                0x000000a8                can_msg_init
 .text.can_init
                0x000000c4       0x48 .\CortexM3\ARM_GCC_493\Debug\can_manager.o
                0x000000c4                can_init
 .text.can_compare
                0x0000010c       0x9c .\CortexM3\ARM_GCC_493\Debug\can_manager.o
                0x0000010c                can_compare
 .text.can_process_BMS_STATUS
                0x000001a8       0x30 .\CortexM3\ARM_GCC_493\Debug\can_manager.o
                0x000001a8                can_process_BMS_STATUS
 .text.can_process_BMS_CURR
                0x000001d8       0x48 .\CortexM3\ARM_GCC_493\Debug\can_manager.o
                0x000001d8                can_process_BMS_CURR
 .text.can_process_BMS_VOLT
                0x00000220       0x68 .\CortexM3\ARM_GCC_493\Debug\can_manager.o
                0x00000220                can_process_BMS_VOLT
 .text.can_process_BMS_TEMP
                0x00000288       0x1c .\CortexM3\ARM_GCC_493\Debug\can_manager.o
                0x00000288                can_process_BMS_TEMP
 .text.can_process
                0x000002a4       0x7c .\CortexM3\ARM_GCC_493\Debug\can_manager.o
                0x000002a4                can_process
 .text.lcd_init
                0x00000320       0x4c .\CortexM3\ARM_GCC_493\Debug\lcd_manager.o
                0x00000320                lcd_init
 .text.lcd_print_bms
                0x0000036c       0x4c .\CortexM3\ARM_GCC_493\Debug\lcd_manager.o
                0x0000036c                lcd_print_bms
 .text.IntDefaultHandler
                0x000003b8       0x10 .\CortexM3\ARM_GCC_493\Debug\Cm3Start.o
                0x000003b8                IntDefaultHandler
 .text._sbrk    0x000003c8       0x30 .\CortexM3\ARM_GCC_493\Debug\Cm3Start.o
                0x000003c8                _sbrk
 .text.Start_c  0x000003f8       0x4c .\CortexM3\ARM_GCC_493\Debug\Cm3Start.o
                0x000003f8                Start_c
 .text.initialize_psoc
                0x00000444       0x74 .\CortexM3\ARM_GCC_493\Debug\Cm3Start.o
                0x00000444                initialize_psoc
 .text.CyClockStartupError
                0x000004b8        0x4 .\CortexM3\ARM_GCC_493\Debug\Node-Rhinoceros.a(cyfitter_cfg.o)
 .text.cfg_write_bytes32
                0x000004bc       0x34 .\CortexM3\ARM_GCC_493\Debug\Node-Rhinoceros.a(cyfitter_cfg.o)
 .text.AnalogSetDefault
                0x000004f0       0x28 .\CortexM3\ARM_GCC_493\Debug\Node-Rhinoceros.a(cyfitter_cfg.o)
 .text.CYMEMZERO
                0x00000518        0xc .\CortexM3\ARM_GCC_493\Debug\Node-Rhinoceros.a(cyfitter_cfg.o)
 .text.ClockSetup
                0x00000524       0x9c .\CortexM3\ARM_GCC_493\Debug\Node-Rhinoceros.a(cyfitter_cfg.o)
 .text.CYCONFIGCPY
                0x000005c0        0x8 .\CortexM3\ARM_GCC_493\Debug\Node-Rhinoceros.a(cyfitter_cfg.o)
 .text.cyfitter_cfg
                0x000005c8      0x100 .\CortexM3\ARM_GCC_493\Debug\Node-Rhinoceros.a(cyfitter_cfg.o)
                0x000005c8                cyfitter_cfg
 .text.CyHalt   0x000006c8        0x4 .\CortexM3\ARM_GCC_493\Debug\Node-Rhinoceros.a(CyLib.o)
                0x000006c8                CyHalt
 .text.CyDelay  0x000006cc       0x2c .\CortexM3\ARM_GCC_493\Debug\Node-Rhinoceros.a(CyLib.o)
                0x000006cc                CyDelay
 .text.CyDelayUs
                0x000006f8       0x14 .\CortexM3\ARM_GCC_493\Debug\Node-Rhinoceros.a(CyLib.o)
                0x000006f8                CyDelayUs
 .text.CyIntSetVector
                0x0000070c       0x28 .\CortexM3\ARM_GCC_493\Debug\Node-Rhinoceros.a(CyLib.o)
                0x0000070c                CyIntSetVector
 .text.CyIntSetPriority
                0x00000734       0x30 .\CortexM3\ARM_GCC_493\Debug\Node-Rhinoceros.a(CyLib.o)
                0x00000734                CyIntSetPriority
 .text.LCD_WrCntrlNib
                0x00000764       0x34 .\CortexM3\ARM_GCC_493\Debug\Node-Rhinoceros.a(LCD.o)
 .text.LCD_WrDatNib
                0x00000798       0x44 .\CortexM3\ARM_GCC_493\Debug\Node-Rhinoceros.a(LCD.o)
 .text.LCD_IsReady
                0x000007dc       0xe4 .\CortexM3\ARM_GCC_493\Debug\Node-Rhinoceros.a(LCD.o)
                0x000007dc                LCD_IsReady
 .text.LCD_WriteData
                0x000008c0       0x18 .\CortexM3\ARM_GCC_493\Debug\Node-Rhinoceros.a(LCD.o)
                0x000008c0                LCD_WriteData
 .text.LCD_PrintString
                0x000008d8       0x1c .\CortexM3\ARM_GCC_493\Debug\Node-Rhinoceros.a(LCD.o)
                0x000008d8                LCD_PrintString
 .text.LCD_PutChar
                0x000008f4        0x8 .\CortexM3\ARM_GCC_493\Debug\Node-Rhinoceros.a(LCD.o)
                0x000008f4                LCD_PutChar
 .text.LCD_WriteControl
                0x000008fc       0x18 .\CortexM3\ARM_GCC_493\Debug\Node-Rhinoceros.a(LCD.o)
                0x000008fc                LCD_WriteControl
 .text.LCD_Init
                0x00000914       0x6c .\CortexM3\ARM_GCC_493\Debug\Node-Rhinoceros.a(LCD.o)
                0x00000914                LCD_Init
 .text.LCD_Enable
                0x00000980       0x14 .\CortexM3\ARM_GCC_493\Debug\Node-Rhinoceros.a(LCD.o)
                0x00000980                LCD_Enable
 .text.LCD_Start
                0x00000994       0x1c .\CortexM3\ARM_GCC_493\Debug\Node-Rhinoceros.a(LCD.o)
                0x00000994                LCD_Start
 .text.LCD_Position
                0x000009b0       0x3c .\CortexM3\ARM_GCC_493\Debug\Node-Rhinoceros.a(LCD.o)
                0x000009b0                LCD_Position
 .text.LCD_PrintInt8
                0x000009ec       0x20 .\CortexM3\ARM_GCC_493\Debug\Node-Rhinoceros.a(LCD.o)
                0x000009ec                LCD_PrintInt8
 .text.CAN_GlobalIntEnable
                0x00000a0c       0x20 .\CortexM3\ARM_GCC_493\Debug\Node-Rhinoceros.a(CAN.o)
                0x00000a0c                CAN_GlobalIntEnable
 .text.CAN_Enable
                0x00000a2c       0x6c .\CortexM3\ARM_GCC_493\Debug\Node-Rhinoceros.a(CAN.o)
                0x00000a2c                CAN_Enable
 .text.CAN_SetPreScaler
                0x00000a98       0x24 .\CortexM3\ARM_GCC_493\Debug\Node-Rhinoceros.a(CAN.o)
                0x00000a98                CAN_SetPreScaler
 .text.CAN_SetArbiter
                0x00000abc       0x3c .\CortexM3\ARM_GCC_493\Debug\Node-Rhinoceros.a(CAN.o)
                0x00000abc                CAN_SetArbiter
 .text.CAN_SetTsegSample
                0x00000af8       0x84 .\CortexM3\ARM_GCC_493\Debug\Node-Rhinoceros.a(CAN.o)
                0x00000af8                CAN_SetTsegSample
 .text.CAN_SetRestartType
                0x00000b7c       0x3c .\CortexM3\ARM_GCC_493\Debug\Node-Rhinoceros.a(CAN.o)
                0x00000b7c                CAN_SetRestartType
 .text.CAN_SetEdgeMode
                0x00000bb8       0x3c .\CortexM3\ARM_GCC_493\Debug\Node-Rhinoceros.a(CAN.o)
                0x00000bb8                CAN_SetEdgeMode
 .text.CAN_SetIrqMask
                0x00000bf4       0x18 .\CortexM3\ARM_GCC_493\Debug\Node-Rhinoceros.a(CAN.o)
                0x00000bf4                CAN_SetIrqMask
 .text.CAN_RxBufConfig
                0x00000c0c       0x90 .\CortexM3\ARM_GCC_493\Debug\Node-Rhinoceros.a(CAN.o)
                0x00000c0c                CAN_RxBufConfig
 .text.CAN_TxBufConfig
                0x00000c9c       0x54 .\CortexM3\ARM_GCC_493\Debug\Node-Rhinoceros.a(CAN.o)
                0x00000c9c                CAN_TxBufConfig
 .text.CAN_RxTxBuffersConfig
                0x00000cf0       0x50 .\CortexM3\ARM_GCC_493\Debug\Node-Rhinoceros.a(CAN.o)
                0x00000cf0                CAN_RxTxBuffersConfig
 .text.CAN_Init
                0x00000d40       0xe4 .\CortexM3\ARM_GCC_493\Debug\Node-Rhinoceros.a(CAN.o)
                0x00000d40                CAN_Init
 .text.CAN_Start
                0x00000e24       0x24 .\CortexM3\ARM_GCC_493\Debug\Node-Rhinoceros.a(CAN.o)
                0x00000e24                CAN_Start
 .text.CAN_MsgRXIsr
                0x00000e48       0x44 .\CortexM3\ARM_GCC_493\Debug\Node-Rhinoceros.a(CAN_INT.o)
                0x00000e48                CAN_MsgRXIsr
 .text.CAN_ISR  0x00000e8c       0x18 .\CortexM3\ARM_GCC_493\Debug\Node-Rhinoceros.a(CAN_INT.o)
                0x00000e8c                CAN_ISR
 .text.CAN_ReceiveMsg
                0x00000ea4       0x64 .\CortexM3\ARM_GCC_493\Debug\Node-Rhinoceros.a(CAN_TX_RX_func.o)
                0x00000ea4                CAN_ReceiveMsg
 .text          0x00000f08       0x20 .\CortexM3\ARM_GCC_493\Debug\Node-Rhinoceros.a(CyBootAsmGnu.o)
                0x00000f08                CyDelayCycles
                0x00000f18                CyEnterCriticalSection
                0x00000f20                CyExitCriticalSection
 .text.__errno  0x00000f28        0xc d:/programming/cypress/psoc creator/4.0/psoc creator/import/gnu/arm/4.9.3/bin/../lib/gcc/arm-none-eabi/4.9.3/../../../../arm-none-eabi/lib/armv7-m\libg_nano.a(lib_a-errno.o)
                0x00000f28                __errno
 .text.__libc_init_array
                0x00000f34       0x4c d:/programming/cypress/psoc creator/4.0/psoc creator/import/gnu/arm/4.9.3/bin/../lib/gcc/arm-none-eabi/4.9.3/../../../../arm-none-eabi/lib/armv7-m\libg_nano.a(lib_a-init.o)
                0x00000f34                __libc_init_array
 .text.memcpy   0x00000f80       0x16 d:/programming/cypress/psoc creator/4.0/psoc creator/import/gnu/arm/4.9.3/bin/../lib/gcc/arm-none-eabi/4.9.3/../../../../arm-none-eabi/lib/armv7-m\libg_nano.a(lib_a-memcpy.o)
                0x00000f80                memcpy
 .text.memset   0x00000f96       0x10 d:/programming/cypress/psoc creator/4.0/psoc creator/import/gnu/arm/4.9.3/bin/../lib/gcc/arm-none-eabi/4.9.3/../../../../arm-none-eabi/lib/armv7-m\libg_nano.a(lib_a-memset.o)
                0x00000f96                memset
 *fill*         0x00000fa6        0x2 
 .text.sprintf  0x00000fa8       0x48 d:/programming/cypress/psoc creator/4.0/psoc creator/import/gnu/arm/4.9.3/bin/../lib/gcc/arm-none-eabi/4.9.3/../../../../arm-none-eabi/lib/armv7-m\libg_nano.a(lib_a-sprintf.o)
                0x00000fa8                siprintf
                0x00000fa8                sprintf
 .text.__ssputs_r
                0x00000ff0       0xb2 d:/programming/cypress/psoc creator/4.0/psoc creator/import/gnu/arm/4.9.3/bin/../lib/gcc/arm-none-eabi/4.9.3/../../../../arm-none-eabi/lib/armv7-m\libg_nano.a(lib_a-nano-svfprintf.o)
                0x00000ff0                __ssputs_r
 *fill*         0x000010a2        0x2 
 .text._svfprintf_r
                0x000010a4      0x1e4 d:/programming/cypress/psoc creator/4.0/psoc creator/import/gnu/arm/4.9.3/bin/../lib/gcc/arm-none-eabi/4.9.3/../../../../arm-none-eabi/lib/armv7-m\libg_nano.a(lib_a-nano-svfprintf.o)
                0x000010a4                _svfiprintf_r
                0x000010a4                _svfprintf_r
 .text._printf_common
                0x00001288       0xea d:/programming/cypress/psoc creator/4.0/psoc creator/import/gnu/arm/4.9.3/bin/../lib/gcc/arm-none-eabi/4.9.3/../../../../arm-none-eabi/lib/armv7-m\libg_nano.a(lib_a-nano-vfprintf_i.o)
                0x00001288                _printf_common
 *fill*         0x00001372        0x2 
 .text._printf_i
                0x00001374      0x240 d:/programming/cypress/psoc creator/4.0/psoc creator/import/gnu/arm/4.9.3/bin/../lib/gcc/arm-none-eabi/4.9.3/../../../../arm-none-eabi/lib/armv7-m\libg_nano.a(lib_a-nano-vfprintf_i.o)
                0x00001374                _printf_i
 .text.memchr   0x000015b4       0x1c d:/programming/cypress/psoc creator/4.0/psoc creator/import/gnu/arm/4.9.3/bin/../lib/gcc/arm-none-eabi/4.9.3/../../../../arm-none-eabi/lib/armv7-m\libg_nano.a(lib_a-memchr.o)
                0x000015b4                memchr
 .text.memmove  0x000015d0       0x36 d:/programming/cypress/psoc creator/4.0/psoc creator/import/gnu/arm/4.9.3/bin/../lib/gcc/arm-none-eabi/4.9.3/../../../../arm-none-eabi/lib/armv7-m\libg_nano.a(lib_a-memmove.o)
                0x000015d0                memmove
 *fill*         0x00001606        0x2 
 .text._free_r  0x00001608       0x88 d:/programming/cypress/psoc creator/4.0/psoc creator/import/gnu/arm/4.9.3/bin/../lib/gcc/arm-none-eabi/4.9.3/../../../../arm-none-eabi/lib/armv7-m\libg_nano.a(lib_a-nano-freer.o)
                0x00001608                _free_r
 .text._malloc_r
                0x00001690       0xac d:/programming/cypress/psoc creator/4.0/psoc creator/import/gnu/arm/4.9.3/bin/../lib/gcc/arm-none-eabi/4.9.3/../../../../arm-none-eabi/lib/armv7-m\libg_nano.a(lib_a-nano-mallocr.o)
                0x00001690                _malloc_r
 .text._realloc_r
                0x0000173c       0x4c d:/programming/cypress/psoc creator/4.0/psoc creator/import/gnu/arm/4.9.3/bin/../lib/gcc/arm-none-eabi/4.9.3/../../../../arm-none-eabi/lib/armv7-m\libg_nano.a(lib_a-nano-reallocr.o)
                0x0000173c                _realloc_r
 .text._sbrk_r  0x00001788       0x20 d:/programming/cypress/psoc creator/4.0/psoc creator/import/gnu/arm/4.9.3/bin/../lib/gcc/arm-none-eabi/4.9.3/../../../../arm-none-eabi/lib/armv7-m\libg_nano.a(lib_a-sbrkr.o)
                0x00001788                _sbrk_r
 .text._malloc_usable_size_r
                0x000017a8       0x14 d:/programming/cypress/psoc creator/4.0/psoc creator/import/gnu/arm/4.9.3/bin/../lib/gcc/arm-none-eabi/4.9.3/../../../../arm-none-eabi/lib/armv7-m\libg_nano.a(lib_a-nano-msizer.o)
                0x000017a8                _malloc_usable_size_r
 *(.plt)
 *(.gnu.warning)
 *(.glue_7t)
 .glue_7t       0x00000000        0x0 linker stubs
 *(.glue_7)
 .glue_7        0x00000000        0x0 linker stubs
 *(.vfp11_veneer)
 .vfp11_veneer  0x00000000        0x0 linker stubs
 *(.bootloader)
 *(.ARM.extab* .gnu.linkonce.armextab.*)
 *(.gcc_except_table)

.v4_bx          0x000017bc        0x0
 .v4_bx         0x00000000        0x0 linker stubs

.iplt           0x000017bc        0x0
 .iplt          0x00000000        0x0 d:/programming/cypress/psoc creator/4.0/psoc creator/import/gnu/arm/4.9.3/bin/../lib/gcc/arm-none-eabi/4.9.3/armv7-m/crtbegin.o

.eh_frame_hdr
 *(.eh_frame_hdr)

.eh_frame       0x000017bc        0x4
 *(.eh_frame)
 .eh_frame      0x000017bc        0x0 d:/programming/cypress/psoc creator/4.0/psoc creator/import/gnu/arm/4.9.3/bin/../lib/gcc/arm-none-eabi/4.9.3/armv7-m/crtbegin.o
 .eh_frame      0x000017bc        0x4 d:/programming/cypress/psoc creator/4.0/psoc creator/import/gnu/arm/4.9.3/bin/../lib/gcc/arm-none-eabi/4.9.3/armv7-m/crtend.o
                0x000017c0                PROVIDE (__exidx_start, .)

.ARM.exidx
 *(.ARM.exidx* .gnu.linkonce.armexidx.*)
                0x000017c0                __exidx_end = .

.rodata         0x000017c0      0x290
 *(.rodata .rodata.* .gnu.linkonce.r.*)
 .rodata.str1.4
                0x000017c0       0x23 .\CortexM3\ARM_GCC_493\Debug\can_manager.o
                                 0x24 (size before relaxing)
 *fill*         0x000017e3        0x1 
 .rodata.str1.4
                0x000017e4       0x54 .\CortexM3\ARM_GCC_493\Debug\lcd_manager.o
 .rodata        0x00001838       0x38 .\CortexM3\ARM_GCC_493\Debug\Node-Rhinoceros.a(cyfitter_cfg.o)
 .rodata        0x00001870       0x10 .\CortexM3\ARM_GCC_493\Debug\Node-Rhinoceros.a(LCD.o)
 .rodata        0x00001880      0x160 .\CortexM3\ARM_GCC_493\Debug\Node-Rhinoceros.a(CAN.o)
 .rodata.str1.1
                0x000019e0        0x2 d:/programming/cypress/psoc creator/4.0/psoc creator/import/gnu/arm/4.9.3/bin/../lib/gcc/arm-none-eabi/4.9.3/../../../../arm-none-eabi/lib/armv7-m\libg_nano.a(lib_a-impure.o)
 .rodata.str1.1
                0x000019e2       0x11 d:/programming/cypress/psoc creator/4.0/psoc creator/import/gnu/arm/4.9.3/bin/../lib/gcc/arm-none-eabi/4.9.3/../../../../arm-none-eabi/lib/armv7-m\libg_nano.a(lib_a-nano-svfprintf.o)
 .rodata.str1.1
                0x000019f3       0x22 d:/programming/cypress/psoc creator/4.0/psoc creator/import/gnu/arm/4.9.3/bin/../lib/gcc/arm-none-eabi/4.9.3/../../../../arm-none-eabi/lib/armv7-m\libg_nano.a(lib_a-nano-vfprintf_i.o)
                0x00001a18                . = ALIGN (0x4)
 *fill*         0x00001a15        0x3 
 *(.init)
 .init          0x00001a18        0x4 d:/programming/cypress/psoc creator/4.0/psoc creator/import/gnu/arm/4.9.3/bin/../lib/gcc/arm-none-eabi/4.9.3/armv7-m/crti.o
                0x00001a18                _init
 .init          0x00001a1c        0x8 d:/programming/cypress/psoc creator/4.0/psoc creator/import/gnu/arm/4.9.3/bin/../lib/gcc/arm-none-eabi/4.9.3/armv7-m/crtn.o
                0x00001a24                . = ALIGN (0x4)
                0x00001a24                __preinit_array_start = .
 *(.preinit_array)
                0x00001a24                __preinit_array_end = .
                0x00001a24                . = ALIGN (0x4)
                0x00001a24                __init_array_start = .
 *(SORT(.init_array.*))
 *(.init_array)
 .init_array    0x00001a24        0x4 d:/programming/cypress/psoc creator/4.0/psoc creator/import/gnu/arm/4.9.3/bin/../lib/gcc/arm-none-eabi/4.9.3/armv7-m/crtbegin.o
 .init_array    0x00001a28        0x4 .\CortexM3\ARM_GCC_493\Debug\Cm3Start.o
                0x00001a2c                __init_array_end = .
                0x00001a2c                . = ALIGN (0x4)
 *(.fini)
 .fini          0x00001a2c        0x4 d:/programming/cypress/psoc creator/4.0/psoc creator/import/gnu/arm/4.9.3/bin/../lib/gcc/arm-none-eabi/4.9.3/armv7-m/crti.o
                0x00001a2c                _fini
 .fini          0x00001a30        0x8 d:/programming/cypress/psoc creator/4.0/psoc creator/import/gnu/arm/4.9.3/bin/../lib/gcc/arm-none-eabi/4.9.3/armv7-m/crtn.o
                0x00001a38                . = ALIGN (0x4)
                0x00001a38                __fini_array_start = .
 *(.fini_array)
 .fini_array    0x00001a38        0x4 d:/programming/cypress/psoc creator/4.0/psoc creator/import/gnu/arm/4.9.3/bin/../lib/gcc/arm-none-eabi/4.9.3/armv7-m/crtbegin.o
 *(SORT(.fini_array.*))
                0x00001a3c                __fini_array_end = .
                0x00001a3c                . = ALIGN (0x4)
 *crtbegin.o(.ctors)
 *(EXCLUDE_FILE(*crtend.o) .ctors)
 *(SORT(.ctors.*))
 *crtend.o(.ctors)
                0x00001a3c                . = ALIGN (0x4)
 *crtbegin.o(.dtors)
 *(EXCLUDE_FILE(*crtend.o) .dtors)
 *(SORT(.dtors.*))
 *crtend.o(.dtors)
                0x00001a3c                . = ALIGN (0x4)
                0x00001a3c                __cy_regions = .
                0x00001a3c        0x4 LONG 0x1a50 __cy_region_init_ram
                0x00001a40        0x4 LONG 0x1fff8108 __cy_region_start_data
                0x00001a44        0x4 LONG 0x80 __cy_region_init_size_ram
                0x00001a48        0x4 LONG 0x70 __cy_region_zero_size_ram
                0x00001a4c                __cy_regions_end = .
                0x00001a50                . = ALIGN (0x8)
 *fill*         0x00001a4c        0x4 
                0x00001a50                _etext = .

.cy_checksum_exclude
                0x00001a50        0x0
 *(.cy_checksum_exclude)

.ramvectors     0x1fff8000      0x100
                0x1fff8000                __cy_region_start_ram = .
 *(.ramvectors)
 .ramvectors    0x1fff8000      0x100 .\CortexM3\ARM_GCC_493\Debug\Cm3Start.o
                0x1fff8000                CyRamVectors

.noinit         0x1fff8100        0x5
 *(.noinit)
 .noinit        0x1fff8100        0x4 .\CortexM3\ARM_GCC_493\Debug\Cm3Start.o
 .noinit        0x1fff8104        0x1 .\CortexM3\ARM_GCC_493\Debug\Node-Rhinoceros.a(CyLib.o)
                0x1fff8104                CyResetStatus

.data           0x1fff8108       0x80 load address 0x00001a50
                0x1fff8108                __cy_region_start_data = .
 *(.jcr)
 .jcr           0x1fff8108        0x0 d:/programming/cypress/psoc creator/4.0/psoc creator/import/gnu/arm/4.9.3/bin/../lib/gcc/arm-none-eabi/4.9.3/armv7-m/crtbegin.o
 .jcr           0x1fff8108        0x4 d:/programming/cypress/psoc creator/4.0/psoc creator/import/gnu/arm/4.9.3/bin/../lib/gcc/arm-none-eabi/4.9.3/armv7-m/crtend.o
 *(.got.plt)
 *(.got)
 *(.shdata)
 *(.data .data.* .gnu.linkonce.d.*)
 .data          0x1fff810c        0x4 .\CortexM3\ARM_GCC_493\Debug\Cm3Start.o
 .data          0x1fff8110       0x10 .\CortexM3\ARM_GCC_493\Debug\Node-Rhinoceros.a(CyLib.o)
                0x1fff8110                cydelay_32k_ms
                0x1fff8114                cydelay_freq_khz
                0x1fff8118                cydelay_freq_mhz
                0x1fff811c                cydelay_freq_hz
 .data.impure_data
                0x1fff8120       0x60 d:/programming/cypress/psoc creator/4.0/psoc creator/import/gnu/arm/4.9.3/bin/../lib/gcc/arm-none-eabi/4.9.3/../../../../arm-none-eabi/lib/armv7-m\libg_nano.a(lib_a-impure.o)
 .data._impure_ptr
                0x1fff8180        0x4 d:/programming/cypress/psoc creator/4.0/psoc creator/import/gnu/arm/4.9.3/bin/../lib/gcc/arm-none-eabi/4.9.3/../../../../arm-none-eabi/lib/armv7-m\libg_nano.a(lib_a-impure.o)
                0x1fff8180                _impure_ptr
                0x1fff8188                . = ALIGN (0x8)
 *fill*         0x1fff8184        0x4 
 *(.ram)
                0x1fff8188                _edata = .

.igot.plt       0x1fff8188        0x0 load address 0x00001ad0
 .igot.plt      0x00000000        0x0 d:/programming/cypress/psoc creator/4.0/psoc creator/import/gnu/arm/4.9.3/bin/../lib/gcc/arm-none-eabi/4.9.3/armv7-m/crtbegin.o

.bss            0x1fff8188       0x70 load address 0x00001ad0
                0x1fff8188                PROVIDE (__bss_start__, .)
 *(.shbss)
 *(.bss .bss.* .gnu.linkonce.b.*)
 .bss           0x1fff8188       0x1c d:/programming/cypress/psoc creator/4.0/psoc creator/import/gnu/arm/4.9.3/bin/../lib/gcc/arm-none-eabi/4.9.3/armv7-m/crtbegin.o
 .bss           0x1fff81a4        0x2 .\CortexM3\ARM_GCC_493\Debug\Node-Rhinoceros.a(LCD.o)
                0x1fff81a4                LCD_enableState
                0x1fff81a5                LCD_initVar
 .bss           0x1fff81a6        0x1 .\CortexM3\ARM_GCC_493\Debug\Node-Rhinoceros.a(CAN.o)
                0x1fff81a6                CAN_initVar
 *fill*         0x1fff81a7        0x1 
 .bss.__malloc_sbrk_start
                0x1fff81a8        0x4 d:/programming/cypress/psoc creator/4.0/psoc creator/import/gnu/arm/4.9.3/bin/../lib/gcc/arm-none-eabi/4.9.3/../../../../arm-none-eabi/lib/armv7-m\libg_nano.a(lib_a-nano-mallocr.o)
                0x1fff81a8                __malloc_sbrk_start
 .bss.__malloc_free_list
                0x1fff81ac        0x4 d:/programming/cypress/psoc creator/4.0/psoc creator/import/gnu/arm/4.9.3/bin/../lib/gcc/arm-none-eabi/4.9.3/../../../../arm-none-eabi/lib/armv7-m\libg_nano.a(lib_a-nano-mallocr.o)
                0x1fff81ac                __malloc_free_list
 *(COMMON)
 COMMON         0x1fff81b0       0x40 .\CortexM3\ARM_GCC_493\Debug\can_manager.o
                0x1fff81b0                BMS_CURRENT
                0x1fff81c0                BMS_STATUS
                0x1fff81d0                BMS_VOLTAGE
                0x1fff81e0                BMS_TEMP
 COMMON         0x1fff81f0        0x4 d:/programming/cypress/psoc creator/4.0/psoc creator/import/gnu/arm/4.9.3/bin/../lib/gcc/arm-none-eabi/4.9.3/../../../../arm-none-eabi/lib/armv7-m\libg_nano.a(lib_a-reent.o)
                0x1fff81f0                errno
                0x1fff81f8                . = ALIGN (0x8)
 *fill*         0x1fff81f4        0x4 
 *(.ram.b)
                0x1fff81f8                _end = .
                0x1fff81f8                __end = .
                0x1fff81f8                PROVIDE (end, .)
                0x1fff81f8                PROVIDE (__bss_end__, .)
                0x00001a50                __cy_region_init_ram = LOADADDR (.data)
                0x00000080                __cy_region_init_size_ram = (_edata - ADDR (.data))
                0x00000070                __cy_region_zero_size_ram = (_end - _edata)

.heap           0x1fff81f8       0x80 load address 0x00001ad0
                0x1fff81f8                . = _end
                0x1fff8278                . = (. + 0x80)
 *fill*         0x1fff81f8       0x80 
                0x1fff8278                __cy_heap_limit = .

.stack          0x20007800      0x800
                0x20007800                __cy_stack_limit = .
                0x20008000                . = (. + 0x800)
 *fill*         0x20007800      0x800 
                0x00000001                ASSERT ((__cy_stack_limit >= __cy_heap_limit), region RAM overflowed with stack)
                0x00000000                cy_checksum_exclude_size = (CY_APPL_LOADABLE == 0x1)?SIZEOF (.cy_checksum_exclude):0x0
                0x00000001                ASSERT ((cy_checksum_exclude_size <= CY_CHECKSUM_EXCLUDE_SIZE), CY_BOOT: Section .cy_checksum_exclude size exceedes specified limit.)

.cyloadermeta
 *(.cyloadermeta)

.cyloadablemeta
 *(.cyloadablemeta)

.cyconfigecc    0x80000000       0x90
 *(.cyconfigecc)
 .cyconfigecc   0x80000000       0x90 .\CortexM3\ARM_GCC_493\Debug\cymetadata.o
                0x80000000                cy_meta_configecc

.cycustnvl      0x90000000        0x4
 *(.cycustnvl)
 .cycustnvl     0x90000000        0x4 .\CortexM3\ARM_GCC_493\Debug\cymetadata.o
                0x90000000                cy_meta_custnvl

.cywolatch      0x90100000        0x4
 *(.cywolatch)
 .cywolatch     0x90100000        0x4 .\CortexM3\ARM_GCC_493\Debug\cymetadata.o
                0x90100000                cy_meta_wonvl

.cyeeprom       0x90200000        0x0
 *(.cyeeprom)
                0x00000001                ASSERT ((. <= ((0x90200000 + ee_offset) + ee_size)), .cyeeprom data will not fit in EEPROM)

.cyflashprotect
                0x90400000      0x100
 *(.cyflashprotect)
 .cyflashprotect
                0x90400000      0x100 .\CortexM3\ARM_GCC_493\Debug\cymetadata.o
                0x90400000                cy_meta_flashprotect

.cymeta         0x90500000        0xc
 *(.cymeta)
 .cymeta        0x90500000        0xc .\CortexM3\ARM_GCC_493\Debug\cymetadata.o
                0x90500000                cy_metadata

.rel.dyn        0x00001ad0        0x0 load address 0x9050000c
 .rel.iplt      0x00000000        0x0 d:/programming/cypress/psoc creator/4.0/psoc creator/import/gnu/arm/4.9.3/bin/../lib/gcc/arm-none-eabi/4.9.3/armv7-m/crtbegin.o

.stab
 *(.stab)

.stabstr
 *(.stabstr)

.debug
 *(.debug)

.line
 *(.line)

.debug_srcinfo
 *(.debug_srcinfo)

.debug_sfnames
 *(.debug_sfnames)

.debug_aranges  0x00000000      0x788
 *(.debug_aranges)
 .debug_aranges
                0x00000000       0x28 .\CortexM3\ARM_GCC_493\Debug\main.o
 .debug_aranges
                0x00000028       0x68 .\CortexM3\ARM_GCC_493\Debug\can_manager.o
 .debug_aranges
                0x00000090       0x38 .\CortexM3\ARM_GCC_493\Debug\lcd_manager.o
 .debug_aranges
                0x000000c8       0x18 .\CortexM3\ARM_GCC_493\Debug\cymetadata.o
 .debug_aranges
                0x000000e0       0x48 .\CortexM3\ARM_GCC_493\Debug\Cm3Start.o
 .debug_aranges
                0x00000128       0x58 .\CortexM3\ARM_GCC_493\Debug\Node-Rhinoceros.a(cyfitter_cfg.o)
 .debug_aranges
                0x00000180      0x2a0 .\CortexM3\ARM_GCC_493\Debug\Node-Rhinoceros.a(CyLib.o)
 .debug_aranges
                0x00000420       0x98 .\CortexM3\ARM_GCC_493\Debug\Node-Rhinoceros.a(cyPm.o)
 .debug_aranges
                0x000004b8       0x98 .\CortexM3\ARM_GCC_493\Debug\Node-Rhinoceros.a(LCD.o)
 .debug_aranges
                0x00000550       0xc8 .\CortexM3\ARM_GCC_493\Debug\Node-Rhinoceros.a(CAN.o)
 .debug_aranges
                0x00000618       0x28 .\CortexM3\ARM_GCC_493\Debug\Node-Rhinoceros.a(CAN_INT.o)
 .debug_aranges
                0x00000640       0x30 .\CortexM3\ARM_GCC_493\Debug\Node-Rhinoceros.a(CAN_TX_RX_func.o)
 .debug_aranges
                0x00000670       0x20 .\CortexM3\ARM_GCC_493\Debug\Node-Rhinoceros.a(CyBootAsmGnu.o)
 .debug_aranges
                0x00000690       0x80 .\CortexM3\ARM_GCC_493\Debug\Node-Rhinoceros.a(CyFlash.o)
 .debug_aranges
                0x00000710       0x78 .\CortexM3\ARM_GCC_493\Debug\Node-Rhinoceros.a(CySpc.o)

.debug_pubnames
 *(.debug_pubnames)

.debug_info     0x00000000     0x58bb
 *(.debug_info .gnu.linkonce.wi.*)
 .debug_info    0x00000000      0x26b .\CortexM3\ARM_GCC_493\Debug\main.o
 .debug_info    0x0000026b      0x7bc .\CortexM3\ARM_GCC_493\Debug\can_manager.o
 .debug_info    0x00000a27      0x4a7 .\CortexM3\ARM_GCC_493\Debug\lcd_manager.o
 .debug_info    0x00000ece      0x13a .\CortexM3\ARM_GCC_493\Debug\cymetadata.o
 .debug_info    0x00001008      0x3b3 .\CortexM3\ARM_GCC_493\Debug\Cm3Start.o
 .debug_info    0x000013bb      0x4f8 .\CortexM3\ARM_GCC_493\Debug\Node-Rhinoceros.a(cyfitter_cfg.o)
 .debug_info    0x000018b3     0x1385 .\CortexM3\ARM_GCC_493\Debug\Node-Rhinoceros.a(CyLib.o)
 .debug_info    0x00002c38      0xa57 .\CortexM3\ARM_GCC_493\Debug\Node-Rhinoceros.a(cyPm.o)
 .debug_info    0x0000368f      0x716 .\CortexM3\ARM_GCC_493\Debug\Node-Rhinoceros.a(LCD.o)
 .debug_info    0x00003da5      0x937 .\CortexM3\ARM_GCC_493\Debug\Node-Rhinoceros.a(CAN.o)
 .debug_info    0x000046dc      0x209 .\CortexM3\ARM_GCC_493\Debug\Node-Rhinoceros.a(CAN_INT.o)
 .debug_info    0x000048e5      0x44d .\CortexM3\ARM_GCC_493\Debug\Node-Rhinoceros.a(CAN_TX_RX_func.o)
 .debug_info    0x00004d32       0x97 .\CortexM3\ARM_GCC_493\Debug\Node-Rhinoceros.a(CyBootAsmGnu.o)
 .debug_info    0x00004dc9      0x608 .\CortexM3\ARM_GCC_493\Debug\Node-Rhinoceros.a(CyFlash.o)
 .debug_info    0x000053d1      0x4ea .\CortexM3\ARM_GCC_493\Debug\Node-Rhinoceros.a(CySpc.o)

.debug_abbrev   0x00000000     0x1772
 *(.debug_abbrev)
 .debug_abbrev  0x00000000      0x17b .\CortexM3\ARM_GCC_493\Debug\main.o
 .debug_abbrev  0x0000017b      0x209 .\CortexM3\ARM_GCC_493\Debug\can_manager.o
 .debug_abbrev  0x00000384      0x18b .\CortexM3\ARM_GCC_493\Debug\lcd_manager.o
 .debug_abbrev  0x0000050f       0x5d .\CortexM3\ARM_GCC_493\Debug\cymetadata.o
 .debug_abbrev  0x0000056c      0x1f7 .\CortexM3\ARM_GCC_493\Debug\Cm3Start.o
 .debug_abbrev  0x00000763      0x203 .\CortexM3\ARM_GCC_493\Debug\Node-Rhinoceros.a(cyfitter_cfg.o)
 .debug_abbrev  0x00000966      0x296 .\CortexM3\ARM_GCC_493\Debug\Node-Rhinoceros.a(CyLib.o)
 .debug_abbrev  0x00000bfc      0x1ed .\CortexM3\ARM_GCC_493\Debug\Node-Rhinoceros.a(cyPm.o)
 .debug_abbrev  0x00000de9      0x171 .\CortexM3\ARM_GCC_493\Debug\Node-Rhinoceros.a(LCD.o)
 .debug_abbrev  0x00000f5a      0x1de .\CortexM3\ARM_GCC_493\Debug\Node-Rhinoceros.a(CAN.o)
 .debug_abbrev  0x00001138       0xdc .\CortexM3\ARM_GCC_493\Debug\Node-Rhinoceros.a(CAN_INT.o)
 .debug_abbrev  0x00001214      0x19c .\CortexM3\ARM_GCC_493\Debug\Node-Rhinoceros.a(CAN_TX_RX_func.o)
 .debug_abbrev  0x000013b0       0x14 .\CortexM3\ARM_GCC_493\Debug\Node-Rhinoceros.a(CyBootAsmGnu.o)
 .debug_abbrev  0x000013c4      0x1ed .\CortexM3\ARM_GCC_493\Debug\Node-Rhinoceros.a(CyFlash.o)
 .debug_abbrev  0x000015b1      0x1c1 .\CortexM3\ARM_GCC_493\Debug\Node-Rhinoceros.a(CySpc.o)

.debug_line     0x00000000     0x22d0
 *(.debug_line)
 .debug_line    0x00000000      0x1a5 .\CortexM3\ARM_GCC_493\Debug\main.o
 .debug_line    0x000001a5      0x2dd .\CortexM3\ARM_GCC_493\Debug\can_manager.o
 .debug_line    0x00000482      0x1bd .\CortexM3\ARM_GCC_493\Debug\lcd_manager.o
 .debug_line    0x0000063f       0x51 .\CortexM3\ARM_GCC_493\Debug\cymetadata.o
 .debug_line    0x00000690      0x23f .\CortexM3\ARM_GCC_493\Debug\Cm3Start.o
 .debug_line    0x000008cf      0x1d2 .\CortexM3\ARM_GCC_493\Debug\Node-Rhinoceros.a(cyfitter_cfg.o)
 .debug_line    0x00000aa1      0x816 .\CortexM3\ARM_GCC_493\Debug\Node-Rhinoceros.a(CyLib.o)
 .debug_line    0x000012b7      0x364 .\CortexM3\ARM_GCC_493\Debug\Node-Rhinoceros.a(cyPm.o)
 .debug_line    0x0000161b      0x1dc .\CortexM3\ARM_GCC_493\Debug\Node-Rhinoceros.a(LCD.o)
 .debug_line    0x000017f7      0x37e .\CortexM3\ARM_GCC_493\Debug\Node-Rhinoceros.a(CAN.o)
 .debug_line    0x00001b75       0x9c .\CortexM3\ARM_GCC_493\Debug\Node-Rhinoceros.a(CAN_INT.o)
 .debug_line    0x00001c11      0x233 .\CortexM3\ARM_GCC_493\Debug\Node-Rhinoceros.a(CAN_TX_RX_func.o)
 .debug_line    0x00001e44       0x66 .\CortexM3\ARM_GCC_493\Debug\Node-Rhinoceros.a(CyBootAsmGnu.o)
 .debug_line    0x00001eaa      0x1ea .\CortexM3\ARM_GCC_493\Debug\Node-Rhinoceros.a(CyFlash.o)
 .debug_line    0x00002094      0x23c .\CortexM3\ARM_GCC_493\Debug\Node-Rhinoceros.a(CySpc.o)

.debug_frame    0x00000000     0x17a8
 *(.debug_frame)
 .debug_frame   0x00000000       0x48 .\CortexM3\ARM_GCC_493\Debug\main.o
 .debug_frame   0x00000048      0x12c .\CortexM3\ARM_GCC_493\Debug\can_manager.o
 .debug_frame   0x00000174       0x90 .\CortexM3\ARM_GCC_493\Debug\lcd_manager.o
 .debug_frame   0x00000204       0xb8 .\CortexM3\ARM_GCC_493\Debug\Cm3Start.o
 .debug_frame   0x000002bc       0xe4 .\CortexM3\ARM_GCC_493\Debug\Node-Rhinoceros.a(cyfitter_cfg.o)
 .debug_frame   0x000003a0      0x738 .\CortexM3\ARM_GCC_493\Debug\Node-Rhinoceros.a(CyLib.o)
 .debug_frame   0x00000ad8      0x1f8 .\CortexM3\ARM_GCC_493\Debug\Node-Rhinoceros.a(cyPm.o)
 .debug_frame   0x00000cd0      0x1e4 .\CortexM3\ARM_GCC_493\Debug\Node-Rhinoceros.a(LCD.o)
 .debug_frame   0x00000eb4      0x1cc .\CortexM3\ARM_GCC_493\Debug\Node-Rhinoceros.a(CAN.o)
 .debug_frame   0x00001080       0x4c .\CortexM3\ARM_GCC_493\Debug\Node-Rhinoceros.a(CAN_INT.o)
 .debug_frame   0x000010cc       0x6c .\CortexM3\ARM_GCC_493\Debug\Node-Rhinoceros.a(CAN_TX_RX_func.o)
 .debug_frame   0x00001138      0x174 .\CortexM3\ARM_GCC_493\Debug\Node-Rhinoceros.a(CyFlash.o)
 .debug_frame   0x000012ac      0x160 .\CortexM3\ARM_GCC_493\Debug\Node-Rhinoceros.a(CySpc.o)
 .debug_frame   0x0000140c       0x20 d:/programming/cypress/psoc creator/4.0/psoc creator/import/gnu/arm/4.9.3/bin/../lib/gcc/arm-none-eabi/4.9.3/../../../../arm-none-eabi/lib/armv7-m\libg_nano.a(lib_a-errno.o)
 .debug_frame   0x0000142c       0x28 d:/programming/cypress/psoc creator/4.0/psoc creator/import/gnu/arm/4.9.3/bin/../lib/gcc/arm-none-eabi/4.9.3/../../../../arm-none-eabi/lib/armv7-m\libg_nano.a(lib_a-exit.o)
 .debug_frame   0x00001454       0x2c d:/programming/cypress/psoc creator/4.0/psoc creator/import/gnu/arm/4.9.3/bin/../lib/gcc/arm-none-eabi/4.9.3/../../../../arm-none-eabi/lib/armv7-m\libg_nano.a(lib_a-init.o)
 .debug_frame   0x00001480       0x28 d:/programming/cypress/psoc creator/4.0/psoc creator/import/gnu/arm/4.9.3/bin/../lib/gcc/arm-none-eabi/4.9.3/../../../../arm-none-eabi/lib/armv7-m\libg_nano.a(lib_a-memcpy.o)
 .debug_frame   0x000014a8       0x20 d:/programming/cypress/psoc creator/4.0/psoc creator/import/gnu/arm/4.9.3/bin/../lib/gcc/arm-none-eabi/4.9.3/../../../../arm-none-eabi/lib/armv7-m\libg_nano.a(lib_a-memset.o)
 .debug_frame   0x000014c8       0x70 d:/programming/cypress/psoc creator/4.0/psoc creator/import/gnu/arm/4.9.3/bin/../lib/gcc/arm-none-eabi/4.9.3/../../../../arm-none-eabi/lib/armv7-m\libg_nano.a(lib_a-sprintf.o)
 .debug_frame   0x00001538       0x8c d:/programming/cypress/psoc creator/4.0/psoc creator/import/gnu/arm/4.9.3/bin/../lib/gcc/arm-none-eabi/4.9.3/../../../../arm-none-eabi/lib/armv7-m\libg_nano.a(lib_a-nano-svfprintf.o)
 .debug_frame   0x000015c4       0x58 d:/programming/cypress/psoc creator/4.0/psoc creator/import/gnu/arm/4.9.3/bin/../lib/gcc/arm-none-eabi/4.9.3/../../../../arm-none-eabi/lib/armv7-m\libg_nano.a(lib_a-nano-vfprintf_i.o)
 .debug_frame   0x0000161c       0x28 d:/programming/cypress/psoc creator/4.0/psoc creator/import/gnu/arm/4.9.3/bin/../lib/gcc/arm-none-eabi/4.9.3/../../../../arm-none-eabi/lib/armv7-m\libg_nano.a(lib_a-memchr.o)
 .debug_frame   0x00001644       0x28 d:/programming/cypress/psoc creator/4.0/psoc creator/import/gnu/arm/4.9.3/bin/../lib/gcc/arm-none-eabi/4.9.3/../../../../arm-none-eabi/lib/armv7-m\libg_nano.a(lib_a-memmove.o)
 .debug_frame   0x0000166c       0x2c d:/programming/cypress/psoc creator/4.0/psoc creator/import/gnu/arm/4.9.3/bin/../lib/gcc/arm-none-eabi/4.9.3/../../../../arm-none-eabi/lib/armv7-m\libg_nano.a(lib_a-nano-freer.o)
 .debug_frame   0x00001698       0x2c d:/programming/cypress/psoc creator/4.0/psoc creator/import/gnu/arm/4.9.3/bin/../lib/gcc/arm-none-eabi/4.9.3/../../../../arm-none-eabi/lib/armv7-m\libg_nano.a(lib_a-nano-mallocr.o)
 .debug_frame   0x000016c4       0x3c d:/programming/cypress/psoc creator/4.0/psoc creator/import/gnu/arm/4.9.3/bin/../lib/gcc/arm-none-eabi/4.9.3/../../../../arm-none-eabi/lib/armv7-m\libg_nano.a(lib_a-nano-reallocr.o)
 .debug_frame   0x00001700       0x2c d:/programming/cypress/psoc creator/4.0/psoc creator/import/gnu/arm/4.9.3/bin/../lib/gcc/arm-none-eabi/4.9.3/../../../../arm-none-eabi/lib/armv7-m\libg_nano.a(lib_a-sbrkr.o)
 .debug_frame   0x0000172c       0x20 d:/programming/cypress/psoc creator/4.0/psoc creator/import/gnu/arm/4.9.3/bin/../lib/gcc/arm-none-eabi/4.9.3/../../../../arm-none-eabi/lib/armv7-m\libg_nano.a(lib_a-nano-msizer.o)
 .debug_frame   0x0000174c       0x5c d:/programming/cypress/psoc creator/4.0/psoc creator/import/gnu/arm/4.9.3/bin/../lib/gcc/arm-none-eabi/4.9.3/../../../../arm-none-eabi/lib/armv7-m\libg_nano.a(lib_a-reent.o)

.debug_str      0x00000000     0x19d5
 *(.debug_str)
 .debug_str     0x00000000      0x226 .\CortexM3\ARM_GCC_493\Debug\main.o
                                0x286 (size before relaxing)
 .debug_str     0x00000226      0x1dd .\CortexM3\ARM_GCC_493\Debug\can_manager.o
                                0x40d (size before relaxing)
 .debug_str     0x00000403       0x80 .\CortexM3\ARM_GCC_493\Debug\lcd_manager.o
                                0x2e8 (size before relaxing)
 .debug_str     0x00000483       0x75 .\CortexM3\ARM_GCC_493\Debug\cymetadata.o
                                0x1f1 (size before relaxing)
 .debug_str     0x000004f8      0x158 .\CortexM3\ARM_GCC_493\Debug\Cm3Start.o
                                0x305 (size before relaxing)
 .debug_str     0x00000650      0x154 .\CortexM3\ARM_GCC_493\Debug\Node-Rhinoceros.a(cyfitter_cfg.o)
                                0x30a (size before relaxing)
 .debug_str     0x000007a4      0x811 .\CortexM3\ARM_GCC_493\Debug\Node-Rhinoceros.a(CyLib.o)
                                0xa42 (size before relaxing)
 .debug_str     0x00000fb5      0x359 .\CortexM3\ARM_GCC_493\Debug\Node-Rhinoceros.a(cyPm.o)
                                0x722 (size before relaxing)
 .debug_str     0x0000130e      0x115 .\CortexM3\ARM_GCC_493\Debug\Node-Rhinoceros.a(LCD.o)
                                0x326 (size before relaxing)
 .debug_str     0x00001423      0x2b5 .\CortexM3\ARM_GCC_493\Debug\Node-Rhinoceros.a(CAN.o)
                                0x4e9 (size before relaxing)
 .debug_str     0x000016d8       0x53 .\CortexM3\ARM_GCC_493\Debug\Node-Rhinoceros.a(CAN_INT.o)
                                0x240 (size before relaxing)
 .debug_str     0x0000172b       0x62 .\CortexM3\ARM_GCC_493\Debug\Node-Rhinoceros.a(CAN_TX_RX_func.o)
                                0x348 (size before relaxing)
 .debug_str     0x0000178d      0x19c .\CortexM3\ARM_GCC_493\Debug\Node-Rhinoceros.a(CyFlash.o)
                                0x39c (size before relaxing)
 .debug_str     0x00001929       0xac .\CortexM3\ARM_GCC_493\Debug\Node-Rhinoceros.a(CySpc.o)
                                0x325 (size before relaxing)

.debug_loc      0x00000000     0x2c83
 *(.debug_loc)
 .debug_loc     0x00000000       0x21 .\CortexM3\ARM_GCC_493\Debug\main.o
 .debug_loc     0x00000021      0x48b .\CortexM3\ARM_GCC_493\Debug\can_manager.o
 .debug_loc     0x000004ac       0x21 .\CortexM3\ARM_GCC_493\Debug\lcd_manager.o
 .debug_loc     0x000004cd      0x144 .\CortexM3\ARM_GCC_493\Debug\Cm3Start.o
 .debug_loc     0x00000611      0x1d7 .\CortexM3\ARM_GCC_493\Debug\Node-Rhinoceros.a(cyfitter_cfg.o)
 .debug_loc     0x000007e8      0xa11 .\CortexM3\ARM_GCC_493\Debug\Node-Rhinoceros.a(CyLib.o)
 .debug_loc     0x000011f9      0x1e4 .\CortexM3\ARM_GCC_493\Debug\Node-Rhinoceros.a(cyPm.o)
 .debug_loc     0x000013dd      0x3c6 .\CortexM3\ARM_GCC_493\Debug\Node-Rhinoceros.a(LCD.o)
 .debug_loc     0x000017a3      0x983 .\CortexM3\ARM_GCC_493\Debug\Node-Rhinoceros.a(CAN.o)
 .debug_loc     0x00002126       0x54 .\CortexM3\ARM_GCC_493\Debug\Node-Rhinoceros.a(CAN_INT.o)
 .debug_loc     0x0000217a      0x1bc .\CortexM3\ARM_GCC_493\Debug\Node-Rhinoceros.a(CAN_TX_RX_func.o)
 .debug_loc     0x00002336      0x300 .\CortexM3\ARM_GCC_493\Debug\Node-Rhinoceros.a(CyFlash.o)
 .debug_loc     0x00002636      0x64d .\CortexM3\ARM_GCC_493\Debug\Node-Rhinoceros.a(CySpc.o)

.debug_macinfo
 *(.debug_macinfo)

.debug_ranges   0x00000000      0x680
 *(.debug_ranges)
 .debug_ranges  0x00000000       0x18 .\CortexM3\ARM_GCC_493\Debug\main.o
 .debug_ranges  0x00000018       0x58 .\CortexM3\ARM_GCC_493\Debug\can_manager.o
 .debug_ranges  0x00000070       0x28 .\CortexM3\ARM_GCC_493\Debug\lcd_manager.o
 .debug_ranges  0x00000098       0x38 .\CortexM3\ARM_GCC_493\Debug\Cm3Start.o
 .debug_ranges  0x000000d0       0x48 .\CortexM3\ARM_GCC_493\Debug\Node-Rhinoceros.a(cyfitter_cfg.o)
 .debug_ranges  0x00000118      0x290 .\CortexM3\ARM_GCC_493\Debug\Node-Rhinoceros.a(CyLib.o)
 .debug_ranges  0x000003a8       0x88 .\CortexM3\ARM_GCC_493\Debug\Node-Rhinoceros.a(cyPm.o)
 .debug_ranges  0x00000430       0x88 .\CortexM3\ARM_GCC_493\Debug\Node-Rhinoceros.a(LCD.o)
 .debug_ranges  0x000004b8       0xb8 .\CortexM3\ARM_GCC_493\Debug\Node-Rhinoceros.a(CAN.o)
 .debug_ranges  0x00000570       0x18 .\CortexM3\ARM_GCC_493\Debug\Node-Rhinoceros.a(CAN_INT.o)
 .debug_ranges  0x00000588       0x20 .\CortexM3\ARM_GCC_493\Debug\Node-Rhinoceros.a(CAN_TX_RX_func.o)
 .debug_ranges  0x000005a8       0x70 .\CortexM3\ARM_GCC_493\Debug\Node-Rhinoceros.a(CyFlash.o)
 .debug_ranges  0x00000618       0x68 .\CortexM3\ARM_GCC_493\Debug\Node-Rhinoceros.a(CySpc.o)

.comment        0x00000000       0x70
 .comment       0x00000000       0x70 .\CortexM3\ARM_GCC_493\Debug\main.o
                                 0x71 (size before relaxing)
 .comment       0x00000000       0x71 .\CortexM3\ARM_GCC_493\Debug\can_manager.o
 .comment       0x00000000       0x71 .\CortexM3\ARM_GCC_493\Debug\lcd_manager.o
 .comment       0x00000000       0x71 .\CortexM3\ARM_GCC_493\Debug\cymetadata.o
 .comment       0x00000000       0x71 .\CortexM3\ARM_GCC_493\Debug\Cm3Start.o
 .comment       0x00000000       0x71 .\CortexM3\ARM_GCC_493\Debug\Node-Rhinoceros.a(cyfitter_cfg.o)
 .comment       0x00000000       0x71 .\CortexM3\ARM_GCC_493\Debug\Node-Rhinoceros.a(CyLib.o)
 .comment       0x00000000       0x71 .\CortexM3\ARM_GCC_493\Debug\Node-Rhinoceros.a(cyPm.o)
 .comment       0x00000000       0x71 .\CortexM3\ARM_GCC_493\Debug\Node-Rhinoceros.a(LCD.o)
 .comment       0x00000000       0x71 .\CortexM3\ARM_GCC_493\Debug\Node-Rhinoceros.a(CAN.o)
 .comment       0x00000000       0x71 .\CortexM3\ARM_GCC_493\Debug\Node-Rhinoceros.a(CAN_INT.o)
 .comment       0x00000000       0x71 .\CortexM3\ARM_GCC_493\Debug\Node-Rhinoceros.a(CAN_TX_RX_func.o)
 .comment       0x00000000       0x71 .\CortexM3\ARM_GCC_493\Debug\Node-Rhinoceros.a(CyFlash.o)
 .comment       0x00000000       0x71 .\CortexM3\ARM_GCC_493\Debug\Node-Rhinoceros.a(CySpc.o)

.debug_weaknames
 *(.debug_weaknames)

.debug_funcnames
 *(.debug_funcnames)

.debug_typenames
 *(.debug_typenames)

.debug_varnames
 *(.debug_varnames)

.note.gnu.arm.ident
 *(.note.gnu.arm.ident)

.ARM.attributes
                0x00000000       0x29
 *(.ARM.attributes)
 .ARM.attributes
                0x00000000       0x1d d:/programming/cypress/psoc creator/4.0/psoc creator/import/gnu/arm/4.9.3/bin/../lib/gcc/arm-none-eabi/4.9.3/armv7-m/crti.o
 .ARM.attributes
                0x0000001d       0x2d d:/programming/cypress/psoc creator/4.0/psoc creator/import/gnu/arm/4.9.3/bin/../lib/gcc/arm-none-eabi/4.9.3/armv7-m/crtbegin.o
 .ARM.attributes
                0x0000004a       0x1b d:/programming/cypress/psoc creator/4.0/psoc creator/import/gnu/arm/4.9.3/bin/../lib/gcc/arm-none-eabi/4.9.3/../../../../arm-none-eabi/lib/armv7-m/crt0.o
 .ARM.attributes
                0x00000065       0x33 .\CortexM3\ARM_GCC_493\Debug\main.o
 .ARM.attributes
                0x00000098       0x33 .\CortexM3\ARM_GCC_493\Debug\can_manager.o
 .ARM.attributes
                0x000000cb       0x33 .\CortexM3\ARM_GCC_493\Debug\lcd_manager.o
 .ARM.attributes
                0x000000fe       0x33 .\CortexM3\ARM_GCC_493\Debug\cymetadata.o
 .ARM.attributes
                0x00000131       0x33 .\CortexM3\ARM_GCC_493\Debug\Cm3Start.o
 .ARM.attributes
                0x00000164       0x33 .\CortexM3\ARM_GCC_493\Debug\Node-Rhinoceros.a(cyfitter_cfg.o)
 .ARM.attributes
                0x00000197       0x33 .\CortexM3\ARM_GCC_493\Debug\Node-Rhinoceros.a(CyLib.o)
 .ARM.attributes
                0x000001ca       0x33 .\CortexM3\ARM_GCC_493\Debug\Node-Rhinoceros.a(cyPm.o)
 .ARM.attributes
                0x000001fd       0x33 .\CortexM3\ARM_GCC_493\Debug\Node-Rhinoceros.a(LCD.o)
 .ARM.attributes
                0x00000230       0x33 .\CortexM3\ARM_GCC_493\Debug\Node-Rhinoceros.a(CAN.o)
 .ARM.attributes
                0x00000263       0x33 .\CortexM3\ARM_GCC_493\Debug\Node-Rhinoceros.a(CAN_INT.o)
 .ARM.attributes
                0x00000296       0x33 .\CortexM3\ARM_GCC_493\Debug\Node-Rhinoceros.a(CAN_TX_RX_func.o)
 .ARM.attributes
                0x000002c9       0x21 .\CortexM3\ARM_GCC_493\Debug\Node-Rhinoceros.a(CyBootAsmGnu.o)
 .ARM.attributes
                0x000002ea       0x33 .\CortexM3\ARM_GCC_493\Debug\Node-Rhinoceros.a(CyFlash.o)
 .ARM.attributes
                0x0000031d       0x33 .\CortexM3\ARM_GCC_493\Debug\Node-Rhinoceros.a(CySpc.o)
 .ARM.attributes
                0x00000350       0x2d d:/programming/cypress/psoc creator/4.0/psoc creator/import/gnu/arm/4.9.3/bin/../lib/gcc/arm-none-eabi/4.9.3/../../../../arm-none-eabi/lib/armv7-m\libg_nano.a(lib_a-errno.o)
 .ARM.attributes
                0x0000037d       0x2d d:/programming/cypress/psoc creator/4.0/psoc creator/import/gnu/arm/4.9.3/bin/../lib/gcc/arm-none-eabi/4.9.3/../../../../arm-none-eabi/lib/armv7-m\libg_nano.a(lib_a-exit.o)
 .ARM.attributes
                0x000003aa       0x2d d:/programming/cypress/psoc creator/4.0/psoc creator/import/gnu/arm/4.9.3/bin/../lib/gcc/arm-none-eabi/4.9.3/../../../../arm-none-eabi/lib/armv7-m\libg_nano.a(lib_a-impure.o)
 .ARM.attributes
                0x000003d7       0x2d d:/programming/cypress/psoc creator/4.0/psoc creator/import/gnu/arm/4.9.3/bin/../lib/gcc/arm-none-eabi/4.9.3/../../../../arm-none-eabi/lib/armv7-m\libg_nano.a(lib_a-init.o)
 .ARM.attributes
                0x00000404       0x2d d:/programming/cypress/psoc creator/4.0/psoc creator/import/gnu/arm/4.9.3/bin/../lib/gcc/arm-none-eabi/4.9.3/../../../../arm-none-eabi/lib/armv7-m\libg_nano.a(lib_a-memcpy.o)
 .ARM.attributes
                0x00000431       0x2d d:/programming/cypress/psoc creator/4.0/psoc creator/import/gnu/arm/4.9.3/bin/../lib/gcc/arm-none-eabi/4.9.3/../../../../arm-none-eabi/lib/armv7-m\libg_nano.a(lib_a-memset.o)
 .ARM.attributes
                0x0000045e       0x2d d:/programming/cypress/psoc creator/4.0/psoc creator/import/gnu/arm/4.9.3/bin/../lib/gcc/arm-none-eabi/4.9.3/../../../../arm-none-eabi/lib/armv7-m\libg_nano.a(lib_a-sprintf.o)
 .ARM.attributes
                0x0000048b       0x2d d:/programming/cypress/psoc creator/4.0/psoc creator/import/gnu/arm/4.9.3/bin/../lib/gcc/arm-none-eabi/4.9.3/../../../../arm-none-eabi/lib/armv7-m\libg_nano.a(lib_a-nano-svfprintf.o)
 .ARM.attributes
                0x000004b8       0x2d d:/programming/cypress/psoc creator/4.0/psoc creator/import/gnu/arm/4.9.3/bin/../lib/gcc/arm-none-eabi/4.9.3/../../../../arm-none-eabi/lib/armv7-m\libg_nano.a(lib_a-nano-vfprintf_i.o)
 .ARM.attributes
                0x000004e5       0x2d d:/programming/cypress/psoc creator/4.0/psoc creator/import/gnu/arm/4.9.3/bin/../lib/gcc/arm-none-eabi/4.9.3/../../../../arm-none-eabi/lib/armv7-m\libg_nano.a(lib_a-memchr.o)
 .ARM.attributes
                0x00000512       0x2d d:/programming/cypress/psoc creator/4.0/psoc creator/import/gnu/arm/4.9.3/bin/../lib/gcc/arm-none-eabi/4.9.3/../../../../arm-none-eabi/lib/armv7-m\libg_nano.a(lib_a-memmove.o)
 .ARM.attributes
                0x0000053f       0x2d d:/programming/cypress/psoc creator/4.0/psoc creator/import/gnu/arm/4.9.3/bin/../lib/gcc/arm-none-eabi/4.9.3/../../../../arm-none-eabi/lib/armv7-m\libg_nano.a(lib_a-nano-freer.o)
 .ARM.attributes
                0x0000056c       0x2d d:/programming/cypress/psoc creator/4.0/psoc creator/import/gnu/arm/4.9.3/bin/../lib/gcc/arm-none-eabi/4.9.3/../../../../arm-none-eabi/lib/armv7-m\libg_nano.a(lib_a-nano-mallocr.o)
 .ARM.attributes
                0x00000599       0x2d d:/programming/cypress/psoc creator/4.0/psoc creator/import/gnu/arm/4.9.3/bin/../lib/gcc/arm-none-eabi/4.9.3/../../../../arm-none-eabi/lib/armv7-m\libg_nano.a(lib_a-nano-reallocr.o)
 .ARM.attributes
                0x000005c6       0x2d d:/programming/cypress/psoc creator/4.0/psoc creator/import/gnu/arm/4.9.3/bin/../lib/gcc/arm-none-eabi/4.9.3/../../../../arm-none-eabi/lib/armv7-m\libg_nano.a(lib_a-sbrkr.o)
 .ARM.attributes
                0x000005f3       0x2d d:/programming/cypress/psoc creator/4.0/psoc creator/import/gnu/arm/4.9.3/bin/../lib/gcc/arm-none-eabi/4.9.3/../../../../arm-none-eabi/lib/armv7-m\libg_nano.a(lib_a-nano-msizer.o)
 .ARM.attributes
                0x00000620       0x2d d:/programming/cypress/psoc creator/4.0/psoc creator/import/gnu/arm/4.9.3/bin/../lib/gcc/arm-none-eabi/4.9.3/../../../../arm-none-eabi/lib/armv7-m\libg_nano.a(lib_a-reent.o)
 .ARM.attributes
                0x0000064d       0x2d d:/programming/cypress/psoc creator/4.0/psoc creator/import/gnu/arm/4.9.3/bin/../lib/gcc/arm-none-eabi/4.9.3/armv7-m/crtend.o
 .ARM.attributes
                0x0000067a       0x1d d:/programming/cypress/psoc creator/4.0/psoc creator/import/gnu/arm/4.9.3/bin/../lib/gcc/arm-none-eabi/4.9.3/armv7-m/crtn.o

/DISCARD/
 *(.note.GNU-stack)
OUTPUT(.\CortexM3\ARM_GCC_493\Debug\Node-Rhinoceros.elf elf32-littlearm)
